Archive member included to satisfy reference by file (symbol)

/home/szy/gcc-arm-none-eabi-7-2017-q4-major/bin/../lib/gcc/arm-none-eabi/7.2.1/../../../../arm-none-eabi/lib/thumb/v7e-m/fpv4-sp/hard/libstdc++.a(class_type_info.o)
                              CMakeFiles/Joint_Clion.elf.dir/Algorithms/PID/pid.cpp.obj (vtable for __cxxabiv1::__class_type_info)
/home/szy/gcc-arm-none-eabi-7-2017-q4-major/bin/../lib/gcc/arm-none-eabi/7.2.1/../../../../arm-none-eabi/lib/thumb/v7e-m/fpv4-sp/hard/libstdc++.a(del_ops.o)
                              /home/szy/gcc-arm-none-eabi-7-2017-q4-major/bin/../lib/gcc/arm-none-eabi/7.2.1/../../../../arm-none-eabi/lib/thumb/v7e-m/fpv4-sp/hard/libstdc++.a(class_type_info.o) (operator delete(void*, unsigned int))
/home/szy/gcc-arm-none-eabi-7-2017-q4-major/bin/../lib/gcc/arm-none-eabi/7.2.1/../../../../arm-none-eabi/lib/thumb/v7e-m/fpv4-sp/hard/libstdc++.a(si_class_type_info.o)
                              /home/szy/gcc-arm-none-eabi-7-2017-q4-major/bin/../lib/gcc/arm-none-eabi/7.2.1/../../../../arm-none-eabi/lib/thumb/v7e-m/fpv4-sp/hard/libstdc++.a(class_type_info.o) (vtable for __cxxabiv1::__si_class_type_info)
/home/szy/gcc-arm-none-eabi-7-2017-q4-major/bin/../lib/gcc/arm-none-eabi/7.2.1/../../../../arm-none-eabi/lib/thumb/v7e-m/fpv4-sp/hard/libstdc++.a(tinfo.o)
                              /home/szy/gcc-arm-none-eabi-7-2017-q4-major/bin/../lib/gcc/arm-none-eabi/7.2.1/../../../../arm-none-eabi/lib/thumb/v7e-m/fpv4-sp/hard/libstdc++.a(class_type_info.o) (std::type_info::~type_info())
/home/szy/gcc-arm-none-eabi-7-2017-q4-major/bin/../lib/gcc/arm-none-eabi/7.2.1/../../../../arm-none-eabi/lib/thumb/v7e-m/fpv4-sp/hard/libstdc++.a(del_op.o)
                              /home/szy/gcc-arm-none-eabi-7-2017-q4-major/bin/../lib/gcc/arm-none-eabi/7.2.1/../../../../arm-none-eabi/lib/thumb/v7e-m/fpv4-sp/hard/libstdc++.a(del_ops.o) (operator delete(void*))
/home/szy/gcc-arm-none-eabi-7-2017-q4-major/bin/../lib/gcc/arm-none-eabi/7.2.1/thumb/v7e-m/fpv4-sp/hard/libgcc.a(_arm_addsubdf3.o)
                              CMakeFiles/Joint_Clion.elf.dir/Algorithms/PID/pid.cpp.obj (__aeabi_dadd)
/home/szy/gcc-arm-none-eabi-7-2017-q4-major/bin/../lib/gcc/arm-none-eabi/7.2.1/thumb/v7e-m/fpv4-sp/hard/libgcc.a(_arm_muldivdf3.o)
                              CMakeFiles/Joint_Clion.elf.dir/Algorithms/PID/pid.cpp.obj (__aeabi_dmul)
/home/szy/gcc-arm-none-eabi-7-2017-q4-major/bin/../lib/gcc/arm-none-eabi/7.2.1/thumb/v7e-m/fpv4-sp/hard/libgcc.a(_arm_cmpdf2.o)
                              CMakeFiles/Joint_Clion.elf.dir/Algorithms/PID/pid.cpp.obj (__aeabi_dcmplt)
/home/szy/gcc-arm-none-eabi-7-2017-q4-major/bin/../lib/gcc/arm-none-eabi/7.2.1/thumb/v7e-m/fpv4-sp/hard/libgcc.a(_arm_truncdfsf2.o)
                              CMakeFiles/Joint_Clion.elf.dir/Algorithms/PID/pid.cpp.obj (__aeabi_d2f)
/home/szy/gcc-arm-none-eabi-7-2017-q4-major/bin/../lib/gcc/arm-none-eabi/7.2.1/thumb/v7e-m/fpv4-sp/hard/libgcc.a(_aeabi_uldivmod.o)
                              CMakeFiles/Joint_Clion.elf.dir/Drivers/STM32F4xx_HAL_Driver/Src/stm32f4xx_hal_rcc.c.obj (__aeabi_uldivmod)
/home/szy/gcc-arm-none-eabi-7-2017-q4-major/bin/../lib/gcc/arm-none-eabi/7.2.1/thumb/v7e-m/fpv4-sp/hard/libgcc.a(_udivmoddi4.o)
                              /home/szy/gcc-arm-none-eabi-7-2017-q4-major/bin/../lib/gcc/arm-none-eabi/7.2.1/thumb/v7e-m/fpv4-sp/hard/libgcc.a(_aeabi_uldivmod.o) (__udivmoddi4)
/home/szy/gcc-arm-none-eabi-7-2017-q4-major/bin/../lib/gcc/arm-none-eabi/7.2.1/thumb/v7e-m/fpv4-sp/hard/libgcc.a(unwind-arm.o)
                              /home/szy/gcc-arm-none-eabi-7-2017-q4-major/bin/../lib/gcc/arm-none-eabi/7.2.1/../../../../arm-none-eabi/lib/thumb/v7e-m/fpv4-sp/hard/libstdc++.a(class_type_info.o) (__aeabi_unwind_cpp_pr0)
/home/szy/gcc-arm-none-eabi-7-2017-q4-major/bin/../lib/gcc/arm-none-eabi/7.2.1/thumb/v7e-m/fpv4-sp/hard/libgcc.a(libunwind.o)
                              /home/szy/gcc-arm-none-eabi-7-2017-q4-major/bin/../lib/gcc/arm-none-eabi/7.2.1/thumb/v7e-m/fpv4-sp/hard/libgcc.a(unwind-arm.o) (restore_core_regs)
/home/szy/gcc-arm-none-eabi-7-2017-q4-major/bin/../lib/gcc/arm-none-eabi/7.2.1/thumb/v7e-m/fpv4-sp/hard/libgcc.a(pr-support.o)
                              /home/szy/gcc-arm-none-eabi-7-2017-q4-major/bin/../lib/gcc/arm-none-eabi/7.2.1/thumb/v7e-m/fpv4-sp/hard/libgcc.a(unwind-arm.o) (__gnu_unwind_execute)
/home/szy/gcc-arm-none-eabi-7-2017-q4-major/bin/../lib/gcc/arm-none-eabi/7.2.1/thumb/v7e-m/fpv4-sp/hard/libgcc.a(_dvmd_tls.o)
                              /home/szy/gcc-arm-none-eabi-7-2017-q4-major/bin/../lib/gcc/arm-none-eabi/7.2.1/thumb/v7e-m/fpv4-sp/hard/libgcc.a(_aeabi_uldivmod.o) (__aeabi_ldiv0)
/home/szy/gcc-arm-none-eabi-7-2017-q4-major/bin/../lib/gcc/arm-none-eabi/7.2.1/../../../../arm-none-eabi/lib/thumb/v7e-m/fpv4-sp/hard/libg.a(lib_a-abort.o)
                              /home/szy/gcc-arm-none-eabi-7-2017-q4-major/bin/../lib/gcc/arm-none-eabi/7.2.1/thumb/v7e-m/fpv4-sp/hard/libgcc.a(unwind-arm.o) (abort)
[...]
Memory Configuration

Name             Origin             Length             Attributes
CCMRAM           0x0000000010000000 0x0000000000010000 xrw
RAM              0x0000000020000000 0x0000000000020000 xrw
FLASH            0x0000000008000000 0x0000000000100000 xr
*default*        0x0000000000000000 0xffffffffffffffff

Linker script and memory map

LOAD /home/szy/gcc-arm-none-eabi-7-2017-q4-major/bin/../lib/gcc/arm-none-eabi/7.2.1/thumb/v7e-m/fpv4-sp/hard/crti.o
LOAD /home/szy/gcc-arm-none-eabi-7-2017-q4-major/bin/../lib/gcc/arm-none-eabi/7.2.1/thumb/v7e-m/fpv4-sp/hard/crtbegin.o
LOAD /home/szy/gcc-arm-none-eabi-7-2017-q4-major/bin/../lib/gcc/arm-none-eabi/7.2.1/../../../../arm-none-eabi/lib/thumb/v7e-m/fpv4-sp/hard/crt0.o
LOAD CMakeFiles/Joint_Clion.elf.dir/Algorithms/PID/pid.cpp.obj
LOAD CMakeFiles/Joint_Clion.elf.dir/Applications/Joint_Task.cpp.obj
LOAD CMakeFiles/Joint_Clion.elf.dir/Core/Src/dma.c.obj
LOAD CMakeFiles/Joint_Clion.elf.dir/Core/Src/freertos.c.obj
LOAD CMakeFiles/Joint_Clion.elf.dir/Core/Src/gpio.c.obj
LOAD CMakeFiles/Joint_Clion.elf.dir/Core/Src/main.c.obj
LOAD CMakeFiles/Joint_Clion.elf.dir/Core/Src/stm32f4xx_hal_msp.c.obj
LOAD CMakeFiles/Joint_Clion.elf.dir/Core/Src/stm32f4xx_hal_timebase_tim.c.obj
LOAD CMakeFiles/Joint_Clion.elf.dir/Core/Src/stm32f4xx_it.c.obj
LOAD CMakeFiles/Joint_Clion.elf.dir/Core/Src/syscalls.c.obj
LOAD CMakeFiles/Joint_Clion.elf.dir/Core/Src/sysmem.c.obj
LOAD CMakeFiles/Joint_Clion.elf.dir/Core/Src/system_stm32f4xx.c.obj
LOAD CMakeFiles/Joint_Clion.elf.dir/Core/Src/tim.c.obj
LOAD CMakeFiles/Joint_Clion.elf.dir/Core/Src/usart.c.obj
LOAD CMakeFiles/Joint_Clion.elf.dir/Core/Startup/startup_stm32f407ighx.s.obj
LOAD CMakeFiles/Joint_Clion.elf.dir/Drivers/STM32F4xx_HAL_Driver/Src/stm32f4xx_hal.c.obj
LOAD CMakeFiles/Joint_Clion.elf.dir/Drivers/STM32F4xx_HAL_Driver/Src/stm32f4xx_hal_cortex.c.obj
LOAD CMakeFiles/Joint_Clion.elf.dir/Drivers/STM32F4xx_HAL_Driver/Src/stm32f4xx_hal_dma.c.obj
LOAD CMakeFiles/Joint_Clion.elf.dir/Drivers/STM32F4xx_HAL_Driver/Src/stm32f4xx_hal_dma_ex.c.obj
LOAD CMakeFiles/Joint_Clion.elf.dir/Drivers/STM32F4xx_HAL_Driver/Src/stm32f4xx_hal_exti.c.obj
LOAD CMakeFiles/Joint_Clion.elf.dir/Drivers/STM32F4xx_HAL_Driver/Src/stm32f4xx_hal_flash.c.obj
LOAD CMakeFiles/Joint_Clion.elf.dir/Drivers/STM32F4xx_HAL_Driver/Src/stm32f4xx_hal_flash_ex.c.obj
LOAD CMakeFiles/Joint_Clion.elf.dir/Drivers/STM32F4xx_HAL_Driver/Src/stm32f4xx_hal_flash_ramfunc.c.obj
LOAD CMakeFiles/Joint_Clion.elf.dir/Drivers/STM32F4xx_HAL_Driver/Src/stm32f4xx_hal_gpio.c.obj
LOAD CMakeFiles/Joint_Clion.elf.dir/Drivers/STM32F4xx_HAL_Driver/Src/stm32f4xx_hal_pwr.c.obj
LOAD CMakeFiles/Joint_Clion.elf.dir/Drivers/STM32F4xx_HAL_Driver/Src/stm32f4xx_hal_pwr_ex.c.obj
LOAD CMakeFiles/Joint_Clion.elf.dir/Drivers/STM32F4xx_HAL_Driver/Src/stm32f4xx_hal_rcc.c.obj
LOAD CMakeFiles/Joint_Clion.elf.dir/Drivers/STM32F4xx_HAL_Driver/Src/stm32f4xx_hal_rcc_ex.c.obj
LOAD CMakeFiles/Joint_Clion.elf.dir/Drivers/STM32F4xx_HAL_Driver/Src/stm32f4xx_hal_tim.c.obj
LOAD CMakeFiles/Joint_Clion.elf.dir/Drivers/STM32F4xx_HAL_Driver/Src/stm32f4xx_hal_tim_ex.c.obj
LOAD CMakeFiles/Joint_Clion.elf.dir/Drivers/STM32F4xx_HAL_Driver/Src/stm32f4xx_hal_uart.c.obj
LOAD CMakeFiles/Joint_Clion.elf.dir/Middlewares/Third_Party/FreeRTOS/Source/CMSIS_RTOS/cmsis_os.c.obj
LOAD CMakeFiles/Joint_Clion.elf.dir/Middlewares/Third_Party/FreeRTOS/Source/croutine.c.obj
LOAD CMakeFiles/Joint_Clion.elf.dir/Middlewares/Third_Party/FreeRTOS/Source/event_groups.c.obj
LOAD CMakeFiles/Joint_Clion.elf.dir/Middlewares/Third_Party/FreeRTOS/Source/list.c.obj
LOAD CMakeFiles/Joint_Clion.elf.dir/Middlewares/Third_Party/FreeRTOS/Source/portable/GCC/ARM_CM4F/port.c.obj
LOAD CMakeFiles/Joint_Clion.elf.dir/Middlewares/Third_Party/FreeRTOS/Source/portable/MemMang/heap_4.c.obj
LOAD CMakeFiles/Joint_Clion.elf.dir/Middlewares/Third_Party/FreeRTOS/Source/queue.c.obj
LOAD CMakeFiles/Joint_Clion.elf.dir/Middlewares/Third_Party/FreeRTOS/Source/stream_buffer.c.obj
LOAD CMakeFiles/Joint_Clion.elf.dir/Middlewares/Third_Party/FreeRTOS/Source/tasks.c.obj
LOAD CMakeFiles/Joint_Clion.elf.dir/Middlewares/Third_Party/FreeRTOS/Source/timers.c.obj
LOAD CMakeFiles/Joint_Clion.elf.dir/bsp/delay.c.obj
LOAD CMakeFiles/Joint_Clion.elf.dir/bsp/myiic.c.obj
LOAD CMakeFiles/Joint_Clion.elf.dir/component/PCA9685/PCA9685_driver.c.obj
LOAD /home/szy/gcc-arm-none-eabi-7-2017-q4-major/bin/../lib/gcc/arm-none-eabi/7.2.1/../../../../arm-none-eabi/lib/thumb/v7e-m/fpv4-sp/hard/libstdc++.a
LOAD /home/szy/gcc-arm-none-eabi-7-2017-q4-major/bin/../lib/gcc/arm-none-eabi/7.2.1/../../../../arm-none-eabi/lib/thumb/v7e-m/fpv4-sp/hard/libm.a
START GROUP
LOAD /home/szy/gcc-arm-none-eabi-7-2017-q4-major/bin/../lib/gcc/arm-none-eabi/7.2.1/thumb/v7e-m/fpv4-sp/hard/libgcc.a
LOAD /home/szy/gcc-arm-none-eabi-7-2017-q4-major/bin/../lib/gcc/arm-none-eabi/7.2.1/../../../../arm-none-eabi/lib/thumb/v7e-m/fpv4-sp/hard/libg.a
LOAD /home/szy/gcc-arm-none-eabi-7-2017-q4-major/bin/../lib/gcc/arm-none-eabi/7.2.1/../../../../arm-none-eabi/lib/thumb/v7e-m/fpv4-sp/hard/libc.a
END GROUP
LOAD /home/szy/gcc-arm-none-eabi-7-2017-q4-major/bin/../lib/gcc/arm-none-eabi/7.2.1/thumb/v7e-m/fpv4-sp/hard/crtend.o
LOAD /home/szy/gcc-arm-none-eabi-7-2017-q4-major/bin/../lib/gcc/arm-none-eabi/7.2.1/thumb/v7e-m/fpv4-sp/hard/crtn.o
                0x0000000020020000                _estack = (ORIGIN (RAM) + LENGTH (RAM))
                0x0000000000000200                _Min_Heap_Size = 0x200
                0x0000000000000400                _Min_Stack_Size = 0x400

.isr_vector     0x0000000008000000      0x188
                0x0000000008000000                . = ALIGN (0x4)
 *(.isr_vector)
 .isr_vector    0x0000000008000000      0x188 CMakeFiles/Joint_Clion.elf.dir/Core/Startup/startup_stm32f407ighx.s.obj
                0x0000000008000000                g_pfnVectors
                0x0000000008000188                . = ALIGN (0x4)

.text           0x0000000008000190     0x544c
                0x0000000008000190                . = ALIGN (0x4)
 *(.text)
 .text          0x0000000008000190       0x40 /home/szy/gcc-arm-none-eabi-7-2017-q4-major/bin/../lib/gcc/arm-none-eabi/7.2.1/thumb/v7e-m/fpv4-sp/hard/crtbegin.o
 .text          0x00000000080001d0       0x30 /home/szy/gcc-arm-none-eabi-7-2017-q4-major/bin/../lib/gcc/arm-none-eabi/7.2.1/thumb/v7e-m/fpv4-sp/hard/libgcc.a(_aeabi_uldivmod.o)
                0x00000000080001d0                __aeabi_uldivmod
 .text          0x0000000008000200      0x2cc /home/szy/gcc-arm-none-eabi-7-2017-q4-major/bin/../lib/gcc/arm-none-eabi/7.2.1/thumb/v7e-m/fpv4-sp/hard/libgcc.a(_udivmoddi4.o)
                0x0000000008000200                __udivmoddi4
 .text          0x00000000080004cc      0x9ec /home/szy/gcc-arm-none-eabi-7-2017-q4-major/bin/../lib/gcc/arm-none-eabi/7.2.1/thumb/v7e-m/fpv4-sp/hard/libgcc.a(unwind-arm.o)
                0x0000000008000780                _Unwind_GetCFA
                0x0000000008000784                __gnu_Unwind_RaiseException
                0x00000000080007e4                __gnu_Unwind_ForcedUnwind
                0x00000000080007f8                __gnu_Unwind_Resume
                0x000000000800083c                __gnu_Unwind_Resume_or_Rethrow
                0x000000000800084c                _Unwind_Complete
                0x0000000008000850                _Unwind_DeleteException
                0x000000000800085c                _Unwind_VRS_Get
                0x00000000080008a0                _Unwind_VRS_Set
                0x00000000080008e8                __gnu_Unwind_Backtrace
                0x0000000008000c2c                __aeabi_unwind_cpp_pr0
                0x0000000008000c30                __aeabi_unwind_cpp_pr1
                0x0000000008000c34                __aeabi_unwind_cpp_pr2
                0x0000000008000c38                _Unwind_VRS_Pop
 .text          0x0000000008000eb8      0x1ac /home/szy/gcc-arm-none-eabi-7-2017-q4-major/bin/../lib/gcc/arm-none-eabi/7.2.1/thumb/v7e-m/fpv4-sp/hard/libgcc.a(libunwind.o)
                0x0000000008000eb8                __restore_core_regs
                0x0000000008000eb8                restore_core_regs
                0x0000000008000ed0                __gnu_Unwind_Restore_VFP
                0x0000000008000ed8                __gnu_Unwind_Save_VFP
                0x0000000008000ee0                __gnu_Unwind_Restore_VFP_D
                0x0000000008000ee8                __gnu_Unwind_Save_VFP_D
                0x0000000008000ef0                __gnu_Unwind_Restore_VFP_D_16_to_31
                0x0000000008000ef8                __gnu_Unwind_Save_VFP_D_16_to_31
                0x0000000008000f00                __gnu_Unwind_Restore_WMMXD
                0x0000000008000f44                __gnu_Unwind_Save_WMMXD
                0x0000000008000f88                __gnu_Unwind_Restore_WMMXC
                0x0000000008000f9c                __gnu_Unwind_Save_WMMXC
                0x0000000008000fb0                ___Unwind_RaiseException
                0x0000000008000fb0                _Unwind_RaiseException
                0x0000000008000fd4                ___Unwind_Resume
                0x0000000008000fd4                _Unwind_Resume
                0x0000000008000ff8                _Unwind_Resume_or_Rethrow
                0x0000000008000ff8                ___Unwind_Resume_or_Rethrow
                0x000000000800101c                ___Unwind_ForcedUnwind
                0x000000000800101c                _Unwind_ForcedUnwind
                0x0000000008001040                _Unwind_Backtrace
                0x0000000008001040                ___Unwind_Backtrace
 .text          0x0000000008001064      0x374 /home/szy/gcc-arm-none-eabi-7-2017-q4-major/bin/../lib/gcc/arm-none-eabi/7.2.1/thumb/v7e-m/fpv4-sp/hard/libgcc.a(pr-support.o)
                0x00000000080010bc                __gnu_unwind_execute
                0x0000000008001380                __gnu_unwind_frame
                0x00000000080013a8                _Unwind_GetRegionStart
                0x00000000080013b4                _Unwind_GetLanguageSpecificData
                0x00000000080013c8                _Unwind_GetDataRelBase
                0x00000000080013d0                _Unwind_GetTextRelBase
 .text          0x00000000080013d8        0x4 /home/szy/gcc-arm-none-eabi-7-2017-q4-major/bin/../lib/gcc/arm-none-eabi/7.2.1/thumb/v7e-m/fpv4-sp/hard/libgcc.a(_dvmd_tls.o)
                0x00000000080013d8                __aeabi_ldiv0
                0x00000000080013d8                __aeabi_idiv0
 .text          0x00000000080013dc      0x134 /home/szy/gcc-arm-none-eabi-7-2017-q4-major/bin/../lib/gcc/arm-none-eabi/7.2.1/../../../../arm-none-eabi/lib/thumb/v7e-m/fpv4-sp/hard/libg.a(lib_a-memcpy.o)
                0x00000000080013dc                memcpy
 *(.text*)
 .text.Joint_Task
                0x0000000008001510       0x24 CMakeFiles/Joint_Clion.elf.dir/Applications/Joint_Task.cpp.obj
                0x0000000008001510                Joint_Task
 .text.MX_DMA_Init
                0x0000000008001534       0x44 CMakeFiles/Joint_Clion.elf.dir/Core/Src/dma.c.obj
                0x0000000008001534                MX_DMA_Init
 .text.StartDefaultTask
                0x0000000008001578        0xa CMakeFiles/Joint_Clion.elf.dir/Core/Src/freertos.c.obj
                0x0000000008001578                StartDefaultTask
 *fill*         0x0000000008001582        0x2 
 .text.vApplicationGetIdleTaskMemory
                0x0000000008001584       0x18 CMakeFiles/Joint_Clion.elf.dir/Core/Src/freertos.c.obj
                0x0000000008001584                vApplicationGetIdleTaskMemory
 .text.MX_FREERTOS_Init
                0x000000000800159c       0x50 CMakeFiles/Joint_Clion.elf.dir/Core/Src/freertos.c.obj
                0x000000000800159c                MX_FREERTOS_Init
 .text.MX_GPIO_Init
                0x00000000080015ec       0x94 CMakeFiles/Joint_Clion.elf.dir/Core/Src/gpio.c.obj
                0x00000000080015ec                MX_GPIO_Init
 .text.HAL_TIM_PeriodElapsedCallback
                0x0000000008001680       0x18 CMakeFiles/Joint_Clion.elf.dir/Core/Src/main.c.obj
                0x0000000008001680                HAL_TIM_PeriodElapsedCallback
 .text.Error_Handler
                0x0000000008001698        0x4 CMakeFiles/Joint_Clion.elf.dir/Core/Src/main.c.obj
                0x0000000008001698                Error_Handler
 .text.SystemClock_Config
                0x000000000800169c       0xa8 CMakeFiles/Joint_Clion.elf.dir/Core/Src/main.c.obj
                0x000000000800169c                SystemClock_Config
 .text.main     0x0000000008001744       0x24 CMakeFiles/Joint_Clion.elf.dir/Core/Src/main.c.obj
                0x0000000008001744                main
 .text.HAL_MspInit
                0x0000000008001768       0x44 CMakeFiles/Joint_Clion.elf.dir/Core/Src/stm32f4xx_hal_msp.c.obj
                0x0000000008001768                HAL_MspInit
 .text.HAL_InitTick
                0x00000000080017ac       0x7c CMakeFiles/Joint_Clion.elf.dir/Core/Src/stm32f4xx_hal_timebase_tim.c.obj
                0x00000000080017ac                HAL_InitTick
 .text.NMI_Handler
                0x0000000008001828        0x2 CMakeFiles/Joint_Clion.elf.dir/Core/Src/stm32f4xx_it.c.obj
                0x0000000008001828                NMI_Handler
 .text.HardFault_Handler
                0x000000000800182a        0x2 CMakeFiles/Joint_Clion.elf.dir/Core/Src/stm32f4xx_it.c.obj
                0x000000000800182a                HardFault_Handler
 .text.MemManage_Handler
                0x000000000800182c        0x2 CMakeFiles/Joint_Clion.elf.dir/Core/Src/stm32f4xx_it.c.obj
                0x000000000800182c                MemManage_Handler
 .text.BusFault_Handler
                0x000000000800182e        0x2 CMakeFiles/Joint_Clion.elf.dir/Core/Src/stm32f4xx_it.c.obj
                0x000000000800182e                BusFault_Handler
 .text.UsageFault_Handler
                0x0000000008001830        0x2 CMakeFiles/Joint_Clion.elf.dir/Core/Src/stm32f4xx_it.c.obj
                0x0000000008001830                UsageFault_Handler
 .text.DebugMon_Handler
                0x0000000008001832        0x2 CMakeFiles/Joint_Clion.elf.dir/Core/Src/stm32f4xx_it.c.obj
                0x0000000008001832                DebugMon_Handler
 .text.TIM1_BRK_TIM9_IRQHandler
                0x0000000008001834       0x18 CMakeFiles/Joint_Clion.elf.dir/Core/Src/stm32f4xx_it.c.obj
                0x0000000008001834                TIM1_BRK_TIM9_IRQHandler
 .text.USART1_IRQHandler
                0x000000000800184c       0x10 CMakeFiles/Joint_Clion.elf.dir/Core/Src/stm32f4xx_it.c.obj
                0x000000000800184c                USART1_IRQHandler
 .text.DMA2_Stream2_IRQHandler
                0x000000000800185c       0x10 CMakeFiles/Joint_Clion.elf.dir/Core/Src/stm32f4xx_it.c.obj
                0x000000000800185c                DMA2_Stream2_IRQHandler
 .text.DMA2_Stream7_IRQHandler
                0x000000000800186c       0x10 CMakeFiles/Joint_Clion.elf.dir/Core/Src/stm32f4xx_it.c.obj
                0x000000000800186c                DMA2_Stream7_IRQHandler
 .text._getpid  0x000000000800187c        0x4 CMakeFiles/Joint_Clion.elf.dir/Core/Src/syscalls.c.obj
                0x000000000800187c                _getpid
 .text._kill    0x0000000008001880       0x10 CMakeFiles/Joint_Clion.elf.dir/Core/Src/syscalls.c.obj
                0x0000000008001880                _kill
 .text._exit    0x0000000008001890        0xc CMakeFiles/Joint_Clion.elf.dir/Core/Src/syscalls.c.obj
                0x0000000008001890                _exit
 .text._sbrk    0x000000000800189c       0x48 CMakeFiles/Joint_Clion.elf.dir/Core/Src/sysmem.c.obj
                0x000000000800189c                _sbrk
 .text.SystemInit
                0x00000000080018e4       0x14 CMakeFiles/Joint_Clion.elf.dir/Core/Src/system_stm32f4xx.c.obj
                0x00000000080018e4                SystemInit
 .text.HAL_TIM_Base_MspInit
                0x00000000080018f8       0x40 CMakeFiles/Joint_Clion.elf.dir/Core/Src/tim.c.obj
                0x00000000080018f8                HAL_TIM_Base_MspInit
 .text.HAL_TIM_MspPostInit
                0x0000000008001938       0x5c CMakeFiles/Joint_Clion.elf.dir/Core/Src/tim.c.obj
                0x0000000008001938                HAL_TIM_MspPostInit
 .text.MX_TIM1_Init
                0x0000000008001994       0xf0 CMakeFiles/Joint_Clion.elf.dir/Core/Src/tim.c.obj
                0x0000000008001994                MX_TIM1_Init
 .text.MX_USART1_UART_Init
                0x0000000008001a84       0x34 CMakeFiles/Joint_Clion.elf.dir/Core/Src/usart.c.obj
                0x0000000008001a84                MX_USART1_UART_Init
 .text.HAL_UART_MspInit
                0x0000000008001ab8      0x134 CMakeFiles/Joint_Clion.elf.dir/Core/Src/usart.c.obj
                0x0000000008001ab8                HAL_UART_MspInit
 .text.Reset_Handler
                0x0000000008001bec       0x50 CMakeFiles/Joint_Clion.elf.dir/Core/Startup/startup_stm32f407ighx.s.obj
                0x0000000008001bec                Reset_Handler
 .text.Default_Handler
                0x0000000008001c3c        0x2 CMakeFiles/Joint_Clion.elf.dir/Core/Startup/startup_stm32f407ighx.s.obj
                0x0000000008001c3c                RTC_Alarm_IRQHandler
                0x0000000008001c3c                HASH_RNG_IRQHandler
                0x0000000008001c3c                EXTI2_IRQHandler
                0x0000000008001c3c                TIM8_CC_IRQHandler
                0x0000000008001c3c                TIM1_CC_IRQHandler
                0x0000000008001c3c                DMA2_Stream5_IRQHandler
                0x0000000008001c3c                DMA1_Stream5_IRQHandler
                0x0000000008001c3c                PVD_IRQHandler
                0x0000000008001c3c                SDIO_IRQHandler
                0x0000000008001c3c                TAMP_STAMP_IRQHandler
                0x0000000008001c3c                CAN2_RX1_IRQHandler
                0x0000000008001c3c                EXTI3_IRQHandler
                0x0000000008001c3c                TIM8_TRG_COM_TIM14_IRQHandler
                0x0000000008001c3c                TIM1_UP_TIM10_IRQHandler
                0x0000000008001c3c                TIM8_UP_TIM13_IRQHandler
                0x0000000008001c3c                I2C3_ER_IRQHandler
                0x0000000008001c3c                EXTI0_IRQHandler
                0x0000000008001c3c                I2C2_EV_IRQHandler
                0x0000000008001c3c                DMA1_Stream2_IRQHandler
                0x0000000008001c3c                CAN1_RX0_IRQHandler
                0x0000000008001c3c                FPU_IRQHandler
                0x0000000008001c3c                OTG_HS_WKUP_IRQHandler
                0x0000000008001c3c                CAN2_SCE_IRQHandler
                0x0000000008001c3c                SPI1_IRQHandler
                0x0000000008001c3c                TIM6_DAC_IRQHandler
                0x0000000008001c3c                DCMI_IRQHandler
                0x0000000008001c3c                CAN2_RX0_IRQHandler
                0x0000000008001c3c                DMA2_Stream3_IRQHandler
                0x0000000008001c3c                USART6_IRQHandler
                0x0000000008001c3c                USART3_IRQHandler
                0x0000000008001c3c                CAN1_RX1_IRQHandler
                0x0000000008001c3c                UART5_IRQHandler
                0x0000000008001c3c                DMA2_Stream0_IRQHandler
                0x0000000008001c3c                TIM4_IRQHandler
                0x0000000008001c3c                I2C1_EV_IRQHandler
                0x0000000008001c3c                DMA1_Stream6_IRQHandler
                0x0000000008001c3c                DMA1_Stream1_IRQHandler
                0x0000000008001c3c                UART4_IRQHandler
                0x0000000008001c3c                TIM3_IRQHandler
                0x0000000008001c3c                RCC_IRQHandler
                0x0000000008001c3c                TIM8_BRK_TIM12_IRQHandler
                0x0000000008001c3c                Default_Handler
                0x0000000008001c3c                EXTI15_10_IRQHandler
                0x0000000008001c3c                ADC_IRQHandler
                0x0000000008001c3c                DMA1_Stream7_IRQHandler
                0x0000000008001c3c                TIM7_IRQHandler
                0x0000000008001c3c                CAN2_TX_IRQHandler
                0x0000000008001c3c                TIM5_IRQHandler
                0x0000000008001c3c                I2C3_EV_IRQHandler
                0x0000000008001c3c                EXTI9_5_IRQHandler
                0x0000000008001c3c                RTC_WKUP_IRQHandler
                0x0000000008001c3c                ETH_WKUP_IRQHandler
                0x0000000008001c3c                SPI2_IRQHandler
                0x0000000008001c3c                OTG_HS_EP1_IN_IRQHandler
                0x0000000008001c3c                DMA1_Stream0_IRQHandler
                0x0000000008001c3c                CAN1_TX_IRQHandler
                0x0000000008001c3c                EXTI4_IRQHandler
                0x0000000008001c3c                FSMC_IRQHandler
                0x0000000008001c3c                ETH_IRQHandler
                0x0000000008001c3c                OTG_HS_EP1_OUT_IRQHandler
                0x0000000008001c3c                WWDG_IRQHandler
                0x0000000008001c3c                TIM2_IRQHandler
                0x0000000008001c3c                OTG_FS_WKUP_IRQHandler
                0x0000000008001c3c                TIM1_TRG_COM_TIM11_IRQHandler
                0x0000000008001c3c                OTG_HS_IRQHandler
                0x0000000008001c3c                EXTI1_IRQHandler
                0x0000000008001c3c                USART2_IRQHandler
                0x0000000008001c3c                I2C2_ER_IRQHandler
                0x0000000008001c3c                DMA2_Stream1_IRQHandler
                0x0000000008001c3c                CAN1_SCE_IRQHandler
                0x0000000008001c3c                FLASH_IRQHandler
                0x0000000008001c3c                DMA2_Stream4_IRQHandler
                0x0000000008001c3c                OTG_FS_IRQHandler
                0x0000000008001c3c                SPI3_IRQHandler
                0x0000000008001c3c                DMA1_Stream4_IRQHandler
                0x0000000008001c3c                I2C1_ER_IRQHandler
                0x0000000008001c3c                DMA2_Stream6_IRQHandler
                0x0000000008001c3c                DMA1_Stream3_IRQHandler
 *fill*         0x0000000008001c3e        0x2 
 .text.HAL_Init
                0x0000000008001c40       0x34 CMakeFiles/Joint_Clion.elf.dir/Drivers/STM32F4xx_HAL_Driver/Src/stm32f4xx_hal.c.obj
                0x0000000008001c40                HAL_Init
 .text.HAL_IncTick
                0x0000000008001c74       0x18 CMakeFiles/Joint_Clion.elf.dir/Drivers/STM32F4xx_HAL_Driver/Src/stm32f4xx_hal.c.obj
                0x0000000008001c74                HAL_IncTick
 .text.HAL_GetTick
                0x0000000008001c8c        0xc CMakeFiles/Joint_Clion.elf.dir/Drivers/STM32F4xx_HAL_Driver/Src/stm32f4xx_hal.c.obj
                0x0000000008001c8c                HAL_GetTick
 .text.HAL_Delay
                0x0000000008001c98       0x28 CMakeFiles/Joint_Clion.elf.dir/Drivers/STM32F4xx_HAL_Driver/Src/stm32f4xx_hal.c.obj
                0x0000000008001c98                HAL_Delay
 .text.HAL_NVIC_SetPriorityGrouping
                0x0000000008001cc0       0x24 CMakeFiles/Joint_Clion.elf.dir/Drivers/STM32F4xx_HAL_Driver/Src/stm32f4xx_hal_cortex.c.obj
                0x0000000008001cc0                HAL_NVIC_SetPriorityGrouping
 .text.HAL_NVIC_SetPriority
                0x0000000008001ce4       0x68 CMakeFiles/Joint_Clion.elf.dir/Drivers/STM32F4xx_HAL_Driver/Src/stm32f4xx_hal_cortex.c.obj
                0x0000000008001ce4                HAL_NVIC_SetPriority
 .text.HAL_NVIC_EnableIRQ
                0x0000000008001d4c       0x1c CMakeFiles/Joint_Clion.elf.dir/Drivers/STM32F4xx_HAL_Driver/Src/stm32f4xx_hal_cortex.c.obj
                0x0000000008001d4c                HAL_NVIC_EnableIRQ
 .text.DMA_SetConfig
                0x0000000008001d68       0x2c CMakeFiles/Joint_Clion.elf.dir/Drivers/STM32F4xx_HAL_Driver/Src/stm32f4xx_hal_dma.c.obj
 .text.DMA_CalcBaseAndBitshift
                0x0000000008001d94       0x3c CMakeFiles/Joint_Clion.elf.dir/Drivers/STM32F4xx_HAL_Driver/Src/stm32f4xx_hal_dma.c.obj
 .text.DMA_CheckFifoParam
                0x0000000008001dd0       0x8e CMakeFiles/Joint_Clion.elf.dir/Drivers/STM32F4xx_HAL_Driver/Src/stm32f4xx_hal_dma.c.obj
 *fill*         0x0000000008001e5e        0x2 
 .text.HAL_DMA_Init
                0x0000000008001e60       0xcc CMakeFiles/Joint_Clion.elf.dir/Drivers/STM32F4xx_HAL_Driver/Src/stm32f4xx_hal_dma.c.obj
                0x0000000008001e60                HAL_DMA_Init
 .text.HAL_DMA_Start_IT
                0x0000000008001f2c       0x6a CMakeFiles/Joint_Clion.elf.dir/Drivers/STM32F4xx_HAL_Driver/Src/stm32f4xx_hal_dma.c.obj
                0x0000000008001f2c                HAL_DMA_Start_IT
 .text.HAL_DMA_Abort
                0x0000000008001f96       0x94 CMakeFiles/Joint_Clion.elf.dir/Drivers/STM32F4xx_HAL_Driver/Src/stm32f4xx_hal_dma.c.obj
                0x0000000008001f96                HAL_DMA_Abort
 .text.HAL_DMA_Abort_IT
                0x000000000800202a       0x26 CMakeFiles/Joint_Clion.elf.dir/Drivers/STM32F4xx_HAL_Driver/Src/stm32f4xx_hal_dma.c.obj
                0x000000000800202a                HAL_DMA_Abort_IT
 .text.HAL_DMA_IRQHandler
                0x0000000008002050      0x1dc CMakeFiles/Joint_Clion.elf.dir/Drivers/STM32F4xx_HAL_Driver/Src/stm32f4xx_hal_dma.c.obj
                0x0000000008002050                HAL_DMA_IRQHandler
 .text.HAL_GPIO_Init
                0x000000000800222c      0x1d4 CMakeFiles/Joint_Clion.elf.dir/Drivers/STM32F4xx_HAL_Driver/Src/stm32f4xx_hal_gpio.c.obj
                0x000000000800222c                HAL_GPIO_Init
 .text.HAL_GPIO_ReadPin
                0x0000000008002400        0xe CMakeFiles/Joint_Clion.elf.dir/Drivers/STM32F4xx_HAL_Driver/Src/stm32f4xx_hal_gpio.c.obj
                0x0000000008002400                HAL_GPIO_ReadPin
 .text.HAL_GPIO_WritePin
                0x000000000800240e        0xc CMakeFiles/Joint_Clion.elf.dir/Drivers/STM32F4xx_HAL_Driver/Src/stm32f4xx_hal_gpio.c.obj
                0x000000000800240e                HAL_GPIO_WritePin
 *fill*         0x000000000800241a        0x2 
 .text.HAL_RCC_OscConfig
                0x000000000800241c      0x3f8 CMakeFiles/Joint_Clion.elf.dir/Drivers/STM32F4xx_HAL_Driver/Src/stm32f4xx_hal_rcc.c.obj
                0x000000000800241c                HAL_RCC_OscConfig
 .text.HAL_RCC_GetSysClockFreq
                0x0000000008002814       0xa8 CMakeFiles/Joint_Clion.elf.dir/Drivers/STM32F4xx_HAL_Driver/Src/stm32f4xx_hal_rcc.c.obj
                0x0000000008002814                HAL_RCC_GetSysClockFreq
 .text.HAL_RCC_ClockConfig
                0x00000000080028bc      0x160 CMakeFiles/Joint_Clion.elf.dir/Drivers/STM32F4xx_HAL_Driver/Src/stm32f4xx_hal_rcc.c.obj
                0x00000000080028bc                HAL_RCC_ClockConfig
 .text.HAL_RCC_GetHCLKFreq
                0x0000000008002a1c        0xc CMakeFiles/Joint_Clion.elf.dir/Drivers/STM32F4xx_HAL_Driver/Src/stm32f4xx_hal_rcc.c.obj
                0x0000000008002a1c                HAL_RCC_GetHCLKFreq
 .text.HAL_RCC_GetPCLK1Freq
                0x0000000008002a28       0x20 CMakeFiles/Joint_Clion.elf.dir/Drivers/STM32F4xx_HAL_Driver/Src/stm32f4xx_hal_rcc.c.obj
                0x0000000008002a28                HAL_RCC_GetPCLK1Freq
 .text.HAL_RCC_GetPCLK2Freq
                0x0000000008002a48       0x20 CMakeFiles/Joint_Clion.elf.dir/Drivers/STM32F4xx_HAL_Driver/Src/stm32f4xx_hal_rcc.c.obj
                0x0000000008002a48                HAL_RCC_GetPCLK2Freq
 .text.HAL_RCC_GetClockConfig
                0x0000000008002a68       0x3c CMakeFiles/Joint_Clion.elf.dir/Drivers/STM32F4xx_HAL_Driver/Src/stm32f4xx_hal_rcc.c.obj
                0x0000000008002a68                HAL_RCC_GetClockConfig
 .text.TIM_OC1_SetConfig
                0x0000000008002aa4       0x68 CMakeFiles/Joint_Clion.elf.dir/Drivers/STM32F4xx_HAL_Driver/Src/stm32f4xx_hal_tim.c.obj
 .text.TIM_OC3_SetConfig
                0x0000000008002b0c       0x70 CMakeFiles/Joint_Clion.elf.dir/Drivers/STM32F4xx_HAL_Driver/Src/stm32f4xx_hal_tim.c.obj
 .text.TIM_OC4_SetConfig
                0x0000000008002b7c       0x50 CMakeFiles/Joint_Clion.elf.dir/Drivers/STM32F4xx_HAL_Driver/Src/stm32f4xx_hal_tim.c.obj
 .text.TIM_TI1_ConfigInputStage
                0x0000000008002bcc       0x26 CMakeFiles/Joint_Clion.elf.dir/Drivers/STM32F4xx_HAL_Driver/Src/stm32f4xx_hal_tim.c.obj
 .text.TIM_TI2_ConfigInputStage
                0x0000000008002bf2       0x28 CMakeFiles/Joint_Clion.elf.dir/Drivers/STM32F4xx_HAL_Driver/Src/stm32f4xx_hal_tim.c.obj
 .text.TIM_ITRx_SetConfig
                0x0000000008002c1a       0x10 CMakeFiles/Joint_Clion.elf.dir/Drivers/STM32F4xx_HAL_Driver/Src/stm32f4xx_hal_tim.c.obj
 *fill*         0x0000000008002c2a        0x2 
 .text.HAL_TIM_Base_Start_IT
                0x0000000008002c2c       0x88 CMakeFiles/Joint_Clion.elf.dir/Drivers/STM32F4xx_HAL_Driver/Src/stm32f4xx_hal_tim.c.obj
                0x0000000008002c2c                HAL_TIM_Base_Start_IT
 .text.HAL_TIM_PWM_MspInit
                0x0000000008002cb4        0x2 CMakeFiles/Joint_Clion.elf.dir/Drivers/STM32F4xx_HAL_Driver/Src/stm32f4xx_hal_tim.c.obj
                0x0000000008002cb4                HAL_TIM_PWM_MspInit
 .text.HAL_TIM_OC_DelayElapsedCallback
                0x0000000008002cb6        0x2 CMakeFiles/Joint_Clion.elf.dir/Drivers/STM32F4xx_HAL_Driver/Src/stm32f4xx_hal_tim.c.obj
                0x0000000008002cb6                HAL_TIM_OC_DelayElapsedCallback
 .text.HAL_TIM_IC_CaptureCallback
                0x0000000008002cb8        0x2 CMakeFiles/Joint_Clion.elf.dir/Drivers/STM32F4xx_HAL_Driver/Src/stm32f4xx_hal_tim.c.obj
                0x0000000008002cb8                HAL_TIM_IC_CaptureCallback
 .text.HAL_TIM_PWM_PulseFinishedCallback
                0x0000000008002cba        0x2 CMakeFiles/Joint_Clion.elf.dir/Drivers/STM32F4xx_HAL_Driver/Src/stm32f4xx_hal_tim.c.obj
                0x0000000008002cba                HAL_TIM_PWM_PulseFinishedCallback
 .text.HAL_TIM_TriggerCallback
                0x0000000008002cbc        0x2 CMakeFiles/Joint_Clion.elf.dir/Drivers/STM32F4xx_HAL_Driver/Src/stm32f4xx_hal_tim.c.obj
                0x0000000008002cbc                HAL_TIM_TriggerCallback
 .text.HAL_TIM_IRQHandler
                0x0000000008002cbe      0x17a CMakeFiles/Joint_Clion.elf.dir/Drivers/STM32F4xx_HAL_Driver/Src/stm32f4xx_hal_tim.c.obj
                0x0000000008002cbe                HAL_TIM_IRQHandler
 .text.TIM_Base_SetConfig
                0x0000000008002e38       0xc8 CMakeFiles/Joint_Clion.elf.dir/Drivers/STM32F4xx_HAL_Driver/Src/stm32f4xx_hal_tim.c.obj
                0x0000000008002e38                TIM_Base_SetConfig
 .text.HAL_TIM_Base_Init
                0x0000000008002f00       0x56 CMakeFiles/Joint_Clion.elf.dir/Drivers/STM32F4xx_HAL_Driver/Src/stm32f4xx_hal_tim.c.obj
                0x0000000008002f00                HAL_TIM_Base_Init
 .text.HAL_TIM_PWM_Init
                0x0000000008002f56       0x56 CMakeFiles/Joint_Clion.elf.dir/Drivers/STM32F4xx_HAL_Driver/Src/stm32f4xx_hal_tim.c.obj
                0x0000000008002f56                HAL_TIM_PWM_Init
 .text.TIM_OC2_SetConfig
                0x0000000008002fac       0x70 CMakeFiles/Joint_Clion.elf.dir/Drivers/STM32F4xx_HAL_Driver/Src/stm32f4xx_hal_tim.c.obj
                0x0000000008002fac                TIM_OC2_SetConfig
 .text.HAL_TIM_PWM_ConfigChannel
                0x000000000800301c       0xd0 CMakeFiles/Joint_Clion.elf.dir/Drivers/STM32F4xx_HAL_Driver/Src/stm32f4xx_hal_tim.c.obj
                0x000000000800301c                HAL_TIM_PWM_ConfigChannel
 .text.TIM_ETR_SetConfig
                0x00000000080030ec       0x18 CMakeFiles/Joint_Clion.elf.dir/Drivers/STM32F4xx_HAL_Driver/Src/stm32f4xx_hal_tim.c.obj
                0x00000000080030ec                TIM_ETR_SetConfig
 .text.HAL_TIM_ConfigClockSource
                0x0000000008003104       0xda CMakeFiles/Joint_Clion.elf.dir/Drivers/STM32F4xx_HAL_Driver/Src/stm32f4xx_hal_tim.c.obj
                0x0000000008003104                HAL_TIM_ConfigClockSource
 *fill*         0x00000000080031de        0x2 
 .text.HAL_TIMEx_MasterConfigSynchronization
                0x00000000080031e0       0x88 CMakeFiles/Joint_Clion.elf.dir/Drivers/STM32F4xx_HAL_Driver/Src/stm32f4xx_hal_tim_ex.c.obj
                0x00000000080031e0                HAL_TIMEx_MasterConfigSynchronization
 .text.HAL_TIMEx_ConfigBreakDeadTime
                0x0000000008003268       0x52 CMakeFiles/Joint_Clion.elf.dir/Drivers/STM32F4xx_HAL_Driver/Src/stm32f4xx_hal_tim_ex.c.obj
                0x0000000008003268                HAL_TIMEx_ConfigBreakDeadTime
 .text.HAL_TIMEx_CommutCallback
                0x00000000080032ba        0x2 CMakeFiles/Joint_Clion.elf.dir/Drivers/STM32F4xx_HAL_Driver/Src/stm32f4xx_hal_tim_ex.c.obj
                0x00000000080032ba                HAL_TIMEx_CommutCallback
 .text.HAL_TIMEx_BreakCallback
                0x00000000080032bc        0x2 CMakeFiles/Joint_Clion.elf.dir/Drivers/STM32F4xx_HAL_Driver/Src/stm32f4xx_hal_tim_ex.c.obj
                0x00000000080032bc                HAL_TIMEx_BreakCallback
 .text.UART_EndTxTransfer
                0x00000000080032be       0x12 CMakeFiles/Joint_Clion.elf.dir/Drivers/STM32F4xx_HAL_Driver/Src/stm32f4xx_hal_uart.c.obj
 .text.UART_EndRxTransfer
                0x00000000080032d0       0x32 CMakeFiles/Joint_Clion.elf.dir/Drivers/STM32F4xx_HAL_Driver/Src/stm32f4xx_hal_uart.c.obj
 .text.UART_Transmit_IT
                0x0000000008003302       0x62 CMakeFiles/Joint_Clion.elf.dir/Drivers/STM32F4xx_HAL_Driver/Src/stm32f4xx_hal_uart.c.obj
 .text.UART_SetConfig
                0x0000000008003364      0x134 CMakeFiles/Joint_Clion.elf.dir/Drivers/STM32F4xx_HAL_Driver/Src/stm32f4xx_hal_uart.c.obj
 .text.HAL_UART_Init
                0x0000000008003498       0x5e CMakeFiles/Joint_Clion.elf.dir/Drivers/STM32F4xx_HAL_Driver/Src/stm32f4xx_hal_uart.c.obj
                0x0000000008003498                HAL_UART_Init
 *fill*         0x00000000080034f6        0x2 
 .text.HAL_UART_Transmit_DMA
                0x00000000080034f8       0x8c CMakeFiles/Joint_Clion.elf.dir/Drivers/STM32F4xx_HAL_Driver/Src/stm32f4xx_hal_uart.c.obj
                0x00000000080034f8                HAL_UART_Transmit_DMA
 .text.HAL_UART_TxCpltCallback
                0x0000000008003584        0x2 CMakeFiles/Joint_Clion.elf.dir/Drivers/STM32F4xx_HAL_Driver/Src/stm32f4xx_hal_uart.c.obj
                0x0000000008003584                HAL_UART_TxCpltCallback
 .text.UART_DMATransmitCplt
                0x0000000008003586       0x30 CMakeFiles/Joint_Clion.elf.dir/Drivers/STM32F4xx_HAL_Driver/Src/stm32f4xx_hal_uart.c.obj
 .text.UART_EndTransmit_IT
                0x00000000080035b6       0x1a CMakeFiles/Joint_Clion.elf.dir/Drivers/STM32F4xx_HAL_Driver/Src/stm32f4xx_hal_uart.c.obj
 .text.HAL_UART_TxHalfCpltCallback
                0x00000000080035d0        0x2 CMakeFiles/Joint_Clion.elf.dir/Drivers/STM32F4xx_HAL_Driver/Src/stm32f4xx_hal_uart.c.obj
                0x00000000080035d0                HAL_UART_TxHalfCpltCallback
 .text.UART_DMATxHalfCplt
                0x00000000080035d2        0xa CMakeFiles/Joint_Clion.elf.dir/Drivers/STM32F4xx_HAL_Driver/Src/stm32f4xx_hal_uart.c.obj
 .text.HAL_UART_RxCpltCallback
                0x00000000080035dc        0x2 CMakeFiles/Joint_Clion.elf.dir/Drivers/STM32F4xx_HAL_Driver/Src/stm32f4xx_hal_uart.c.obj
                0x00000000080035dc                HAL_UART_RxCpltCallback
 .text.HAL_UART_ErrorCallback
                0x00000000080035de        0x2 CMakeFiles/Joint_Clion.elf.dir/Drivers/STM32F4xx_HAL_Driver/Src/stm32f4xx_hal_uart.c.obj
                0x00000000080035de                HAL_UART_ErrorCallback
 .text.UART_DMAError
                0x00000000080035e0       0x58 CMakeFiles/Joint_Clion.elf.dir/Drivers/STM32F4xx_HAL_Driver/Src/stm32f4xx_hal_uart.c.obj
 .text.UART_DMAAbortOnError
                0x0000000008003638       0x10 CMakeFiles/Joint_Clion.elf.dir/Drivers/STM32F4xx_HAL_Driver/Src/stm32f4xx_hal_uart.c.obj
 .text.HAL_UARTEx_RxEventCallback
                0x0000000008003648        0x2 CMakeFiles/Joint_Clion.elf.dir/Drivers/STM32F4xx_HAL_Driver/Src/stm32f4xx_hal_uart.c.obj
                0x0000000008003648                HAL_UARTEx_RxEventCallback
 .text.UART_Receive_IT
                0x000000000800364a       0xb4 CMakeFiles/Joint_Clion.elf.dir/Drivers/STM32F4xx_HAL_Driver/Src/stm32f4xx_hal_uart.c.obj
 *fill*         0x00000000080036fe        0x2 
 .text.HAL_UART_IRQHandler
                0x0000000008003700      0x1f8 CMakeFiles/Joint_Clion.elf.dir/Drivers/STM32F4xx_HAL_Driver/Src/stm32f4xx_hal_uart.c.obj
                0x0000000008003700                HAL_UART_IRQHandler
 .text.makeFreeRtosPriority
                0x00000000080038f8        0xc CMakeFiles/Joint_Clion.elf.dir/Middlewares/Third_Party/FreeRTOS/Source/CMSIS_RTOS/cmsis_os.c.obj
 .text.osKernelStart
                0x0000000008003904        0xa CMakeFiles/Joint_Clion.elf.dir/Middlewares/Third_Party/FreeRTOS/Source/CMSIS_RTOS/cmsis_os.c.obj
                0x0000000008003904                osKernelStart
 .text.osThreadCreate
                0x000000000800390e       0x6c CMakeFiles/Joint_Clion.elf.dir/Middlewares/Third_Party/FreeRTOS/Source/CMSIS_RTOS/cmsis_os.c.obj
                0x000000000800390e                osThreadCreate
 .text.osDelay  0x000000000800397a       0x12 CMakeFiles/Joint_Clion.elf.dir/Middlewares/Third_Party/FreeRTOS/Source/CMSIS_RTOS/cmsis_os.c.obj
                0x000000000800397a                osDelay
 .text.vListInitialise
                0x000000000800398c       0x16 CMakeFiles/Joint_Clion.elf.dir/Middlewares/Third_Party/FreeRTOS/Source/list.c.obj
                0x000000000800398c                vListInitialise
 .text.vListInitialiseItem
                0x00000000080039a2        0x6 CMakeFiles/Joint_Clion.elf.dir/Middlewares/Third_Party/FreeRTOS/Source/list.c.obj
                0x00000000080039a2                vListInitialiseItem
 .text.vListInsertEnd
                0x00000000080039a8       0x18 CMakeFiles/Joint_Clion.elf.dir/Middlewares/Third_Party/FreeRTOS/Source/list.c.obj
                0x00000000080039a8                vListInsertEnd
 .text.vListInsert
                0x00000000080039c0       0x34 CMakeFiles/Joint_Clion.elf.dir/Middlewares/Third_Party/FreeRTOS/Source/list.c.obj
                0x00000000080039c0                vListInsert
 .text.uxListRemove
                0x00000000080039f4       0x28 CMakeFiles/Joint_Clion.elf.dir/Middlewares/Third_Party/FreeRTOS/Source/list.c.obj
                0x00000000080039f4                uxListRemove
 .text.prvTaskExitError
                0x0000000008003a1c       0x40 CMakeFiles/Joint_Clion.elf.dir/Middlewares/Third_Party/FreeRTOS/Source/portable/GCC/ARM_CM4F/port.c.obj
 .text.prvPortStartFirstTask
                0x0000000008003a5c       0x28 CMakeFiles/Joint_Clion.elf.dir/Middlewares/Third_Party/FreeRTOS/Source/portable/GCC/ARM_CM4F/port.c.obj
 .text.vPortEnableVFP
                0x0000000008003a84       0x14 CMakeFiles/Joint_Clion.elf.dir/Middlewares/Third_Party/FreeRTOS/Source/portable/GCC/ARM_CM4F/port.c.obj
 .text.pxPortInitialiseStack
                0x0000000008003a98       0x2c CMakeFiles/Joint_Clion.elf.dir/Middlewares/Third_Party/FreeRTOS/Source/portable/GCC/ARM_CM4F/port.c.obj
                0x0000000008003a98                pxPortInitialiseStack
 *fill*         0x0000000008003ac4        0xc 
 .text.SVC_Handler
                0x0000000008003ad0       0x24 CMakeFiles/Joint_Clion.elf.dir/Middlewares/Third_Party/FreeRTOS/Source/portable/GCC/ARM_CM4F/port.c.obj
                0x0000000008003ad0                SVC_Handler
 .text.vPortEnterCritical
                0x0000000008003af4       0x44 CMakeFiles/Joint_Clion.elf.dir/Middlewares/Third_Party/FreeRTOS/Source/portable/GCC/ARM_CM4F/port.c.obj
                0x0000000008003af4                vPortEnterCritical
 .text.vPortExitCritical
                0x0000000008003b38       0x2c CMakeFiles/Joint_Clion.elf.dir/Middlewares/Third_Party/FreeRTOS/Source/portable/GCC/ARM_CM4F/port.c.obj
                0x0000000008003b38                vPortExitCritical
 *fill*         0x0000000008003b64        0xc 
 .text.PendSV_Handler
                0x0000000008003b70       0x64 CMakeFiles/Joint_Clion.elf.dir/Middlewares/Third_Party/FreeRTOS/Source/portable/GCC/ARM_CM4F/port.c.obj
                0x0000000008003b70                PendSV_Handler
 .text.SysTick_Handler
                0x0000000008003bd4       0x2c CMakeFiles/Joint_Clion.elf.dir/Middlewares/Third_Party/FreeRTOS/Source/portable/GCC/ARM_CM4F/port.c.obj
                0x0000000008003bd4                SysTick_Handler
 .text.vPortSetupTimerInterrupt
                0x0000000008003c00       0x38 CMakeFiles/Joint_Clion.elf.dir/Middlewares/Third_Party/FreeRTOS/Source/portable/GCC/ARM_CM4F/port.c.obj
                0x0000000008003c00                vPortSetupTimerInterrupt
 .text.xPortStartScheduler
                0x0000000008003c38      0x110 CMakeFiles/Joint_Clion.elf.dir/Middlewares/Third_Party/FreeRTOS/Source/portable/GCC/ARM_CM4F/port.c.obj
                0x0000000008003c38                xPortStartScheduler
 .text.prvHeapInit
                0x0000000008003d48       0x64 CMakeFiles/Joint_Clion.elf.dir/Middlewares/Third_Party/FreeRTOS/Source/portable/MemMang/heap_4.c.obj
 .text.prvInsertBlockIntoFreeList
                0x0000000008003dac       0x58 CMakeFiles/Joint_Clion.elf.dir/Middlewares/Third_Party/FreeRTOS/Source/portable/MemMang/heap_4.c.obj
 .text.pvPortMalloc
                0x0000000008003e04      0x114 CMakeFiles/Joint_Clion.elf.dir/Middlewares/Third_Party/FreeRTOS/Source/portable/MemMang/heap_4.c.obj
                0x0000000008003e04                pvPortMalloc
 .text.vPortFree
                0x0000000008003f18       0x7c CMakeFiles/Joint_Clion.elf.dir/Middlewares/Third_Party/FreeRTOS/Source/portable/MemMang/heap_4.c.obj
                0x0000000008003f18                vPortFree
 .text.prvResetNextTaskUnblockTime
                0x0000000008003f94       0x2c CMakeFiles/Joint_Clion.elf.dir/Middlewares/Third_Party/FreeRTOS/Source/tasks.c.obj
 .text.prvInitialiseNewTask
                0x0000000008003fc0       0x8c CMakeFiles/Joint_Clion.elf.dir/Middlewares/Third_Party/FreeRTOS/Source/tasks.c.obj
 .text.prvInitialiseTaskLists
                0x000000000800404c       0x68 CMakeFiles/Joint_Clion.elf.dir/Middlewares/Third_Party/FreeRTOS/Source/tasks.c.obj
 .text.prvAddNewTaskToReadyList
                0x00000000080040b4       0xa8 CMakeFiles/Joint_Clion.elf.dir/Middlewares/Third_Party/FreeRTOS/Source/tasks.c.obj
 .text.prvDeleteTCB
                0x000000000800415c       0x38 CMakeFiles/Joint_Clion.elf.dir/Middlewares/Third_Party/FreeRTOS/Source/tasks.c.obj
 .text.prvCheckTasksWaitingTermination
                0x0000000008004194       0x4c CMakeFiles/Joint_Clion.elf.dir/Middlewares/Third_Party/FreeRTOS/Source/tasks.c.obj
 .text.prvIdleTask
                0x00000000080041e0       0x28 CMakeFiles/Joint_Clion.elf.dir/Middlewares/Third_Party/FreeRTOS/Source/tasks.c.obj
 .text.prvAddCurrentTaskToDelayedList
                0x0000000008004208       0x98 CMakeFiles/Joint_Clion.elf.dir/Middlewares/Third_Party/FreeRTOS/Source/tasks.c.obj
 .text.xTaskCreateStatic
                0x00000000080042a0       0x74 CMakeFiles/Joint_Clion.elf.dir/Middlewares/Third_Party/FreeRTOS/Source/tasks.c.obj
                0x00000000080042a0                xTaskCreateStatic
 .text.xTaskCreate
                0x0000000008004314       0x66 CMakeFiles/Joint_Clion.elf.dir/Middlewares/Third_Party/FreeRTOS/Source/tasks.c.obj
                0x0000000008004314                xTaskCreate
 *fill*         0x000000000800437a        0x2 
 .text.vTaskStartScheduler
                0x000000000800437c       0x6c CMakeFiles/Joint_Clion.elf.dir/Middlewares/Third_Party/FreeRTOS/Source/tasks.c.obj
                0x000000000800437c                vTaskStartScheduler
 .text.vTaskSuspendAll
                0x00000000080043e8       0x10 CMakeFiles/Joint_Clion.elf.dir/Middlewares/Third_Party/FreeRTOS/Source/tasks.c.obj
                0x00000000080043e8                vTaskSuspendAll
 .text.xTaskIncrementTick
                0x00000000080043f8      0x118 CMakeFiles/Joint_Clion.elf.dir/Middlewares/Third_Party/FreeRTOS/Source/tasks.c.obj
                0x00000000080043f8                xTaskIncrementTick
 .text.xTaskResumeAll
                0x0000000008004510       0xf4 CMakeFiles/Joint_Clion.elf.dir/Middlewares/Third_Party/FreeRTOS/Source/tasks.c.obj
                0x0000000008004510                xTaskResumeAll
 .text.vTaskDelay
                0x0000000008004604       0x4c CMakeFiles/Joint_Clion.elf.dir/Middlewares/Third_Party/FreeRTOS/Source/tasks.c.obj
                0x0000000008004604                vTaskDelay
 .text.vTaskSwitchContext
                0x0000000008004650       0x98 CMakeFiles/Joint_Clion.elf.dir/Middlewares/Third_Party/FreeRTOS/Source/tasks.c.obj
                0x0000000008004650                vTaskSwitchContext
 .text.delay_us
                0x00000000080046e8       0x3c CMakeFiles/Joint_Clion.elf.dir/bsp/delay.c.obj
                0x00000000080046e8                delay_us
 .text.IIC_Delay
                0x0000000008004724        0xa CMakeFiles/Joint_Clion.elf.dir/bsp/myiic.c.obj
                0x0000000008004724                IIC_Delay
 *fill*         0x000000000800472e        0x2 
 .text.IIC_Start
                0x0000000008004730       0x3c CMakeFiles/Joint_Clion.elf.dir/bsp/myiic.c.obj
                0x0000000008004730                IIC_Start
 .text.IIC_Stop
                0x000000000800476c       0x3c CMakeFiles/Joint_Clion.elf.dir/bsp/myiic.c.obj
                0x000000000800476c                IIC_Stop
 .text.IIC_Init
                0x00000000080047a8       0x4c CMakeFiles/Joint_Clion.elf.dir/bsp/myiic.c.obj
                0x00000000080047a8                IIC_Init
 .text.IIC_Wait_Ack
                0x00000000080047f4       0x50 CMakeFiles/Joint_Clion.elf.dir/bsp/myiic.c.obj
                0x00000000080047f4                IIC_Wait_Ack
 .text.IIC_Ack  0x0000000008004844       0x3c CMakeFiles/Joint_Clion.elf.dir/bsp/myiic.c.obj
                0x0000000008004844                IIC_Ack
 .text.IIC_NAck
                0x0000000008004880       0x3c CMakeFiles/Joint_Clion.elf.dir/bsp/myiic.c.obj
                0x0000000008004880                IIC_NAck
 .text.IIC_Send_Byte
                0x00000000080048bc       0x5c CMakeFiles/Joint_Clion.elf.dir/bsp/myiic.c.obj
                0x00000000080048bc                IIC_Send_Byte
 .text.IIC_Read_Byte
                0x0000000008004918       0x5c CMakeFiles/Joint_Clion.elf.dir/bsp/myiic.c.obj
                0x0000000008004918                IIC_Read_Byte
 .text.IIC_Write_One_Byte
                0x0000000008004974       0x46 CMakeFiles/Joint_Clion.elf.dir/bsp/myiic.c.obj
                0x0000000008004974                IIC_Write_One_Byte
 .text.IIC_Read_One_Byte
                0x00000000080049ba       0x44 CMakeFiles/Joint_Clion.elf.dir/bsp/myiic.c.obj
                0x00000000080049ba                IIC_Read_One_Byte
 *fill*         0x00000000080049fe        0x2 
 .text.PCA9685_Init
                0x0000000008004a00       0x78 CMakeFiles/Joint_Clion.elf.dir/component/PCA9685/PCA9685_driver.c.obj
                0x0000000008004a00                PCA9685_Init
 .text.PCA9685_SoftWareReset
                0x0000000008004a78       0x38 CMakeFiles/Joint_Clion.elf.dir/component/PCA9685/PCA9685_driver.c.obj
                0x0000000008004a78                PCA9685_SoftWareReset
 .text.PCA9685_setAutoIncrement
                0x0000000008004ab0       0x50 CMakeFiles/Joint_Clion.elf.dir/component/PCA9685/PCA9685_driver.c.obj
                0x0000000008004ab0                PCA9685_setAutoIncrement
 .text.abort    0x0000000008004b00       0x10 /home/szy/gcc-arm-none-eabi-7-2017-q4-major/bin/../lib/gcc/arm-none-eabi/7.2.1/../../../../arm-none-eabi/lib/thumb/v7e-m/fpv4-sp/hard/libg.a(lib_a-abort.o)
                0x0000000008004b00                abort
 .text.__errno  0x0000000008004b10        0xc /home/szy/gcc-arm-none-eabi-7-2017-q4-major/bin/../lib/gcc/arm-none-eabi/7.2.1/../../../../arm-none-eabi/lib/thumb/v7e-m/fpv4-sp/hard/libg.a(lib_a-errno.o)
                0x0000000008004b10                __errno
 .text.__libc_init_array
                0x0000000008004b1c       0x48 /home/szy/gcc-arm-none-eabi-7-2017-q4-major/bin/../lib/gcc/arm-none-eabi/7.2.1/../../../../arm-none-eabi/lib/thumb/v7e-m/fpv4-sp/hard/libg.a(lib_a-init.o)
                0x0000000008004b1c                __libc_init_array
 .text.malloc   0x0000000008004b64       0x10 /home/szy/gcc-arm-none-eabi-7-2017-q4-major/bin/../lib/gcc/arm-none-eabi/7.2.1/../../../../arm-none-eabi/lib/thumb/v7e-m/fpv4-sp/hard/libg.a(lib_a-malloc.o)
                0x0000000008004b64                malloc
 .text._malloc_r
                0x0000000008004b74      0x548 /home/szy/gcc-arm-none-eabi-7-2017-q4-major/bin/../lib/gcc/arm-none-eabi/7.2.1/../../../../arm-none-eabi/lib/thumb/v7e-m/fpv4-sp/hard/libg.a(lib_a-mallocr.o)
                0x0000000008004b74                _malloc_r
 .text.memset   0x00000000080050bc       0x94 /home/szy/gcc-arm-none-eabi-7-2017-q4-major/bin/../lib/gcc/arm-none-eabi/7.2.1/../../../../arm-none-eabi/lib/thumb/v7e-m/fpv4-sp/hard/libg.a(lib_a-memset.o)
                0x00000000080050bc                memset
 .text.__malloc_lock
                0x0000000008005150        0xc /home/szy/gcc-arm-none-eabi-7-2017-q4-major/bin/../lib/gcc/arm-none-eabi/7.2.1/../../../../arm-none-eabi/lib/thumb/v7e-m/fpv4-sp/hard/libg.a(lib_a-mlock.o)
                0x0000000008005150                __malloc_lock
 .text.__malloc_unlock
                0x000000000800515c        0xc /home/szy/gcc-arm-none-eabi-7-2017-q4-major/bin/../lib/gcc/arm-none-eabi/7.2.1/../../../../arm-none-eabi/lib/thumb/v7e-m/fpv4-sp/hard/libg.a(lib_a-mlock.o)
                0x000000000800515c                __malloc_unlock
 .text._sbrk_r  0x0000000008005168       0x24 /home/szy/gcc-arm-none-eabi-7-2017-q4-major/bin/../lib/gcc/arm-none-eabi/7.2.1/../../../../arm-none-eabi/lib/thumb/v7e-m/fpv4-sp/hard/libg.a(lib_a-sbrkr.o)
                0x0000000008005168                _sbrk_r
 .text._raise_r
                0x000000000800518c       0x58 /home/szy/gcc-arm-none-eabi-7-2017-q4-major/bin/../lib/gcc/arm-none-eabi/7.2.1/../../../../arm-none-eabi/lib/thumb/v7e-m/fpv4-sp/hard/libg.a(lib_a-signal.o)
                0x000000000800518c                _raise_r
 .text.raise    0x00000000080051e4       0x10 /home/szy/gcc-arm-none-eabi-7-2017-q4-major/bin/../lib/gcc/arm-none-eabi/7.2.1/../../../../arm-none-eabi/lib/thumb/v7e-m/fpv4-sp/hard/libg.a(lib_a-signal.o)
                0x00000000080051e4                raise
 .text._kill_r  0x00000000080051f4       0x28 /home/szy/gcc-arm-none-eabi-7-2017-q4-major/bin/../lib/gcc/arm-none-eabi/7.2.1/../../../../arm-none-eabi/lib/thumb/v7e-m/fpv4-sp/hard/libg.a(lib_a-signalr.o)
                0x00000000080051f4                _kill_r
 .text._getpid_r
                0x000000000800521c        0x4 /home/szy/gcc-arm-none-eabi-7-2017-q4-major/bin/../lib/gcc/arm-none-eabi/7.2.1/../../../../arm-none-eabi/lib/thumb/v7e-m/fpv4-sp/hard/libg.a(lib_a-signalr.o)
                0x000000000800521c                _getpid_r
 .text.startup.register_fini
                0x0000000008005220       0x14 /home/szy/gcc-arm-none-eabi-7-2017-q4-major/bin/../lib/gcc/arm-none-eabi/7.2.1/../../../../arm-none-eabi/lib/thumb/v7e-m/fpv4-sp/hard/libg.a(lib_a-__call_atexit.o)
 .text.atexit   0x0000000008005234        0xc /home/szy/gcc-arm-none-eabi-7-2017-q4-major/bin/../lib/gcc/arm-none-eabi/7.2.1/../../../../arm-none-eabi/lib/thumb/v7e-m/fpv4-sp/hard/libg.a(lib_a-atexit.o)
                0x0000000008005234                atexit
 .text.__libc_fini_array
                0x0000000008005240       0x34 /home/szy/gcc-arm-none-eabi-7-2017-q4-major/bin/../lib/gcc/arm-none-eabi/7.2.1/../../../../arm-none-eabi/lib/thumb/v7e-m/fpv4-sp/hard/libg.a(lib_a-fini.o)
                0x0000000008005240                __libc_fini_array
 .text._malloc_trim_r
                0x0000000008005274       0xa0 /home/szy/gcc-arm-none-eabi-7-2017-q4-major/bin/../lib/gcc/arm-none-eabi/7.2.1/../../../../arm-none-eabi/lib/thumb/v7e-m/fpv4-sp/hard/libg.a(lib_a-freer.o)
                0x0000000008005274                _malloc_trim_r
 .text._free_r  0x0000000008005314      0x1e8 /home/szy/gcc-arm-none-eabi-7-2017-q4-major/bin/../lib/gcc/arm-none-eabi/7.2.1/../../../../arm-none-eabi/lib/thumb/v7e-m/fpv4-sp/hard/libg.a(lib_a-freer.o)
                0x0000000008005314                _free_r
 .text.__retarget_lock_acquire_recursive
                0x00000000080054fc        0x4 /home/szy/gcc-arm-none-eabi-7-2017-q4-major/bin/../lib/gcc/arm-none-eabi/7.2.1/../../../../arm-none-eabi/lib/thumb/v7e-m/fpv4-sp/hard/libg.a(lib_a-lock.o)
                0x00000000080054fc                __retarget_lock_acquire_recursive
 .text.__retarget_lock_release_recursive
                0x0000000008005500        0x4 /home/szy/gcc-arm-none-eabi-7-2017-q4-major/bin/../lib/gcc/arm-none-eabi/7.2.1/../../../../arm-none-eabi/lib/thumb/v7e-m/fpv4-sp/hard/libg.a(lib_a-lock.o)
                0x0000000008005500                __retarget_lock_release_recursive
 .text.__register_exitproc
                0x0000000008005504       0xc0 /home/szy/gcc-arm-none-eabi-7-2017-q4-major/bin/../lib/gcc/arm-none-eabi/7.2.1/../../../../arm-none-eabi/lib/thumb/v7e-m/fpv4-sp/hard/libg.a(lib_a-__atexit.o)
                0x0000000008005504                __register_exitproc
 *(.glue_7)
 .glue_7        0x00000000080055c4        0x0 linker stubs
 *(.glue_7t)
 .glue_7t       0x00000000080055c4        0x0 linker stubs
 *(.eh_frame)
 .eh_frame      0x00000000080055c4        0x0 /home/szy/gcc-arm-none-eabi-7-2017-q4-major/bin/../lib/gcc/arm-none-eabi/7.2.1/thumb/v7e-m/fpv4-sp/hard/crtbegin.o
 *(.init)
 .init          0x00000000080055c4        0x4 /home/szy/gcc-arm-none-eabi-7-2017-q4-major/bin/../lib/gcc/arm-none-eabi/7.2.1/thumb/v7e-m/fpv4-sp/hard/crti.o
                0x00000000080055c4                _init
 .init          0x00000000080055c8        0x8 /home/szy/gcc-arm-none-eabi-7-2017-q4-major/bin/../lib/gcc/arm-none-eabi/7.2.1/thumb/v7e-m/fpv4-sp/hard/crtn.o
 *(.fini)
 .fini          0x00000000080055d0        0x4 /home/szy/gcc-arm-none-eabi-7-2017-q4-major/bin/../lib/gcc/arm-none-eabi/7.2.1/thumb/v7e-m/fpv4-sp/hard/crti.o
                0x00000000080055d0                _fini
 .fini          0x00000000080055d4        0x8 /home/szy/gcc-arm-none-eabi-7-2017-q4-major/bin/../lib/gcc/arm-none-eabi/7.2.1/thumb/v7e-m/fpv4-sp/hard/crtn.o
                0x00000000080055dc                . = ALIGN (0x4)
                0x00000000080055dc                _etext = .

.vfp11_veneer   0x00000000080055dc        0x0
 .vfp11_veneer  0x00000000080055dc        0x0 linker stubs

.v4_bx          0x00000000080055dc        0x0
 .v4_bx         0x00000000080055dc        0x0 linker stubs

.iplt           0x00000000080055dc        0x0
 .iplt          0x00000000080055dc        0x0 /home/szy/gcc-arm-none-eabi-7-2017-q4-major/bin/../lib/gcc/arm-none-eabi/7.2.1/thumb/v7e-m/fpv4-sp/hard/crtbegin.o

.rodata         0x00000000080055dc       0x78
                0x00000000080055dc                . = ALIGN (0x4)
 *(.rodata)
 .rodata        0x00000000080055dc       0x38 CMakeFiles/Joint_Clion.elf.dir/Core/Src/freertos.c.obj
 *(.rodata*)
 .rodata.str1.4
                0x0000000008005614       0x14 CMakeFiles/Joint_Clion.elf.dir/Core/Src/freertos.c.obj
 .rodata.AHBPrescTable
                0x0000000008005628       0x10 CMakeFiles/Joint_Clion.elf.dir/Core/Src/system_stm32f4xx.c.obj
                0x0000000008005628                AHBPrescTable
 .rodata.APBPrescTable
                0x0000000008005638        0x8 CMakeFiles/Joint_Clion.elf.dir/Core/Src/system_stm32f4xx.c.obj
                0x0000000008005638                APBPrescTable
 .rodata.flagBitshiftOffset.8181
                0x0000000008005640        0x8 CMakeFiles/Joint_Clion.elf.dir/Drivers/STM32F4xx_HAL_Driver/Src/stm32f4xx_hal_dma.c.obj
 .rodata.vTaskStartScheduler.str1.4
                0x0000000008005648        0x8 CMakeFiles/Joint_Clion.elf.dir/Middlewares/Third_Party/FreeRTOS/Source/tasks.c.obj
                                          0x5 (size before relaxing)
 .rodata._global_impure_ptr
                0x0000000008005650        0x4 /home/szy/gcc-arm-none-eabi-7-2017-q4-major/bin/../lib/gcc/arm-none-eabi/7.2.1/../../../../arm-none-eabi/lib/thumb/v7e-m/fpv4-sp/hard/libg.a(lib_a-impure.o)
                0x0000000008005650                _global_impure_ptr
                0x0000000008005654                . = ALIGN (0x4)

.ARM.extab      0x0000000008005654       0x24
                0x0000000008005654                . = ALIGN (0x4)
 *(.ARM.extab* .gnu.linkonce.armextab.*)
 .ARM.extab.text.Joint_Task
                0x0000000008005654        0xc CMakeFiles/Joint_Clion.elf.dir/Applications/Joint_Task.cpp.obj
 .ARM.extab     0x0000000008005660       0x18 /home/szy/gcc-arm-none-eabi-7-2017-q4-major/bin/../lib/gcc/arm-none-eabi/7.2.1/thumb/v7e-m/fpv4-sp/hard/libgcc.a(pr-support.o)
                0x0000000008005678                . = ALIGN (0x4)

.ARM            0x0000000008005678       0xc8
                0x0000000008005678                . = ALIGN (0x4)
                0x0000000008005678                __exidx_start = .
 *(.ARM.exidx*)
 .ARM.exidx.text.Joint_Task
                0x0000000008005730       0x10 CMakeFiles/Joint_Clion.elf.dir/Applications/Joint_Task.cpp.obj
                                          0x8 (size before relaxing)
 .ARM.exidx     0x0000000008005678        0x8 /home/szy/gcc-arm-none-eabi-7-2017-q4-major/bin/../lib/gcc/arm-none-eabi/7.2.1/thumb/v7e-m/fpv4-sp/hard/libgcc.a(_udivmoddi4.o)
 .ARM.exidx     0x0000000008005680       0x78 /home/szy/gcc-arm-none-eabi-7-2017-q4-major/bin/../lib/gcc/arm-none-eabi/7.2.1/thumb/v7e-m/fpv4-sp/hard/libgcc.a(unwind-arm.o)
                                         0xd8 (size before relaxing)
 .ARM.exidx     0x00000000080056f8       0x38 /home/szy/gcc-arm-none-eabi-7-2017-q4-major/bin/../lib/gcc/arm-none-eabi/7.2.1/thumb/v7e-m/fpv4-sp/hard/libgcc.a(pr-support.o)
                                         0x48 (size before relaxing)
                0x0000000008005740                __exidx_end = .
                0x0000000008005740                . = ALIGN (0x4)

.rel.dyn        0x0000000008005740        0x0
 .rel.iplt      0x0000000008005740        0x0 /home/szy/gcc-arm-none-eabi-7-2017-q4-major/bin/../lib/gcc/arm-none-eabi/7.2.1/thumb/v7e-m/fpv4-sp/hard/crtbegin.o

.preinit_array  0x0000000008005740        0x0
                0x0000000008005740                . = ALIGN (0x4)
                0x0000000008005740                PROVIDE (__preinit_array_start, .)
 *(.preinit_array*)
                0x0000000008005740                PROVIDE (__preinit_array_end, .)
                0x0000000008005740                . = ALIGN (0x4)

.init_array     0x0000000008005740        0x8
                0x0000000008005740                . = ALIGN (0x4)
                0x0000000008005740                PROVIDE (__init_array_start, .)
 *(SORT_BY_NAME(.init_array.*))
 .init_array.00000
                0x0000000008005740        0x4 /home/szy/gcc-arm-none-eabi-7-2017-q4-major/bin/../lib/gcc/arm-none-eabi/7.2.1/../../../../arm-none-eabi/lib/thumb/v7e-m/fpv4-sp/hard/libg.a(lib_a-__call_atexit.o)
 *(.init_array*)
 .init_array    0x0000000008005744        0x4 /home/szy/gcc-arm-none-eabi-7-2017-q4-major/bin/../lib/gcc/arm-none-eabi/7.2.1/thumb/v7e-m/fpv4-sp/hard/crtbegin.o
                0x0000000008005748                PROVIDE (__init_array_end, .)
                0x0000000008005748                . = ALIGN (0x4)

.fini_array     0x0000000008005748        0x4
                0x0000000008005748                . = ALIGN (0x4)
                0x0000000008005748                PROVIDE (__fini_array_start, .)
 *(SORT_BY_NAME(.fini_array.*))
 *(.fini_array*)
 .fini_array    0x0000000008005748        0x4 /home/szy/gcc-arm-none-eabi-7-2017-q4-major/bin/../lib/gcc/arm-none-eabi/7.2.1/thumb/v7e-m/fpv4-sp/hard/crtbegin.o
                0x000000000800574c                PROVIDE (__fini_array_end, .)
                0x000000000800574c                . = ALIGN (0x4)
                0x000000000800574c                _sidata = LOADADDR (.data)

.data           0x0000000020000000      0x854 load address 0x000000000800574c
                0x0000000020000000                . = ALIGN (0x4)
                0x0000000020000000                _sdata = .
 *(.data)
 *(.data*)
 .data.SystemCoreClock
                0x0000000020000000        0x4 CMakeFiles/Joint_Clion.elf.dir/Core/Src/system_stm32f4xx.c.obj
                0x0000000020000000                SystemCoreClock
 .data.uwTickFreq
                0x0000000020000004        0x1 CMakeFiles/Joint_Clion.elf.dir/Drivers/STM32F4xx_HAL_Driver/Src/stm32f4xx_hal.c.obj
                0x0000000020000004                uwTickFreq
 *fill*         0x0000000020000005        0x3 
 .data.uwTickPrio
                0x0000000020000008        0x4 CMakeFiles/Joint_Clion.elf.dir/Drivers/STM32F4xx_HAL_Driver/Src/stm32f4xx_hal.c.obj
                0x0000000020000008                uwTickPrio
 .data.uxCriticalNesting
                0x000000002000000c        0x4 CMakeFiles/Joint_Clion.elf.dir/Middlewares/Third_Party/FreeRTOS/Source/portable/GCC/ARM_CM4F/port.c.obj
 .data._impure_ptr
                0x0000000020000010        0x4 /home/szy/gcc-arm-none-eabi-7-2017-q4-major/bin/../lib/gcc/arm-none-eabi/7.2.1/../../../../arm-none-eabi/lib/thumb/v7e-m/fpv4-sp/hard/libg.a(lib_a-impure.o)
                0x0000000020000010                _impure_ptr
 *fill*         0x0000000020000014        0x4 
 .data.impure_data
                0x0000000020000018      0x428 /home/szy/gcc-arm-none-eabi-7-2017-q4-major/bin/../lib/gcc/arm-none-eabi/7.2.1/../../../../arm-none-eabi/lib/thumb/v7e-m/fpv4-sp/hard/libg.a(lib_a-impure.o)
 .data.__malloc_av_
                0x0000000020000440      0x408 /home/szy/gcc-arm-none-eabi-7-2017-q4-major/bin/../lib/gcc/arm-none-eabi/7.2.1/../../../../arm-none-eabi/lib/thumb/v7e-m/fpv4-sp/hard/libg.a(lib_a-mallocr.o)
                0x0000000020000440                __malloc_av_
 .data.__malloc_sbrk_base
                0x0000000020000848        0x4 /home/szy/gcc-arm-none-eabi-7-2017-q4-major/bin/../lib/gcc/arm-none-eabi/7.2.1/../../../../arm-none-eabi/lib/thumb/v7e-m/fpv4-sp/hard/libg.a(lib_a-mallocr.o)
                0x0000000020000848                __malloc_sbrk_base
 .data.__malloc_trim_threshold
                0x000000002000084c        0x4 /home/szy/gcc-arm-none-eabi-7-2017-q4-major/bin/../lib/gcc/arm-none-eabi/7.2.1/../../../../arm-none-eabi/lib/thumb/v7e-m/fpv4-sp/hard/libg.a(lib_a-mallocr.o)
                0x000000002000084c                __malloc_trim_threshold
 .data.__atexit_recursive_mutex
                0x0000000020000850        0x4 /home/szy/gcc-arm-none-eabi-7-2017-q4-major/bin/../lib/gcc/arm-none-eabi/7.2.1/../../../../arm-none-eabi/lib/thumb/v7e-m/fpv4-sp/hard/libg.a(lib_a-__call_atexit.o)
                0x0000000020000850                __atexit_recursive_mutex
 *(.RamFunc)
 *(.RamFunc*)
                0x0000000020000854                . = ALIGN (0x4)
                0x0000000020000854                _edata = .

.igot.plt       0x0000000020000854        0x0 load address 0x0000000008005fa0
 .igot.plt      0x0000000020000854        0x0 /home/szy/gcc-arm-none-eabi-7-2017-q4-major/bin/../lib/gcc/arm-none-eabi/7.2.1/thumb/v7e-m/fpv4-sp/hard/crtbegin.o
                0x0000000020000854                . = ALIGN (0x4)

.bss            0x0000000020000854     0x41c4 load address 0x0000000008005fa0
                0x0000000020000854                _sbss = .
                0x0000000020000854                __bss_start__ = _sbss
 *(.bss)
 .bss           0x0000000020000854       0x1c /home/szy/gcc-arm-none-eabi-7-2017-q4-major/bin/../lib/gcc/arm-none-eabi/7.2.1/thumb/v7e-m/fpv4-sp/hard/crtbegin.o
 *(.bss*)
 .bss.JointHandle
                0x0000000020000870        0x4 CMakeFiles/Joint_Clion.elf.dir/Core/Src/freertos.c.obj
                0x0000000020000870                JointHandle
 .bss.defaultTaskHandle
                0x0000000020000874        0x4 CMakeFiles/Joint_Clion.elf.dir/Core/Src/freertos.c.obj
                0x0000000020000874                defaultTaskHandle
 .bss.xIdleStack
                0x0000000020000878      0x200 CMakeFiles/Joint_Clion.elf.dir/Core/Src/freertos.c.obj
 .bss.xIdleTaskTCBBuffer
                0x0000000020000a78       0x54 CMakeFiles/Joint_Clion.elf.dir/Core/Src/freertos.c.obj
 .bss.htim9     0x0000000020000acc       0x48 CMakeFiles/Joint_Clion.elf.dir/Core/Src/stm32f4xx_hal_timebase_tim.c.obj
                0x0000000020000acc                htim9
 .bss.__sbrk_heap_end
                0x0000000020000b14        0x4 CMakeFiles/Joint_Clion.elf.dir/Core/Src/sysmem.c.obj
 .bss.htim1     0x0000000020000b18       0x48 CMakeFiles/Joint_Clion.elf.dir/Core/Src/tim.c.obj
                0x0000000020000b18                htim1
 .bss.hdma_usart1_rx
                0x0000000020000b60       0x60 CMakeFiles/Joint_Clion.elf.dir/Core/Src/usart.c.obj
                0x0000000020000b60                hdma_usart1_rx
 .bss.hdma_usart1_tx
                0x0000000020000bc0       0x60 CMakeFiles/Joint_Clion.elf.dir/Core/Src/usart.c.obj
                0x0000000020000bc0                hdma_usart1_tx
 .bss.huart1    0x0000000020000c20       0x44 CMakeFiles/Joint_Clion.elf.dir/Core/Src/usart.c.obj
                0x0000000020000c20                huart1
 .bss.uwTick    0x0000000020000c64        0x4 CMakeFiles/Joint_Clion.elf.dir/Drivers/STM32F4xx_HAL_Driver/Src/stm32f4xx_hal.c.obj
                0x0000000020000c64                uwTick
 .bss.ucMaxSysCallPriority
                0x0000000020000c68        0x1 CMakeFiles/Joint_Clion.elf.dir/Middlewares/Third_Party/FreeRTOS/Source/portable/GCC/ARM_CM4F/port.c.obj
 *fill*         0x0000000020000c69        0x3 
 .bss.ulMaxPRIGROUPValue
                0x0000000020000c6c        0x4 CMakeFiles/Joint_Clion.elf.dir/Middlewares/Third_Party/FreeRTOS/Source/portable/GCC/ARM_CM4F/port.c.obj
 .bss.pxEnd     0x0000000020000c70        0x4 CMakeFiles/Joint_Clion.elf.dir/Middlewares/Third_Party/FreeRTOS/Source/portable/MemMang/heap_4.c.obj
 .bss.ucHeap    0x0000000020000c74     0x3c00 CMakeFiles/Joint_Clion.elf.dir/Middlewares/Third_Party/FreeRTOS/Source/portable/MemMang/heap_4.c.obj
 .bss.xBlockAllocatedBit
                0x0000000020004874        0x4 CMakeFiles/Joint_Clion.elf.dir/Middlewares/Third_Party/FreeRTOS/Source/portable/MemMang/heap_4.c.obj
 .bss.xFreeBytesRemaining
                0x0000000020004878        0x4 CMakeFiles/Joint_Clion.elf.dir/Middlewares/Third_Party/FreeRTOS/Source/portable/MemMang/heap_4.c.obj
 .bss.xMinimumEverFreeBytesRemaining
                0x000000002000487c        0x4 CMakeFiles/Joint_Clion.elf.dir/Middlewares/Third_Party/FreeRTOS/Source/portable/MemMang/heap_4.c.obj
 .bss.xNumberOfSuccessfulAllocations
                0x0000000020004880        0x4 CMakeFiles/Joint_Clion.elf.dir/Middlewares/Third_Party/FreeRTOS/Source/portable/MemMang/heap_4.c.obj
 .bss.xNumberOfSuccessfulFrees
                0x0000000020004884        0x4 CMakeFiles/Joint_Clion.elf.dir/Middlewares/Third_Party/FreeRTOS/Source/portable/MemMang/heap_4.c.obj
 .bss.xStart    0x0000000020004888        0x8 CMakeFiles/Joint_Clion.elf.dir/Middlewares/Third_Party/FreeRTOS/Source/portable/MemMang/heap_4.c.obj
 .bss.pxCurrentTCB
                0x0000000020004890        0x4 CMakeFiles/Joint_Clion.elf.dir/Middlewares/Third_Party/FreeRTOS/Source/tasks.c.obj
                0x0000000020004890                pxCurrentTCB
 .bss.pxDelayedTaskList
                0x0000000020004894        0x4 CMakeFiles/Joint_Clion.elf.dir/Middlewares/Third_Party/FreeRTOS/Source/tasks.c.obj
 .bss.pxOverflowDelayedTaskList
                0x0000000020004898        0x4 CMakeFiles/Joint_Clion.elf.dir/Middlewares/Third_Party/FreeRTOS/Source/tasks.c.obj
 .bss.pxReadyTasksLists
                0x000000002000489c       0x8c CMakeFiles/Joint_Clion.elf.dir/Middlewares/Third_Party/FreeRTOS/Source/tasks.c.obj
 .bss.uxCurrentNumberOfTasks
                0x0000000020004928        0x4 CMakeFiles/Joint_Clion.elf.dir/Middlewares/Third_Party/FreeRTOS/Source/tasks.c.obj
 .bss.uxDeletedTasksWaitingCleanUp
                0x000000002000492c        0x4 CMakeFiles/Joint_Clion.elf.dir/Middlewares/Third_Party/FreeRTOS/Source/tasks.c.obj
 .bss.uxSchedulerSuspended
                0x0000000020004930        0x4 CMakeFiles/Joint_Clion.elf.dir/Middlewares/Third_Party/FreeRTOS/Source/tasks.c.obj
 .bss.uxTaskNumber
                0x0000000020004934        0x4 CMakeFiles/Joint_Clion.elf.dir/Middlewares/Third_Party/FreeRTOS/Source/tasks.c.obj
 .bss.uxTopReadyPriority
                0x0000000020004938        0x4 CMakeFiles/Joint_Clion.elf.dir/Middlewares/Third_Party/FreeRTOS/Source/tasks.c.obj
 .bss.xDelayedTaskList1
                0x000000002000493c       0x14 CMakeFiles/Joint_Clion.elf.dir/Middlewares/Third_Party/FreeRTOS/Source/tasks.c.obj
 .bss.xDelayedTaskList2
                0x0000000020004950       0x14 CMakeFiles/Joint_Clion.elf.dir/Middlewares/Third_Party/FreeRTOS/Source/tasks.c.obj
 .bss.xNextTaskUnblockTime
                0x0000000020004964        0x4 CMakeFiles/Joint_Clion.elf.dir/Middlewares/Third_Party/FreeRTOS/Source/tasks.c.obj
 .bss.xNumOfOverflows
                0x0000000020004968        0x4 CMakeFiles/Joint_Clion.elf.dir/Middlewares/Third_Party/FreeRTOS/Source/tasks.c.obj
 .bss.xPendedTicks
                0x000000002000496c        0x4 CMakeFiles/Joint_Clion.elf.dir/Middlewares/Third_Party/FreeRTOS/Source/tasks.c.obj
 .bss.xPendingReadyList
                0x0000000020004970       0x14 CMakeFiles/Joint_Clion.elf.dir/Middlewares/Third_Party/FreeRTOS/Source/tasks.c.obj
 .bss.xSchedulerRunning
                0x0000000020004984        0x4 CMakeFiles/Joint_Clion.elf.dir/Middlewares/Third_Party/FreeRTOS/Source/tasks.c.obj
 .bss.xSuspendedTaskList
                0x0000000020004988       0x14 CMakeFiles/Joint_Clion.elf.dir/Middlewares/Third_Party/FreeRTOS/Source/tasks.c.obj
 .bss.xTasksWaitingTermination
                0x000000002000499c       0x14 CMakeFiles/Joint_Clion.elf.dir/Middlewares/Third_Party/FreeRTOS/Source/tasks.c.obj
 .bss.xTickCount
                0x00000000200049b0        0x4 CMakeFiles/Joint_Clion.elf.dir/Middlewares/Third_Party/FreeRTOS/Source/tasks.c.obj
 .bss.xYieldPending
                0x00000000200049b4        0x4 CMakeFiles/Joint_Clion.elf.dir/Middlewares/Third_Party/FreeRTOS/Source/tasks.c.obj
 .bss.fac_us    0x00000000200049b8        0x1 CMakeFiles/Joint_Clion.elf.dir/bsp/delay.c.obj
 *fill*         0x00000000200049b9        0x3 
 .bss.__malloc_current_mallinfo
                0x00000000200049bc       0x28 /home/szy/gcc-arm-none-eabi-7-2017-q4-major/bin/../lib/gcc/arm-none-eabi/7.2.1/../../../../arm-none-eabi/lib/thumb/v7e-m/fpv4-sp/hard/libg.a(lib_a-mallocr.o)
                0x00000000200049bc                __malloc_current_mallinfo
 .bss.__malloc_max_sbrked_mem
                0x00000000200049e4        0x4 /home/szy/gcc-arm-none-eabi-7-2017-q4-major/bin/../lib/gcc/arm-none-eabi/7.2.1/../../../../arm-none-eabi/lib/thumb/v7e-m/fpv4-sp/hard/libg.a(lib_a-mallocr.o)
                0x00000000200049e4                __malloc_max_sbrked_mem
 .bss.__malloc_max_total_mem
                0x00000000200049e8        0x4 /home/szy/gcc-arm-none-eabi-7-2017-q4-major/bin/../lib/gcc/arm-none-eabi/7.2.1/../../../../arm-none-eabi/lib/thumb/v7e-m/fpv4-sp/hard/libg.a(lib_a-mallocr.o)
                0x00000000200049e8                __malloc_max_total_mem
 .bss.__malloc_top_pad
                0x00000000200049ec        0x4 /home/szy/gcc-arm-none-eabi-7-2017-q4-major/bin/../lib/gcc/arm-none-eabi/7.2.1/../../../../arm-none-eabi/lib/thumb/v7e-m/fpv4-sp/hard/libg.a(lib_a-mallocr.o)
                0x00000000200049ec                __malloc_top_pad
 *(COMMON)
 COMMON         0x00000000200049f0       0x21 /home/szy/gcc-arm-none-eabi-7-2017-q4-major/bin/../lib/gcc/arm-none-eabi/7.2.1/../../../../arm-none-eabi/lib/thumb/v7e-m/fpv4-sp/hard/libg.a(lib_a-lock.o)
                0x00000000200049f0                __lock___atexit_recursive_mutex
                0x00000000200049f4                __lock___arc4random_mutex
                0x00000000200049f8                __lock___env_recursive_mutex
                0x00000000200049fc                __lock___sinit_recursive_mutex
                0x0000000020004a00                __lock___malloc_recursive_mutex
                0x0000000020004a04                __lock___at_quick_exit_mutex
                0x0000000020004a08                __lock___dd_hash_mutex
                0x0000000020004a0c                __lock___tz_mutex
                0x0000000020004a10                __lock___sfp_recursive_mutex
 *fill*         0x0000000020004a11        0x3 
 COMMON         0x0000000020004a14        0x4 /home/szy/gcc-arm-none-eabi-7-2017-q4-major/bin/../lib/gcc/arm-none-eabi/7.2.1/../../../../arm-none-eabi/lib/thumb/v7e-m/fpv4-sp/hard/libg.a(lib_a-reent.o)
                0x0000000020004a14                errno
                0x0000000020004a18                . = ALIGN (0x4)
                0x0000000020004a18                _ebss = .
                0x0000000020004a18                __bss_end__ = _ebss

._user_heap_stack
                0x0000000020004a18      0x600 load address 0x0000000008005fa0
                0x0000000020004a18                . = ALIGN (0x8)
                [!provide]                        PROVIDE (end, .)
                0x0000000020004a18                PROVIDE (_end, .)
                0x0000000020004c18                . = (. + _Min_Heap_Size)
 *fill*         0x0000000020004a18      0x200 
                0x0000000020005018                . = (. + _Min_Stack_Size)
 *fill*         0x0000000020004c18      0x400 
                0x0000000020005018                . = ALIGN (0x8)

/DISCARD/
 libc.a(*)
 libm.a(*)
 libgcc.a(*)

.ARM.attributes
                0x0000000000000000       0x30
 *(.ARM.attributes)
 .ARM.attributes
                0x0000000000000000       0x22 /home/szy/gcc-arm-none-eabi-7-2017-q4-major/bin/../lib/gcc/arm-none-eabi/7.2.1/thumb/v7e-m/fpv4-sp/hard/crti.o
 .ARM.attributes
                0x0000000000000022       0x34 /home/szy/gcc-arm-none-eabi-7-2017-q4-major/bin/../lib/gcc/arm-none-eabi/7.2.1/thumb/v7e-m/fpv4-sp/hard/crtbegin.o
 .ARM.attributes
                0x0000000000000056       0x39 CMakeFiles/Joint_Clion.elf.dir/Applications/Joint_Task.cpp.obj
 .ARM.attributes
                0x000000000000008f       0x39 CMakeFiles/Joint_Clion.elf.dir/Core/Src/dma.c.obj
 .ARM.attributes
                0x00000000000000c8       0x39 CMakeFiles/Joint_Clion.elf.dir/Core/Src/freertos.c.obj
 .ARM.attributes
                0x0000000000000101       0x39 CMakeFiles/Joint_Clion.elf.dir/Core/Src/gpio.c.obj
 .ARM.attributes
                0x000000000000013a       0x39 CMakeFiles/Joint_Clion.elf.dir/Core/Src/main.c.obj
 .ARM.attributes
                0x0000000000000173       0x39 CMakeFiles/Joint_Clion.elf.dir/Core/Src/stm32f4xx_hal_msp.c.obj
 .ARM.attributes
                0x00000000000001ac       0x39 CMakeFiles/Joint_Clion.elf.dir/Core/Src/stm32f4xx_hal_timebase_tim.c.obj
 .ARM.attributes
                0x00000000000001e5       0x39 CMakeFiles/Joint_Clion.elf.dir/Core/Src/stm32f4xx_it.c.obj
 .ARM.attributes
                0x000000000000021e       0x39 CMakeFiles/Joint_Clion.elf.dir/Core/Src/sysmem.c.obj
 .ARM.attributes
                0x0000000000000257       0x39 CMakeFiles/Joint_Clion.elf.dir/Core/Src/system_stm32f4xx.c.obj
 .ARM.attributes
                0x0000000000000290       0x39 CMakeFiles/Joint_Clion.elf.dir/Core/Src/tim.c.obj
 .ARM.attributes
                0x00000000000002c9       0x39 CMakeFiles/Joint_Clion.elf.dir/Core/Src/usart.c.obj
 .ARM.attributes
                0x0000000000000302       0x21 CMakeFiles/Joint_Clion.elf.dir/Core/Startup/startup_stm32f407ighx.s.obj
 .ARM.attributes
                0x0000000000000323       0x39 CMakeFiles/Joint_Clion.elf.dir/Drivers/STM32F4xx_HAL_Driver/Src/stm32f4xx_hal.c.obj
 .ARM.attributes
                0x000000000000035c       0x39 CMakeFiles/Joint_Clion.elf.dir/Drivers/STM32F4xx_HAL_Driver/Src/stm32f4xx_hal_cortex.c.obj
 .ARM.attributes
                0x0000000000000395       0x39 CMakeFiles/Joint_Clion.elf.dir/Drivers/STM32F4xx_HAL_Driver/Src/stm32f4xx_hal_dma.c.obj
 .ARM.attributes
                0x00000000000003ce       0x39 CMakeFiles/Joint_Clion.elf.dir/Drivers/STM32F4xx_HAL_Driver/Src/stm32f4xx_hal_gpio.c.obj
 .ARM.attributes
                0x0000000000000407       0x39 CMakeFiles/Joint_Clion.elf.dir/Drivers/STM32F4xx_HAL_Driver/Src/stm32f4xx_hal_rcc.c.obj
 .ARM.attributes
                0x0000000000000440       0x39 CMakeFiles/Joint_Clion.elf.dir/Drivers/STM32F4xx_HAL_Driver/Src/stm32f4xx_hal_tim.c.obj
 .ARM.attributes
                0x0000000000000479       0x39 CMakeFiles/Joint_Clion.elf.dir/Drivers/STM32F4xx_HAL_Driver/Src/stm32f4xx_hal_tim_ex.c.obj
 .ARM.attributes
                0x00000000000004b2       0x39 CMakeFiles/Joint_Clion.elf.dir/Drivers/STM32F4xx_HAL_Driver/Src/stm32f4xx_hal_uart.c.obj
 .ARM.attributes
                0x00000000000004eb       0x39 CMakeFiles/Joint_Clion.elf.dir/Middlewares/Third_Party/FreeRTOS/Source/CMSIS_RTOS/cmsis_os.c.obj
 .ARM.attributes
                0x0000000000000524       0x39 CMakeFiles/Joint_Clion.elf.dir/Middlewares/Third_Party/FreeRTOS/Source/list.c.obj
 .ARM.attributes
                0x000000000000055d       0x39 CMakeFiles/Joint_Clion.elf.dir/Middlewares/Third_Party/FreeRTOS/Source/portable/GCC/ARM_CM4F/port.c.obj
 .ARM.attributes
                0x0000000000000596       0x39 CMakeFiles/Joint_Clion.elf.dir/Middlewares/Third_Party/FreeRTOS/Source/portable/MemMang/heap_4.c.obj
 .ARM.attributes
                0x00000000000005cf       0x39 CMakeFiles/Joint_Clion.elf.dir/Middlewares/Third_Party/FreeRTOS/Source/tasks.c.obj
 .ARM.attributes
                0x0000000000000608       0x39 CMakeFiles/Joint_Clion.elf.dir/bsp/delay.c.obj
 .ARM.attributes
                0x0000000000000641       0x39 CMakeFiles/Joint_Clion.elf.dir/bsp/myiic.c.obj
 .ARM.attributes
                0x000000000000067a       0x39 CMakeFiles/Joint_Clion.elf.dir/component/PCA9685/PCA9685_driver.c.obj
 .ARM.attributes
                0x00000000000006b3       0x22 /home/szy/gcc-arm-none-eabi-7-2017-q4-major/bin/../lib/gcc/arm-none-eabi/7.2.1/thumb/v7e-m/fpv4-sp/hard/libgcc.a(_aeabi_uldivmod.o)
 .ARM.attributes
                0x00000000000006d5       0x34 /home/szy/gcc-arm-none-eabi-7-2017-q4-major/bin/../lib/gcc/arm-none-eabi/7.2.1/thumb/v7e-m/fpv4-sp/hard/libgcc.a(_udivmoddi4.o)
 .ARM.attributes
                0x0000000000000709       0x22 /home/szy/gcc-arm-none-eabi-7-2017-q4-major/bin/../lib/gcc/arm-none-eabi/7.2.1/thumb/v7e-m/fpv4-sp/hard/libgcc.a(_dvmd_tls.o)
 .ARM.attributes
                0x000000000000072b       0x34 /home/szy/gcc-arm-none-eabi-7-2017-q4-major/bin/../lib/gcc/arm-none-eabi/7.2.1/../../../../arm-none-eabi/lib/thumb/v7e-m/fpv4-sp/hard/libg.a(lib_a-errno.o)
 .ARM.attributes
                0x000000000000075f       0x34 /home/szy/gcc-arm-none-eabi-7-2017-q4-major/bin/../lib/gcc/arm-none-eabi/7.2.1/../../../../arm-none-eabi/lib/thumb/v7e-m/fpv4-sp/hard/libg.a(lib_a-impure.o)
 .ARM.attributes
                0x0000000000000793       0x34 /home/szy/gcc-arm-none-eabi-7-2017-q4-major/bin/../lib/gcc/arm-none-eabi/7.2.1/../../../../arm-none-eabi/lib/thumb/v7e-m/fpv4-sp/hard/libg.a(lib_a-init.o)
 .ARM.attributes
                0x00000000000007c7       0x34 /home/szy/gcc-arm-none-eabi-7-2017-q4-major/bin/../lib/gcc/arm-none-eabi/7.2.1/../../../../arm-none-eabi/lib/thumb/v7e-m/fpv4-sp/hard/libg.a(lib_a-malloc.o)
 .ARM.attributes
                0x00000000000007fb       0x34 /home/szy/gcc-arm-none-eabi-7-2017-q4-major/bin/../lib/gcc/arm-none-eabi/7.2.1/../../../../arm-none-eabi/lib/thumb/v7e-m/fpv4-sp/hard/libg.a(lib_a-mallocr.o)
 .ARM.attributes
                0x000000000000082f       0x34 /home/szy/gcc-arm-none-eabi-7-2017-q4-major/bin/../lib/gcc/arm-none-eabi/7.2.1/../../../../arm-none-eabi/lib/thumb/v7e-m/fpv4-sp/hard/libg.a(lib_a-memset.o)
 .ARM.attributes
                0x0000000000000863       0x34 /home/szy/gcc-arm-none-eabi-7-2017-q4-major/bin/../lib/gcc/arm-none-eabi/7.2.1/../../../../arm-none-eabi/lib/thumb/v7e-m/fpv4-sp/hard/libg.a(lib_a-mlock.o)
 .ARM.attributes
                0x0000000000000897       0x34 /home/szy/gcc-arm-none-eabi-7-2017-q4-major/bin/../lib/gcc/arm-none-eabi/7.2.1/../../../../arm-none-eabi/lib/thumb/v7e-m/fpv4-sp/hard/libg.a(lib_a-sbrkr.o)
 .ARM.attributes
                0x00000000000008cb       0x34 /home/szy/gcc-arm-none-eabi-7-2017-q4-major/bin/../lib/gcc/arm-none-eabi/7.2.1/../../../../arm-none-eabi/lib/thumb/v7e-m/fpv4-sp/hard/libg.a(lib_a-__call_atexit.o)
 .ARM.attributes
                0x00000000000008ff       0x34 /home/szy/gcc-arm-none-eabi-7-2017-q4-major/bin/../lib/gcc/arm-none-eabi/7.2.1/../../../../arm-none-eabi/lib/thumb/v7e-m/fpv4-sp/hard/libg.a(lib_a-atexit.o)
 .ARM.attributes
                0x0000000000000933       0x34 /home/szy/gcc-arm-none-eabi-7-2017-q4-major/bin/../lib/gcc/arm-none-eabi/7.2.1/../../../../arm-none-eabi/lib/thumb/v7e-m/fpv4-sp/hard/libg.a(lib_a-fini.o)
 .ARM.attributes
                0x0000000000000967       0x34 /home/szy/gcc-arm-none-eabi-7-2017-q4-major/bin/../lib/gcc/arm-none-eabi/7.2.1/../../../../arm-none-eabi/lib/thumb/v7e-m/fpv4-sp/hard/libg.a(lib_a-freer.o)
 .ARM.attributes
                0x000000000000099b       0x34 /home/szy/gcc-arm-none-eabi-7-2017-q4-major/bin/../lib/gcc/arm-none-eabi/7.2.1/../../../../arm-none-eabi/lib/thumb/v7e-m/fpv4-sp/hard/libg.a(lib_a-lock.o)
 .ARM.attributes
                0x00000000000009cf       0x34 /home/szy/gcc-arm-none-eabi-7-2017-q4-major/bin/../lib/gcc/arm-none-eabi/7.2.1/../../../../arm-none-eabi/lib/thumb/v7e-m/fpv4-sp/hard/libg.a(lib_a-reent.o)
 .ARM.attributes
                0x0000000000000a03       0x34 /home/szy/gcc-arm-none-eabi-7-2017-q4-major/bin/../lib/gcc/arm-none-eabi/7.2.1/../../../../arm-none-eabi/lib/thumb/v7e-m/fpv4-sp/hard/libg.a(lib_a-__atexit.o)
 .ARM.attributes
                0x0000000000000a37       0x22 /home/szy/gcc-arm-none-eabi-7-2017-q4-major/bin/../lib/gcc/arm-none-eabi/7.2.1/thumb/v7e-m/fpv4-sp/hard/crtn.o
OUTPUT(Joint_Clion.elf elf32-littlearm)

.debug_info     0x0000000000000000    0x1a108
 .debug_info    0x0000000000000000      0xaf8 CMakeFiles/Joint_Clion.elf.dir/Applications/Joint_Task.cpp.obj
 .debug_info    0x0000000000000af8      0x5e8 CMakeFiles/Joint_Clion.elf.dir/Core/Src/dma.c.obj
 .debug_info    0x00000000000010e0      0x55f CMakeFiles/Joint_Clion.elf.dir/Core/Src/freertos.c.obj
 .debug_info    0x000000000000163f      0x519 CMakeFiles/Joint_Clion.elf.dir/Core/Src/gpio.c.obj
 .debug_info    0x0000000000001b58      0xe3a CMakeFiles/Joint_Clion.elf.dir/Core/Src/main.c.obj
 .debug_info    0x0000000000002992      0x5b0 CMakeFiles/Joint_Clion.elf.dir/Core/Src/stm32f4xx_hal_msp.c.obj
 .debug_info    0x0000000000002f42      0xc9b CMakeFiles/Joint_Clion.elf.dir/Core/Src/stm32f4xx_hal_timebase_tim.c.obj
 .debug_info    0x0000000000003bdd      0xa40 CMakeFiles/Joint_Clion.elf.dir/Core/Src/stm32f4xx_it.c.obj
 .debug_info    0x000000000000461d      0x9a1 CMakeFiles/Joint_Clion.elf.dir/Core/Src/sysmem.c.obj
 .debug_info    0x0000000000004fbe      0x555 CMakeFiles/Joint_Clion.elf.dir/Core/Src/system_stm32f4xx.c.obj
 .debug_info    0x0000000000005513     0x1041 CMakeFiles/Joint_Clion.elf.dir/Core/Src/tim.c.obj
 .debug_info    0x0000000000006554      0xd62 CMakeFiles/Joint_Clion.elf.dir/Core/Src/usart.c.obj
 .debug_info    0x00000000000072b6       0x22 CMakeFiles/Joint_Clion.elf.dir/Core/Startup/startup_stm32f407ighx.s.obj
 .debug_info    0x00000000000072d8      0x9ed CMakeFiles/Joint_Clion.elf.dir/Drivers/STM32F4xx_HAL_Driver/Src/stm32f4xx_hal.c.obj
 .debug_info    0x0000000000007cc5      0xf88 CMakeFiles/Joint_Clion.elf.dir/Drivers/STM32F4xx_HAL_Driver/Src/stm32f4xx_hal_cortex.c.obj
 .debug_info    0x0000000000008c4d      0xaa9 CMakeFiles/Joint_Clion.elf.dir/Drivers/STM32F4xx_HAL_Driver/Src/stm32f4xx_hal_dma.c.obj
 .debug_info    0x00000000000096f6      0x7cc CMakeFiles/Joint_Clion.elf.dir/Drivers/STM32F4xx_HAL_Driver/Src/stm32f4xx_hal_gpio.c.obj
 .debug_info    0x0000000000009ec2      0xa90 CMakeFiles/Joint_Clion.elf.dir/Drivers/STM32F4xx_HAL_Driver/Src/stm32f4xx_hal_rcc.c.obj
 .debug_info    0x000000000000a952     0x359a CMakeFiles/Joint_Clion.elf.dir/Drivers/STM32F4xx_HAL_Driver/Src/stm32f4xx_hal_tim.c.obj
 .debug_info    0x000000000000deec     0x180b CMakeFiles/Joint_Clion.elf.dir/Drivers/STM32F4xx_HAL_Driver/Src/stm32f4xx_hal_tim_ex.c.obj
 .debug_info    0x000000000000f6f7     0x1a81 CMakeFiles/Joint_Clion.elf.dir/Drivers/STM32F4xx_HAL_Driver/Src/stm32f4xx_hal_uart.c.obj
 .debug_info    0x0000000000011178     0x2862 CMakeFiles/Joint_Clion.elf.dir/Middlewares/Third_Party/FreeRTOS/Source/CMSIS_RTOS/cmsis_os.c.obj
 .debug_info    0x00000000000139da      0xad4 CMakeFiles/Joint_Clion.elf.dir/Middlewares/Third_Party/FreeRTOS/Source/list.c.obj
 .debug_info    0x00000000000144ae      0x56b CMakeFiles/Joint_Clion.elf.dir/Middlewares/Third_Party/FreeRTOS/Source/portable/GCC/ARM_CM4F/port.c.obj
 .debug_info    0x0000000000014a19      0xdad CMakeFiles/Joint_Clion.elf.dir/Middlewares/Third_Party/FreeRTOS/Source/portable/MemMang/heap_4.c.obj
 .debug_info    0x00000000000157c6     0x310c CMakeFiles/Joint_Clion.elf.dir/Middlewares/Third_Party/FreeRTOS/Source/tasks.c.obj
 .debug_info    0x00000000000188d2      0x2e5 CMakeFiles/Joint_Clion.elf.dir/bsp/delay.c.obj
 .debug_info    0x0000000000018bb7      0xc16 CMakeFiles/Joint_Clion.elf.dir/bsp/myiic.c.obj
 .debug_info    0x00000000000197cd      0x93b CMakeFiles/Joint_Clion.elf.dir/component/PCA9685/PCA9685_driver.c.obj

.debug_abbrev   0x0000000000000000     0x39f2
 .debug_abbrev  0x0000000000000000      0x1a2 CMakeFiles/Joint_Clion.elf.dir/Applications/Joint_Task.cpp.obj
 .debug_abbrev  0x00000000000001a2      0x13d CMakeFiles/Joint_Clion.elf.dir/Core/Src/dma.c.obj
 .debug_abbrev  0x00000000000002df      0x182 CMakeFiles/Joint_Clion.elf.dir/Core/Src/freertos.c.obj
 .debug_abbrev  0x0000000000000461      0x15f CMakeFiles/Joint_Clion.elf.dir/Core/Src/gpio.c.obj
 .debug_abbrev  0x00000000000005c0      0x20c CMakeFiles/Joint_Clion.elf.dir/Core/Src/main.c.obj
 .debug_abbrev  0x00000000000007cc      0x130 CMakeFiles/Joint_Clion.elf.dir/Core/Src/stm32f4xx_hal_msp.c.obj
 .debug_abbrev  0x00000000000008fc      0x1ed CMakeFiles/Joint_Clion.elf.dir/Core/Src/stm32f4xx_hal_timebase_tim.c.obj
 .debug_abbrev  0x0000000000000ae9      0x175 CMakeFiles/Joint_Clion.elf.dir/Core/Src/stm32f4xx_it.c.obj
 .debug_abbrev  0x0000000000000c5e      0x206 CMakeFiles/Joint_Clion.elf.dir/Core/Src/sysmem.c.obj
 .debug_abbrev  0x0000000000000e64      0x128 CMakeFiles/Joint_Clion.elf.dir/Core/Src/system_stm32f4xx.c.obj
 .debug_abbrev  0x0000000000000f8c      0x1f3 CMakeFiles/Joint_Clion.elf.dir/Core/Src/tim.c.obj
 .debug_abbrev  0x000000000000117f      0x1e0 CMakeFiles/Joint_Clion.elf.dir/Core/Src/usart.c.obj
 .debug_abbrev  0x000000000000135f       0x12 CMakeFiles/Joint_Clion.elf.dir/Core/Startup/startup_stm32f407ighx.s.obj
 .debug_abbrev  0x0000000000001371      0x1ea CMakeFiles/Joint_Clion.elf.dir/Drivers/STM32F4xx_HAL_Driver/Src/stm32f4xx_hal.c.obj
 .debug_abbrev  0x000000000000155b      0x325 CMakeFiles/Joint_Clion.elf.dir/Drivers/STM32F4xx_HAL_Driver/Src/stm32f4xx_hal_cortex.c.obj
 .debug_abbrev  0x0000000000001880      0x28d CMakeFiles/Joint_Clion.elf.dir/Drivers/STM32F4xx_HAL_Driver/Src/stm32f4xx_hal_dma.c.obj
 .debug_abbrev  0x0000000000001b0d      0x1e4 CMakeFiles/Joint_Clion.elf.dir/Drivers/STM32F4xx_HAL_Driver/Src/stm32f4xx_hal_gpio.c.obj
 .debug_abbrev  0x0000000000001cf1      0x270 CMakeFiles/Joint_Clion.elf.dir/Drivers/STM32F4xx_HAL_Driver/Src/stm32f4xx_hal_rcc.c.obj
 .debug_abbrev  0x0000000000001f61      0x223 CMakeFiles/Joint_Clion.elf.dir/Drivers/STM32F4xx_HAL_Driver/Src/stm32f4xx_hal_tim.c.obj
 .debug_abbrev  0x0000000000002184      0x243 CMakeFiles/Joint_Clion.elf.dir/Drivers/STM32F4xx_HAL_Driver/Src/stm32f4xx_hal_tim_ex.c.obj
 .debug_abbrev  0x00000000000023c7      0x294 CMakeFiles/Joint_Clion.elf.dir/Drivers/STM32F4xx_HAL_Driver/Src/stm32f4xx_hal_uart.c.obj
 .debug_abbrev  0x000000000000265b      0x3c0 CMakeFiles/Joint_Clion.elf.dir/Middlewares/Third_Party/FreeRTOS/Source/CMSIS_RTOS/cmsis_os.c.obj
 .debug_abbrev  0x0000000000002a1b      0x220 CMakeFiles/Joint_Clion.elf.dir/Middlewares/Third_Party/FreeRTOS/Source/list.c.obj
 .debug_abbrev  0x0000000000002c3b      0x23a CMakeFiles/Joint_Clion.elf.dir/Middlewares/Third_Party/FreeRTOS/Source/portable/GCC/ARM_CM4F/port.c.obj
 .debug_abbrev  0x0000000000002e75      0x326 CMakeFiles/Joint_Clion.elf.dir/Middlewares/Third_Party/FreeRTOS/Source/portable/MemMang/heap_4.c.obj
 .debug_abbrev  0x000000000000319b      0x3ae CMakeFiles/Joint_Clion.elf.dir/Middlewares/Third_Party/FreeRTOS/Source/tasks.c.obj
 .debug_abbrev  0x0000000000003549      0x12a CMakeFiles/Joint_Clion.elf.dir/bsp/delay.c.obj
 .debug_abbrev  0x0000000000003673      0x1d1 CMakeFiles/Joint_Clion.elf.dir/bsp/myiic.c.obj
 .debug_abbrev  0x0000000000003844      0x1ae CMakeFiles/Joint_Clion.elf.dir/component/PCA9685/PCA9685_driver.c.obj

.debug_loc      0x0000000000000000     0xcd9f
 .debug_loc     0x0000000000000000       0x21 CMakeFiles/Joint_Clion.elf.dir/Applications/Joint_Task.cpp.obj
 .debug_loc     0x0000000000000021       0x42 CMakeFiles/Joint_Clion.elf.dir/Core/Src/freertos.c.obj
 .debug_loc     0x0000000000000063       0x3a CMakeFiles/Joint_Clion.elf.dir/Core/Src/main.c.obj
 .debug_loc     0x000000000000009d       0x6a CMakeFiles/Joint_Clion.elf.dir/Core/Src/stm32f4xx_hal_timebase_tim.c.obj
 .debug_loc     0x0000000000000107       0x58 CMakeFiles/Joint_Clion.elf.dir/Core/Src/sysmem.c.obj
 .debug_loc     0x000000000000015f      0x13e CMakeFiles/Joint_Clion.elf.dir/Core/Src/system_stm32f4xx.c.obj
 .debug_loc     0x000000000000029d       0x95 CMakeFiles/Joint_Clion.elf.dir/Core/Src/tim.c.obj
 .debug_loc     0x0000000000000332       0x63 CMakeFiles/Joint_Clion.elf.dir/Core/Src/usart.c.obj
 .debug_loc     0x0000000000000395      0x11b CMakeFiles/Joint_Clion.elf.dir/Drivers/STM32F4xx_HAL_Driver/Src/stm32f4xx_hal.c.obj
 .debug_loc     0x00000000000004b0      0x5ce CMakeFiles/Joint_Clion.elf.dir/Drivers/STM32F4xx_HAL_Driver/Src/stm32f4xx_hal_cortex.c.obj
 .debug_loc     0x0000000000000a7e      0xb4e CMakeFiles/Joint_Clion.elf.dir/Drivers/STM32F4xx_HAL_Driver/Src/stm32f4xx_hal_dma.c.obj
 .debug_loc     0x00000000000015cc      0x475 CMakeFiles/Joint_Clion.elf.dir/Drivers/STM32F4xx_HAL_Driver/Src/stm32f4xx_hal_gpio.c.obj
 .debug_loc     0x0000000000001a41      0x40f CMakeFiles/Joint_Clion.elf.dir/Drivers/STM32F4xx_HAL_Driver/Src/stm32f4xx_hal_rcc.c.obj
 .debug_loc     0x0000000000001e50     0x4670 CMakeFiles/Joint_Clion.elf.dir/Drivers/STM32F4xx_HAL_Driver/Src/stm32f4xx_hal_tim.c.obj
 .debug_loc     0x00000000000064c0     0x1a61 CMakeFiles/Joint_Clion.elf.dir/Drivers/STM32F4xx_HAL_Driver/Src/stm32f4xx_hal_tim_ex.c.obj
 .debug_loc     0x0000000000007f21     0x1ac3 CMakeFiles/Joint_Clion.elf.dir/Drivers/STM32F4xx_HAL_Driver/Src/stm32f4xx_hal_uart.c.obj
 .debug_loc     0x00000000000099e4     0x1033 CMakeFiles/Joint_Clion.elf.dir/Middlewares/Third_Party/FreeRTOS/Source/CMSIS_RTOS/cmsis_os.c.obj
 .debug_loc     0x000000000000aa17       0x70 CMakeFiles/Joint_Clion.elf.dir/Middlewares/Third_Party/FreeRTOS/Source/list.c.obj
 .debug_loc     0x000000000000aa87       0xdc CMakeFiles/Joint_Clion.elf.dir/Middlewares/Third_Party/FreeRTOS/Source/portable/GCC/ARM_CM4F/port.c.obj
 .debug_loc     0x000000000000ab63      0x383 CMakeFiles/Joint_Clion.elf.dir/Middlewares/Third_Party/FreeRTOS/Source/portable/MemMang/heap_4.c.obj
 .debug_loc     0x000000000000aee6     0x1ad7 CMakeFiles/Joint_Clion.elf.dir/Middlewares/Third_Party/FreeRTOS/Source/tasks.c.obj
 .debug_loc     0x000000000000c9bd      0x1e6 CMakeFiles/Joint_Clion.elf.dir/bsp/delay.c.obj
 .debug_loc     0x000000000000cba3      0x1fc CMakeFiles/Joint_Clion.elf.dir/bsp/myiic.c.obj

.debug_aranges  0x0000000000000000     0x1248
 .debug_aranges
                0x0000000000000000       0x20 CMakeFiles/Joint_Clion.elf.dir/Applications/Joint_Task.cpp.obj
 .debug_aranges
                0x0000000000000020       0x20 CMakeFiles/Joint_Clion.elf.dir/Core/Src/dma.c.obj
 .debug_aranges
                0x0000000000000040       0x38 CMakeFiles/Joint_Clion.elf.dir/Core/Src/freertos.c.obj
 .debug_aranges
                0x0000000000000078       0x20 CMakeFiles/Joint_Clion.elf.dir/Core/Src/gpio.c.obj
 .debug_aranges
                0x0000000000000098       0x38 CMakeFiles/Joint_Clion.elf.dir/Core/Src/main.c.obj
 .debug_aranges
                0x00000000000000d0       0x20 CMakeFiles/Joint_Clion.elf.dir/Core/Src/stm32f4xx_hal_msp.c.obj
 .debug_aranges
                0x00000000000000f0       0x30 CMakeFiles/Joint_Clion.elf.dir/Core/Src/stm32f4xx_hal_timebase_tim.c.obj
 .debug_aranges
                0x0000000000000120       0x68 CMakeFiles/Joint_Clion.elf.dir/Core/Src/stm32f4xx_it.c.obj
 .debug_aranges
                0x0000000000000188       0x20 CMakeFiles/Joint_Clion.elf.dir/Core/Src/sysmem.c.obj
 .debug_aranges
                0x00000000000001a8       0x28 CMakeFiles/Joint_Clion.elf.dir/Core/Src/system_stm32f4xx.c.obj
 .debug_aranges
                0x00000000000001d0       0x38 CMakeFiles/Joint_Clion.elf.dir/Core/Src/tim.c.obj
 .debug_aranges
                0x0000000000000208       0x30 CMakeFiles/Joint_Clion.elf.dir/Core/Src/usart.c.obj
 .debug_aranges
                0x0000000000000238       0x28 CMakeFiles/Joint_Clion.elf.dir/Core/Startup/startup_stm32f407ighx.s.obj
 .debug_aranges
                0x0000000000000260       0xf0 CMakeFiles/Joint_Clion.elf.dir/Drivers/STM32F4xx_HAL_Driver/Src/stm32f4xx_hal.c.obj
 .debug_aranges
                0x0000000000000350       0xa8 CMakeFiles/Joint_Clion.elf.dir/Drivers/STM32F4xx_HAL_Driver/Src/stm32f4xx_hal_cortex.c.obj