Archive member included to satisfy reference by file (symbol)

/home/szy/gcc-arm-none-eabi-7-2017-q4-major/bin/../lib/gcc/arm-none-eabi/7.2.1/../../../../arm-none-eabi/lib/thumb/v7e-m/fpv4-sp/hard/libstdc++.a(class_type_info.o)
                              CMakeFiles/Joint_Clion.elf.dir/Algorithms/PID/pid.cpp.obj (vtable for __cxxabiv1::__class_type_info)
/home/szy/gcc-arm-none-eabi-7-2017-q4-major/bin/../lib/gcc/arm-none-eabi/7.2.1/../../../../arm-none-eabi/lib/thumb/v7e-m/fpv4-sp/hard/libstdc++.a(del_ops.o)
                              /home/szy/gcc-arm-none-eabi-7-2017-q4-major/bin/../lib/gcc/arm-none-eabi/7.2.1/../../../../arm-none-eabi/lib/thumb/v7e-m/fpv4-sp/hard/libstdc++.a(class_type_info.o) (operator delete(void*, unsigned int))
/home/szy/gcc-arm-none-eabi-7-2017-q4-major/bin/../lib/gcc/arm-none-eabi/7.2.1/../../../../arm-none-eabi/lib/thumb/v7e-m/fpv4-sp/hard/libstdc++.a(si_class_type_info.o)
                              /home/szy/gcc-arm-none-eabi-7-2017-q4-major/bin/../lib/gcc/arm-none-eabi/7.2.1/../../../../arm-none-eabi/lib/thumb/v7e-m/fpv4-sp/hard/libstdc++.a(class_type_info.o) (vtable for __cxxabiv1::__si_class_type_info)
/home/szy/gcc-arm-none-eabi-7-2017-q4-major/bin/../lib/gcc/arm-none-eabi/7.2.1/../../../../arm-none-eabi/lib/thumb/v7e-m/fpv4-sp/hard/libstdc++.a(tinfo.o)
                              /home/szy/gcc-arm-none-eabi-7-2017-q4-major/bin/../lib/gcc/arm-none-eabi/7.2.1/../../../../arm-none-eabi/lib/thumb/v7e-m/fpv4-sp/hard/libstdc++.a(class_type_info.o) (std::type_info::~type_info())
/home/szy/gcc-arm-none-eabi-7-2017-q4-major/bin/../lib/gcc/arm-none-eabi/7.2.1/../../../../arm-none-eabi/lib/thumb/v7e-m/fpv4-sp/hard/libstdc++.a(del_op.o)
                              /home/szy/gcc-arm-none-eabi-7-2017-q4-major/bin/../lib/gcc/arm-none-eabi/7.2.1/../../../../arm-none-eabi/lib/thumb/v7e-m/fpv4-sp/hard/libstdc++.a(del_ops.o) (operator delete(void*))
/home/szy/gcc-arm-none-eabi-7-2017-q4-major/bin/../lib/gcc/arm-none-eabi/7.2.1/../../../../arm-none-eabi/lib/thumb/v7e-m/fpv4-sp/hard/libm.a(lib_a-s_floor.o)
                              CMakeFiles/Joint_Clion.elf.dir/component/PCA9685/PCA9685_driver.c.obj (floor)
/home/szy/gcc-arm-none-eabi-7-2017-q4-major/bin/../lib/gcc/arm-none-eabi/7.2.1/thumb/v7e-m/fpv4-sp/hard/libgcc.a(_arm_addsubdf3.o)
                              CMakeFiles/Joint_Clion.elf.dir/Algorithms/PID/pid.cpp.obj (__aeabi_dadd)
/home/szy/gcc-arm-none-eabi-7-2017-q4-major/bin/../lib/gcc/arm-none-eabi/7.2.1/thumb/v7e-m/fpv4-sp/hard/libgcc.a(_arm_muldivdf3.o)
                              CMakeFiles/Joint_Clion.elf.dir/Algorithms/PID/pid.cpp.obj (__aeabi_dmul)
/home/szy/gcc-arm-none-eabi-7-2017-q4-major/bin/../lib/gcc/arm-none-eabi/7.2.1/thumb/v7e-m/fpv4-sp/hard/libgcc.a(_arm_cmpdf2.o)
                              CMakeFiles/Joint_Clion.elf.dir/Algorithms/PID/pid.cpp.obj (__aeabi_dcmplt)
/home/szy/gcc-arm-none-eabi-7-2017-q4-major/bin/../lib/gcc/arm-none-eabi/7.2.1/thumb/v7e-m/fpv4-sp/hard/libgcc.a(_arm_fixunsdfsi.o)
                              CMakeFiles/Joint_Clion.elf.dir/component/PCA9685/PCA9685_driver.c.obj (__aeabi_d2uiz)
/home/szy/gcc-arm-none-eabi-7-2017-q4-major/bin/../lib/gcc/arm-none-eabi/7.2.1/thumb/v7e-m/fpv4-sp/hard/libgcc.a(_arm_truncdfsf2.o)
                              CMakeFiles/Joint_Clion.elf.dir/Algorithms/PID/pid.cpp.obj (__aeabi_d2f)
/home/szy/gcc-arm-none-eabi-7-2017-q4-major/bin/../lib/gcc/arm-none-eabi/7.2.1/thumb/v7e-m/fpv4-sp/hard/libgcc.a(_aeabi_uldivmod.o)
                              CMakeFiles/Joint_Clion.elf.dir/Drivers/STM32F4xx_HAL_Driver/Src/stm32f4xx_hal_rcc.c.obj (__aeabi_uldivmod)
/home/szy/gcc-arm-none-eabi-7-2017-q4-major/bin/../lib/gcc/arm-none-eabi/7.2.1/thumb/v7e-m/fpv4-sp/hard/libgcc.a(_udivmoddi4.o)
                              /home/szy/gcc-arm-none-eabi-7-2017-q4-major/bin/../lib/gcc/arm-none-eabi/7.2.1/thumb/v7e-m/fpv4-sp/hard/libgcc.a(_aeabi_uldivmod.o) (__udivmoddi4)
/home/szy/gcc-arm-none-eabi-7-2017-q4-major/bin/../lib/gcc/arm-none-eabi/7.2.1/thumb/v7e-m/fpv4-sp/hard/libgcc.a(unwind-arm.o)
                              /home/szy/gcc-arm-none-eabi-7-2017-q4-major/bin/../lib/gcc/arm-none-eabi/7.2.1/../../../../arm-none-eabi/lib/thumb/v7e-m/fpv4-sp/hard/libstdc++.a(class_type_info.o) (__aeabi_unwind_cpp_pr0)
/home/szy/gcc-arm-none-eabi-7-2017-q4-major/bin/../lib/gcc/arm-none-eabi/7.2.1/thumb/v7e-m/fpv4-sp/hard/libgcc.a(libunwind.o)
                              /home/szy/gcc-arm-none-eabi-7-2017-q4-major/bin/../lib/gcc/arm-none-eabi/7.2.1/thumb/v7e-m/fpv4-sp/hard/libgcc.a(unwind-arm.o) (restore_core_regs)
/home/szy/gcc-arm-none-eabi-7-2017-q4-major/bin/../lib/gcc/arm-none-eabi/7.2.1/thumb/v7e-m/fpv4-sp/hard/libgcc.a(pr-support.o)
                              /home/szy/gcc-arm-none-eabi-7-2017-q4-major/bin/../lib/gcc/arm-none-eabi/7.2.1/thumb/v7e-m/fpv4-sp/hard/libgcc.a(unwind-arm.o) (__gnu_unwind_execute)
[...]
Memory Configuration

Name             Origin             Length             Attributes
CCMRAM           0x0000000010000000 0x0000000000010000 xrw
RAM              0x0000000020000000 0x0000000000020000 xrw
FLASH            0x0000000008000000 0x0000000000100000 xr
*default*        0x0000000000000000 0xffffffffffffffff

Linker script and memory map

LOAD /home/szy/gcc-arm-none-eabi-7-2017-q4-major/bin/../lib/gcc/arm-none-eabi/7.2.1/thumb/v7e-m/fpv4-sp/hard/crti.o
LOAD /home/szy/gcc-arm-none-eabi-7-2017-q4-major/bin/../lib/gcc/arm-none-eabi/7.2.1/thumb/v7e-m/fpv4-sp/hard/crtbegin.o
LOAD /home/szy/gcc-arm-none-eabi-7-2017-q4-major/bin/../lib/gcc/arm-none-eabi/7.2.1/../../../../arm-none-eabi/lib/thumb/v7e-m/fpv4-sp/hard/crt0.o
LOAD CMakeFiles/Joint_Clion.elf.dir/Algorithms/PID/pid.cpp.obj
LOAD CMakeFiles/Joint_Clion.elf.dir/Applications/Joint_Task.cpp.obj
LOAD CMakeFiles/Joint_Clion.elf.dir/Core/Src/dma.c.obj
LOAD CMakeFiles/Joint_Clion.elf.dir/Core/Src/freertos.c.obj
LOAD CMakeFiles/Joint_Clion.elf.dir/Core/Src/gpio.c.obj
LOAD CMakeFiles/Joint_Clion.elf.dir/Core/Src/main.c.obj
LOAD CMakeFiles/Joint_Clion.elf.dir/Core/Src/stm32f4xx_hal_msp.c.obj
LOAD CMakeFiles/Joint_Clion.elf.dir/Core/Src/stm32f4xx_hal_timebase_tim.c.obj
LOAD CMakeFiles/Joint_Clion.elf.dir/Core/Src/stm32f4xx_it.c.obj
LOAD CMakeFiles/Joint_Clion.elf.dir/Core/Src/syscalls.c.obj
LOAD CMakeFiles/Joint_Clion.elf.dir/Core/Src/sysmem.c.obj
LOAD CMakeFiles/Joint_Clion.elf.dir/Core/Src/system_stm32f4xx.c.obj
LOAD CMakeFiles/Joint_Clion.elf.dir/Core/Src/tim.c.obj
LOAD CMakeFiles/Joint_Clion.elf.dir/Core/Src/usart.c.obj
LOAD CMakeFiles/Joint_Clion.elf.dir/Core/Startup/startup_stm32f407ighx.s.obj
LOAD CMakeFiles/Joint_Clion.elf.dir/Drivers/STM32F4xx_HAL_Driver/Src/stm32f4xx_hal.c.obj
LOAD CMakeFiles/Joint_Clion.elf.dir/Drivers/STM32F4xx_HAL_Driver/Src/stm32f4xx_hal_cortex.c.obj
LOAD CMakeFiles/Joint_Clion.elf.dir/Drivers/STM32F4xx_HAL_Driver/Src/stm32f4xx_hal_dma.c.obj
LOAD CMakeFiles/Joint_Clion.elf.dir/Drivers/STM32F4xx_HAL_Driver/Src/stm32f4xx_hal_dma_ex.c.obj
LOAD CMakeFiles/Joint_Clion.elf.dir/Drivers/STM32F4xx_HAL_Driver/Src/stm32f4xx_hal_exti.c.obj
LOAD CMakeFiles/Joint_Clion.elf.dir/Drivers/STM32F4xx_HAL_Driver/Src/stm32f4xx_hal_flash.c.obj
LOAD CMakeFiles/Joint_Clion.elf.dir/Drivers/STM32F4xx_HAL_Driver/Src/stm32f4xx_hal_flash_ex.c.obj
LOAD CMakeFiles/Joint_Clion.elf.dir/Drivers/STM32F4xx_HAL_Driver/Src/stm32f4xx_hal_flash_ramfunc.c.obj
LOAD CMakeFiles/Joint_Clion.elf.dir/Drivers/STM32F4xx_HAL_Driver/Src/stm32f4xx_hal_gpio.c.obj
LOAD CMakeFiles/Joint_Clion.elf.dir/Drivers/STM32F4xx_HAL_Driver/Src/stm32f4xx_hal_pwr.c.obj
LOAD CMakeFiles/Joint_Clion.elf.dir/Drivers/STM32F4xx_HAL_Driver/Src/stm32f4xx_hal_pwr_ex.c.obj
LOAD CMakeFiles/Joint_Clion.elf.dir/Drivers/STM32F4xx_HAL_Driver/Src/stm32f4xx_hal_rcc.c.obj
LOAD CMakeFiles/Joint_Clion.elf.dir/Drivers/STM32F4xx_HAL_Driver/Src/stm32f4xx_hal_rcc_ex.c.obj
LOAD CMakeFiles/Joint_Clion.elf.dir/Drivers/STM32F4xx_HAL_Driver/Src/stm32f4xx_hal_tim.c.obj
LOAD CMakeFiles/Joint_Clion.elf.dir/Drivers/STM32F4xx_HAL_Driver/Src/stm32f4xx_hal_tim_ex.c.obj
LOAD CMakeFiles/Joint_Clion.elf.dir/Drivers/STM32F4xx_HAL_Driver/Src/stm32f4xx_hal_uart.c.obj
LOAD CMakeFiles/Joint_Clion.elf.dir/Middlewares/Third_Party/FreeRTOS/Source/CMSIS_RTOS/cmsis_os.c.obj
LOAD CMakeFiles/Joint_Clion.elf.dir/Middlewares/Third_Party/FreeRTOS/Source/croutine.c.obj
LOAD CMakeFiles/Joint_Clion.elf.dir/Middlewares/Third_Party/FreeRTOS/Source/event_groups.c.obj
LOAD CMakeFiles/Joint_Clion.elf.dir/Middlewares/Third_Party/FreeRTOS/Source/list.c.obj
LOAD CMakeFiles/Joint_Clion.elf.dir/Middlewares/Third_Party/FreeRTOS/Source/portable/GCC/ARM_CM4F/port.c.obj
LOAD CMakeFiles/Joint_Clion.elf.dir/Middlewares/Third_Party/FreeRTOS/Source/portable/MemMang/heap_4.c.obj
LOAD CMakeFiles/Joint_Clion.elf.dir/Middlewares/Third_Party/FreeRTOS/Source/queue.c.obj
LOAD CMakeFiles/Joint_Clion.elf.dir/Middlewares/Third_Party/FreeRTOS/Source/stream_buffer.c.obj
LOAD CMakeFiles/Joint_Clion.elf.dir/Middlewares/Third_Party/FreeRTOS/Source/tasks.c.obj
LOAD CMakeFiles/Joint_Clion.elf.dir/Middlewares/Third_Party/FreeRTOS/Source/timers.c.obj
LOAD CMakeFiles/Joint_Clion.elf.dir/bsp/delay.c.obj
LOAD CMakeFiles/Joint_Clion.elf.dir/bsp/myiic.c.obj
LOAD CMakeFiles/Joint_Clion.elf.dir/component/PCA9685/PCA9685_driver.c.obj
LOAD /home/szy/gcc-arm-none-eabi-7-2017-q4-major/bin/../lib/gcc/arm-none-eabi/7.2.1/../../../../arm-none-eabi/lib/thumb/v7e-m/fpv4-sp/hard/libstdc++.a
LOAD /home/szy/gcc-arm-none-eabi-7-2017-q4-major/bin/../lib/gcc/arm-none-eabi/7.2.1/../../../../arm-none-eabi/lib/thumb/v7e-m/fpv4-sp/hard/libm.a
START GROUP
LOAD /home/szy/gcc-arm-none-eabi-7-2017-q4-major/bin/../lib/gcc/arm-none-eabi/7.2.1/thumb/v7e-m/fpv4-sp/hard/libgcc.a
LOAD /home/szy/gcc-arm-none-eabi-7-2017-q4-major/bin/../lib/gcc/arm-none-eabi/7.2.1/../../../../arm-none-eabi/lib/thumb/v7e-m/fpv4-sp/hard/libg.a
LOAD /home/szy/gcc-arm-none-eabi-7-2017-q4-major/bin/../lib/gcc/arm-none-eabi/7.2.1/../../../../arm-none-eabi/lib/thumb/v7e-m/fpv4-sp/hard/libc.a
END GROUP
LOAD /home/szy/gcc-arm-none-eabi-7-2017-q4-major/bin/../lib/gcc/arm-none-eabi/7.2.1/thumb/v7e-m/fpv4-sp/hard/crtend.o
LOAD /home/szy/gcc-arm-none-eabi-7-2017-q4-major/bin/../lib/gcc/arm-none-eabi/7.2.1/thumb/v7e-m/fpv4-sp/hard/crtn.o
                0x0000000020020000                _estack = (ORIGIN (RAM) + LENGTH (RAM))
                0x0000000000000200                _Min_Heap_Size = 0x200
                0x0000000000000400                _Min_Stack_Size = 0x400

.isr_vector     0x0000000008000000      0x188
                0x0000000008000000                . = ALIGN (0x4)
 *(.isr_vector)
 .isr_vector    0x0000000008000000      0x188 CMakeFiles/Joint_Clion.elf.dir/Core/Startup/startup_stm32f407ighx.s.obj
                0x0000000008000000                g_pfnVectors
                0x0000000008000188                . = ALIGN (0x4)

.text           0x0000000008000190     0x5ac4
                0x0000000008000190                . = ALIGN (0x4)
 *(.text)
 .text          0x0000000008000190       0x40 /home/szy/gcc-arm-none-eabi-7-2017-q4-major/bin/../lib/gcc/arm-none-eabi/7.2.1/thumb/v7e-m/fpv4-sp/hard/crtbegin.o
 .text          0x00000000080001d0      0x378 /home/szy/gcc-arm-none-eabi-7-2017-q4-major/bin/../lib/gcc/arm-none-eabi/7.2.1/thumb/v7e-m/fpv4-sp/hard/libgcc.a(_arm_addsubdf3.o)
                0x00000000080001d0                __aeabi_drsub
                0x00000000080001d8                __aeabi_dsub
                0x00000000080001d8                __subdf3
                0x00000000080001dc                __adddf3
                0x00000000080001dc                __aeabi_dadd
                0x0000000008000454                __aeabi_ui2d
                0x0000000008000454                __floatunsidf
                0x0000000008000474                __floatsidf
                0x0000000008000474                __aeabi_i2d
                0x0000000008000498                __extendsfdf2
                0x0000000008000498                __aeabi_f2d
                0x00000000080004dc                __aeabi_ul2d
                0x00000000080004dc                __floatundidf
                0x00000000080004ec                __floatdidf
                0x00000000080004ec                __aeabi_l2d
 .text          0x0000000008000548      0x110 /home/szy/gcc-arm-none-eabi-7-2017-q4-major/bin/../lib/gcc/arm-none-eabi/7.2.1/thumb/v7e-m/fpv4-sp/hard/libgcc.a(_arm_cmpdf2.o)
                0x0000000008000548                __gtdf2
                0x0000000008000548                __gedf2
                0x0000000008000550                __ltdf2
                0x0000000008000550                __ledf2
                0x0000000008000558                __cmpdf2
                0x0000000008000558                __eqdf2
                0x0000000008000558                __nedf2
                0x00000000080005d4                __aeabi_cdrcmple
                0x00000000080005e4                __aeabi_cdcmple
                0x00000000080005e4                __aeabi_cdcmpeq
                0x00000000080005f4                __aeabi_dcmpeq
                0x0000000008000608                __aeabi_dcmplt
                0x000000000800061c                __aeabi_dcmple
                0x0000000008000630                __aeabi_dcmpge
                0x0000000008000644                __aeabi_dcmpgt
 .text          0x0000000008000658       0x40 /home/szy/gcc-arm-none-eabi-7-2017-q4-major/bin/../lib/gcc/arm-none-eabi/7.2.1/thumb/v7e-m/fpv4-sp/hard/libgcc.a(_arm_fixunsdfsi.o)
                0x0000000008000658                __fixunsdfsi
                0x0000000008000658                __aeabi_d2uiz
 .text          0x0000000008000698       0x30 /home/szy/gcc-arm-none-eabi-7-2017-q4-major/bin/../lib/gcc/arm-none-eabi/7.2.1/thumb/v7e-m/fpv4-sp/hard/libgcc.a(_aeabi_uldivmod.o)
                0x0000000008000698                __aeabi_uldivmod
 .text          0x00000000080006c8      0x2cc /home/szy/gcc-arm-none-eabi-7-2017-q4-major/bin/../lib/gcc/arm-none-eabi/7.2.1/thumb/v7e-m/fpv4-sp/hard/libgcc.a(_udivmoddi4.o)
                0x00000000080006c8                __udivmoddi4
 .text          0x0000000008000994      0x9ec /home/szy/gcc-arm-none-eabi-7-2017-q4-major/bin/../lib/gcc/arm-none-eabi/7.2.1/thumb/v7e-m/fpv4-sp/hard/libgcc.a(unwind-arm.o)
                0x0000000008000c48                _Unwind_GetCFA
                0x0000000008000c4c                __gnu_Unwind_RaiseException
                0x0000000008000cac                __gnu_Unwind_ForcedUnwind
                0x0000000008000cc0                __gnu_Unwind_Resume
                0x0000000008000d04                __gnu_Unwind_Resume_or_Rethrow
                0x0000000008000d14                _Unwind_Complete
                0x0000000008000d18                _Unwind_DeleteException
                0x0000000008000d24                _Unwind_VRS_Get
                0x0000000008000d68                _Unwind_VRS_Set
                0x0000000008000db0                __gnu_Unwind_Backtrace
                0x00000000080010f4                __aeabi_unwind_cpp_pr0
                0x00000000080010f8                __aeabi_unwind_cpp_pr1
                0x00000000080010fc                __aeabi_unwind_cpp_pr2
                0x0000000008001100                _Unwind_VRS_Pop
 .text          0x0000000008001380      0x1ac /home/szy/gcc-arm-none-eabi-7-2017-q4-major/bin/../lib/gcc/arm-none-eabi/7.2.1/thumb/v7e-m/fpv4-sp/hard/libgcc.a(libunwind.o)
                0x0000000008001380                __restore_core_regs
                0x0000000008001380                restore_core_regs
                0x0000000008001398                __gnu_Unwind_Restore_VFP
                0x00000000080013a0                __gnu_Unwind_Save_VFP
                0x00000000080013a8                __gnu_Unwind_Restore_VFP_D
                0x00000000080013b0                __gnu_Unwind_Save_VFP_D
                0x00000000080013b8                __gnu_Unwind_Restore_VFP_D_16_to_31
                0x00000000080013c0                __gnu_Unwind_Save_VFP_D_16_to_31
                0x00000000080013c8                __gnu_Unwind_Restore_WMMXD
                0x000000000800140c                __gnu_Unwind_Save_WMMXD
                0x0000000008001450                __gnu_Unwind_Restore_WMMXC
                0x0000000008001464                __gnu_Unwind_Save_WMMXC
                0x0000000008001478                ___Unwind_RaiseException
                0x0000000008001478                _Unwind_RaiseException
                0x000000000800149c                ___Unwind_Resume
                0x000000000800149c                _Unwind_Resume
                0x00000000080014c0                _Unwind_Resume_or_Rethrow
                0x00000000080014c0                ___Unwind_Resume_or_Rethrow
                0x00000000080014e4                ___Unwind_ForcedUnwind
                0x00000000080014e4                _Unwind_ForcedUnwind
                0x0000000008001508                _Unwind_Backtrace
                0x0000000008001508                ___Unwind_Backtrace
 .text          0x000000000800152c      0x374 /home/szy/gcc-arm-none-eabi-7-2017-q4-major/bin/../lib/gcc/arm-none-eabi/7.2.1/thumb/v7e-m/fpv4-sp/hard/libgcc.a(pr-support.o)
                0x0000000008001584                __gnu_unwind_execute
                0x0000000008001848                __gnu_unwind_frame
                0x0000000008001870                _Unwind_GetRegionStart
                0x000000000800187c                _Unwind_GetLanguageSpecificData
                0x0000000008001890                _Unwind_GetDataRelBase
                0x0000000008001898                _Unwind_GetTextRelBase
 .text          0x00000000080018a0        0x4 /home/szy/gcc-arm-none-eabi-7-2017-q4-major/bin/../lib/gcc/arm-none-eabi/7.2.1/thumb/v7e-m/fpv4-sp/hard/libgcc.a(_dvmd_tls.o)
                0x00000000080018a0                __aeabi_ldiv0
                0x00000000080018a0                __aeabi_idiv0
 .text          0x00000000080018a4      0x134 /home/szy/gcc-arm-none-eabi-7-2017-q4-major/bin/../lib/gcc/arm-none-eabi/7.2.1/../../../../arm-none-eabi/lib/thumb/v7e-m/fpv4-sp/hard/libg.a(lib_a-memcpy.o)
                0x00000000080018a4                memcpy
 *(.text*)
 .text.Joint_Task
                0x00000000080019d8       0x28 CMakeFiles/Joint_Clion.elf.dir/Applications/Joint_Task.cpp.obj
                0x00000000080019d8                Joint_Task
 .text.MX_DMA_Init
                0x0000000008001a00       0x44 CMakeFiles/Joint_Clion.elf.dir/Core/Src/dma.c.obj
                0x0000000008001a00                MX_DMA_Init
 .text.StartDefaultTask
                0x0000000008001a44        0xa CMakeFiles/Joint_Clion.elf.dir/Core/Src/freertos.c.obj
                0x0000000008001a44                StartDefaultTask
 *fill*         0x0000000008001a4e        0x2 
 .text.vApplicationGetIdleTaskMemory
                0x0000000008001a50       0x18 CMakeFiles/Joint_Clion.elf.dir/Core/Src/freertos.c.obj
                0x0000000008001a50                vApplicationGetIdleTaskMemory
 .text.MX_FREERTOS_Init
                0x0000000008001a68       0x50 CMakeFiles/Joint_Clion.elf.dir/Core/Src/freertos.c.obj
                0x0000000008001a68                MX_FREERTOS_Init
 .text.MX_GPIO_Init
                0x0000000008001ab8       0x94 CMakeFiles/Joint_Clion.elf.dir/Core/Src/gpio.c.obj
                0x0000000008001ab8                MX_GPIO_Init
 .text.HAL_TIM_PeriodElapsedCallback
                0x0000000008001b4c       0x18 CMakeFiles/Joint_Clion.elf.dir/Core/Src/main.c.obj
                0x0000000008001b4c                HAL_TIM_PeriodElapsedCallback
 .text.Error_Handler
                0x0000000008001b64        0x4 CMakeFiles/Joint_Clion.elf.dir/Core/Src/main.c.obj
                0x0000000008001b64                Error_Handler
 .text.SystemClock_Config
                0x0000000008001b68       0xa8 CMakeFiles/Joint_Clion.elf.dir/Core/Src/main.c.obj
                0x0000000008001b68                SystemClock_Config
 .text.main     0x0000000008001c10       0x24 CMakeFiles/Joint_Clion.elf.dir/Core/Src/main.c.obj
                0x0000000008001c10                main
 .text.HAL_MspInit
                0x0000000008001c34       0x44 CMakeFiles/Joint_Clion.elf.dir/Core/Src/stm32f4xx_hal_msp.c.obj
                0x0000000008001c34                HAL_MspInit
 .text.HAL_InitTick
                0x0000000008001c78       0x7c CMakeFiles/Joint_Clion.elf.dir/Core/Src/stm32f4xx_hal_timebase_tim.c.obj
                0x0000000008001c78                HAL_InitTick
 .text.NMI_Handler
                0x0000000008001cf4        0x2 CMakeFiles/Joint_Clion.elf.dir/Core/Src/stm32f4xx_it.c.obj
                0x0000000008001cf4                NMI_Handler
 .text.HardFault_Handler
                0x0000000008001cf6        0x2 CMakeFiles/Joint_Clion.elf.dir/Core/Src/stm32f4xx_it.c.obj
                0x0000000008001cf6                HardFault_Handler
 .text.MemManage_Handler
                0x0000000008001cf8        0x2 CMakeFiles/Joint_Clion.elf.dir/Core/Src/stm32f4xx_it.c.obj
                0x0000000008001cf8                MemManage_Handler
 .text.BusFault_Handler
                0x0000000008001cfa        0x2 CMakeFiles/Joint_Clion.elf.dir/Core/Src/stm32f4xx_it.c.obj
                0x0000000008001cfa                BusFault_Handler
 .text.UsageFault_Handler
                0x0000000008001cfc        0x2 CMakeFiles/Joint_Clion.elf.dir/Core/Src/stm32f4xx_it.c.obj
                0x0000000008001cfc                UsageFault_Handler
 .text.DebugMon_Handler
                0x0000000008001cfe        0x2 CMakeFiles/Joint_Clion.elf.dir/Core/Src/stm32f4xx_it.c.obj
                0x0000000008001cfe                DebugMon_Handler
 .text.TIM1_BRK_TIM9_IRQHandler
                0x0000000008001d00       0x18 CMakeFiles/Joint_Clion.elf.dir/Core/Src/stm32f4xx_it.c.obj
                0x0000000008001d00                TIM1_BRK_TIM9_IRQHandler
 .text.USART1_IRQHandler
                0x0000000008001d18       0x10 CMakeFiles/Joint_Clion.elf.dir/Core/Src/stm32f4xx_it.c.obj
                0x0000000008001d18                USART1_IRQHandler
 .text.DMA2_Stream2_IRQHandler
                0x0000000008001d28       0x10 CMakeFiles/Joint_Clion.elf.dir/Core/Src/stm32f4xx_it.c.obj
                0x0000000008001d28                DMA2_Stream2_IRQHandler
 .text.DMA2_Stream7_IRQHandler
                0x0000000008001d38       0x10 CMakeFiles/Joint_Clion.elf.dir/Core/Src/stm32f4xx_it.c.obj
                0x0000000008001d38                DMA2_Stream7_IRQHandler
 .text._getpid  0x0000000008001d48        0x4 CMakeFiles/Joint_Clion.elf.dir/Core/Src/syscalls.c.obj
                0x0000000008001d48                _getpid
 .text._kill    0x0000000008001d4c       0x10 CMakeFiles/Joint_Clion.elf.dir/Core/Src/syscalls.c.obj
                0x0000000008001d4c                _kill
 .text._exit    0x0000000008001d5c        0xc CMakeFiles/Joint_Clion.elf.dir/Core/Src/syscalls.c.obj
                0x0000000008001d5c                _exit
 .text._sbrk    0x0000000008001d68       0x48 CMakeFiles/Joint_Clion.elf.dir/Core/Src/sysmem.c.obj
                0x0000000008001d68                _sbrk
 .text.SystemInit
                0x0000000008001db0       0x14 CMakeFiles/Joint_Clion.elf.dir/Core/Src/system_stm32f4xx.c.obj
                0x0000000008001db0                SystemInit
 .text.HAL_TIM_Base_MspInit
                0x0000000008001dc4       0x40 CMakeFiles/Joint_Clion.elf.dir/Core/Src/tim.c.obj
                0x0000000008001dc4                HAL_TIM_Base_MspInit
 .text.HAL_TIM_MspPostInit
                0x0000000008001e04       0x5c CMakeFiles/Joint_Clion.elf.dir/Core/Src/tim.c.obj
                0x0000000008001e04                HAL_TIM_MspPostInit
 .text.MX_TIM1_Init
                0x0000000008001e60       0xf0 CMakeFiles/Joint_Clion.elf.dir/Core/Src/tim.c.obj
                0x0000000008001e60                MX_TIM1_Init
 .text.MX_USART1_UART_Init
                0x0000000008001f50       0x34 CMakeFiles/Joint_Clion.elf.dir/Core/Src/usart.c.obj
                0x0000000008001f50                MX_USART1_UART_Init
 .text.HAL_UART_MspInit
                0x0000000008001f84      0x134 CMakeFiles/Joint_Clion.elf.dir/Core/Src/usart.c.obj
                0x0000000008001f84                HAL_UART_MspInit
 .text.Reset_Handler
                0x00000000080020b8       0x50 CMakeFiles/Joint_Clion.elf.dir/Core/Startup/startup_stm32f407ighx.s.obj
                0x00000000080020b8                Reset_Handler
 .text.Default_Handler
                0x0000000008002108        0x2 CMakeFiles/Joint_Clion.elf.dir/Core/Startup/startup_stm32f407ighx.s.obj
                0x0000000008002108                RTC_Alarm_IRQHandler
                0x0000000008002108                HASH_RNG_IRQHandler
                0x0000000008002108                EXTI2_IRQHandler
                0x0000000008002108                TIM8_CC_IRQHandler
                0x0000000008002108                TIM1_CC_IRQHandler
                0x0000000008002108                DMA2_Stream5_IRQHandler
                0x0000000008002108                DMA1_Stream5_IRQHandler
                0x0000000008002108                PVD_IRQHandler
                0x0000000008002108                SDIO_IRQHandler
                0x0000000008002108                TAMP_STAMP_IRQHandler
                0x0000000008002108                CAN2_RX1_IRQHandler
                0x0000000008002108                EXTI3_IRQHandler
                0x0000000008002108                TIM8_TRG_COM_TIM14_IRQHandler
                0x0000000008002108                TIM1_UP_TIM10_IRQHandler
                0x0000000008002108                TIM8_UP_TIM13_IRQHandler
                0x0000000008002108                I2C3_ER_IRQHandler
                0x0000000008002108                EXTI0_IRQHandler
                0x0000000008002108                I2C2_EV_IRQHandler
                0x0000000008002108                DMA1_Stream2_IRQHandler
                0x0000000008002108                CAN1_RX0_IRQHandler
                0x0000000008002108                FPU_IRQHandler
                0x0000000008002108                OTG_HS_WKUP_IRQHandler
                0x0000000008002108                CAN2_SCE_IRQHandler
                0x0000000008002108                SPI1_IRQHandler
                0x0000000008002108                TIM6_DAC_IRQHandler
                0x0000000008002108                DCMI_IRQHandler
                0x0000000008002108                CAN2_RX0_IRQHandler
                0x0000000008002108                DMA2_Stream3_IRQHandler
                0x0000000008002108                USART6_IRQHandler
                0x0000000008002108                USART3_IRQHandler
                0x0000000008002108                CAN1_RX1_IRQHandler
                0x0000000008002108                UART5_IRQHandler
                0x0000000008002108                DMA2_Stream0_IRQHandler
                0x0000000008002108                TIM4_IRQHandler
                0x0000000008002108                I2C1_EV_IRQHandler
                0x0000000008002108                DMA1_Stream6_IRQHandler
                0x0000000008002108                DMA1_Stream1_IRQHandler
                0x0000000008002108                UART4_IRQHandler
                0x0000000008002108                TIM3_IRQHandler
                0x0000000008002108                RCC_IRQHandler
                0x0000000008002108                TIM8_BRK_TIM12_IRQHandler
                0x0000000008002108                Default_Handler
                0x0000000008002108                EXTI15_10_IRQHandler
                0x0000000008002108                ADC_IRQHandler
                0x0000000008002108                DMA1_Stream7_IRQHandler
                0x0000000008002108                TIM7_IRQHandler
                0x0000000008002108                CAN2_TX_IRQHandler
                0x0000000008002108                TIM5_IRQHandler
                0x0000000008002108                I2C3_EV_IRQHandler
                0x0000000008002108                EXTI9_5_IRQHandler
                0x0000000008002108                RTC_WKUP_IRQHandler
                0x0000000008002108                ETH_WKUP_IRQHandler
                0x0000000008002108                SPI2_IRQHandler
                0x0000000008002108                OTG_HS_EP1_IN_IRQHandler
                0x0000000008002108                DMA1_Stream0_IRQHandler
                0x0000000008002108                CAN1_TX_IRQHandler
                0x0000000008002108                EXTI4_IRQHandler
                0x0000000008002108                FSMC_IRQHandler
                0x0000000008002108                ETH_IRQHandler
                0x0000000008002108                OTG_HS_EP1_OUT_IRQHandler
                0x0000000008002108                WWDG_IRQHandler
                0x0000000008002108                TIM2_IRQHandler
                0x0000000008002108                OTG_FS_WKUP_IRQHandler
                0x0000000008002108                TIM1_TRG_COM_TIM11_IRQHandler
                0x0000000008002108                OTG_HS_IRQHandler
                0x0000000008002108                EXTI1_IRQHandler
                0x0000000008002108                USART2_IRQHandler
                0x0000000008002108                I2C2_ER_IRQHandler
                0x0000000008002108                DMA2_Stream1_IRQHandler
                0x0000000008002108                CAN1_SCE_IRQHandler
                0x0000000008002108                FLASH_IRQHandler
                0x0000000008002108                DMA2_Stream4_IRQHandler
                0x0000000008002108                OTG_FS_IRQHandler
                0x0000000008002108                SPI3_IRQHandler
                0x0000000008002108                DMA1_Stream4_IRQHandler
                0x0000000008002108                I2C1_ER_IRQHandler
                0x0000000008002108                DMA2_Stream6_IRQHandler
                0x0000000008002108                DMA1_Stream3_IRQHandler
 *fill*         0x000000000800210a        0x2 
 .text.HAL_Init
                0x000000000800210c       0x34 CMakeFiles/Joint_Clion.elf.dir/Drivers/STM32F4xx_HAL_Driver/Src/stm32f4xx_hal.c.obj
                0x000000000800210c                HAL_Init
 .text.HAL_IncTick
                0x0000000008002140       0x18 CMakeFiles/Joint_Clion.elf.dir/Drivers/STM32F4xx_HAL_Driver/Src/stm32f4xx_hal.c.obj
                0x0000000008002140                HAL_IncTick
 .text.HAL_GetTick
                0x0000000008002158        0xc CMakeFiles/Joint_Clion.elf.dir/Drivers/STM32F4xx_HAL_Driver/Src/stm32f4xx_hal.c.obj
                0x0000000008002158                HAL_GetTick
 .text.HAL_Delay
                0x0000000008002164       0x28 CMakeFiles/Joint_Clion.elf.dir/Drivers/STM32F4xx_HAL_Driver/Src/stm32f4xx_hal.c.obj
                0x0000000008002164                HAL_Delay
 .text.HAL_NVIC_SetPriorityGrouping
                0x000000000800218c       0x24 CMakeFiles/Joint_Clion.elf.dir/Drivers/STM32F4xx_HAL_Driver/Src/stm32f4xx_hal_cortex.c.obj
                0x000000000800218c                HAL_NVIC_SetPriorityGrouping
 .text.HAL_NVIC_SetPriority
                0x00000000080021b0       0x68 CMakeFiles/Joint_Clion.elf.dir/Drivers/STM32F4xx_HAL_Driver/Src/stm32f4xx_hal_cortex.c.obj
                0x00000000080021b0                HAL_NVIC_SetPriority
 .text.HAL_NVIC_EnableIRQ
                0x0000000008002218       0x1c CMakeFiles/Joint_Clion.elf.dir/Drivers/STM32F4xx_HAL_Driver/Src/stm32f4xx_hal_cortex.c.obj
                0x0000000008002218                HAL_NVIC_EnableIRQ
 .text.DMA_SetConfig
                0x0000000008002234       0x2c CMakeFiles/Joint_Clion.elf.dir/Drivers/STM32F4xx_HAL_Driver/Src/stm32f4xx_hal_dma.c.obj
 .text.DMA_CalcBaseAndBitshift
                0x0000000008002260       0x3c CMakeFiles/Joint_Clion.elf.dir/Drivers/STM32F4xx_HAL_Driver/Src/stm32f4xx_hal_dma.c.obj
 .text.DMA_CheckFifoParam
                0x000000000800229c       0x8e CMakeFiles/Joint_Clion.elf.dir/Drivers/STM32F4xx_HAL_Driver/Src/stm32f4xx_hal_dma.c.obj
 *fill*         0x000000000800232a        0x2 
 .text.HAL_DMA_Init
                0x000000000800232c       0xcc CMakeFiles/Joint_Clion.elf.dir/Drivers/STM32F4xx_HAL_Driver/Src/stm32f4xx_hal_dma.c.obj
                0x000000000800232c                HAL_DMA_Init
 .text.HAL_DMA_Start_IT
                0x00000000080023f8       0x6a CMakeFiles/Joint_Clion.elf.dir/Drivers/STM32F4xx_HAL_Driver/Src/stm32f4xx_hal_dma.c.obj
                0x00000000080023f8                HAL_DMA_Start_IT
 .text.HAL_DMA_Abort
                0x0000000008002462       0x94 CMakeFiles/Joint_Clion.elf.dir/Drivers/STM32F4xx_HAL_Driver/Src/stm32f4xx_hal_dma.c.obj
                0x0000000008002462                HAL_DMA_Abort
 .text.HAL_DMA_Abort_IT
                0x00000000080024f6       0x26 CMakeFiles/Joint_Clion.elf.dir/Drivers/STM32F4xx_HAL_Driver/Src/stm32f4xx_hal_dma.c.obj
                0x00000000080024f6                HAL_DMA_Abort_IT
 .text.HAL_DMA_IRQHandler
                0x000000000800251c      0x1dc CMakeFiles/Joint_Clion.elf.dir/Drivers/STM32F4xx_HAL_Driver/Src/stm32f4xx_hal_dma.c.obj
                0x000000000800251c                HAL_DMA_IRQHandler
 .text.HAL_GPIO_Init
                0x00000000080026f8      0x1d4 CMakeFiles/Joint_Clion.elf.dir/Drivers/STM32F4xx_HAL_Driver/Src/stm32f4xx_hal_gpio.c.obj
                0x00000000080026f8                HAL_GPIO_Init
 .text.HAL_GPIO_ReadPin
                0x00000000080028cc        0xe CMakeFiles/Joint_Clion.elf.dir/Drivers/STM32F4xx_HAL_Driver/Src/stm32f4xx_hal_gpio.c.obj
                0x00000000080028cc                HAL_GPIO_ReadPin
 .text.HAL_GPIO_WritePin
                0x00000000080028da        0xc CMakeFiles/Joint_Clion.elf.dir/Drivers/STM32F4xx_HAL_Driver/Src/stm32f4xx_hal_gpio.c.obj
                0x00000000080028da                HAL_GPIO_WritePin
 *fill*         0x00000000080028e6        0x2 
 .text.HAL_RCC_OscConfig
                0x00000000080028e8      0x3f8 CMakeFiles/Joint_Clion.elf.dir/Drivers/STM32F4xx_HAL_Driver/Src/stm32f4xx_hal_rcc.c.obj
                0x00000000080028e8                HAL_RCC_OscConfig
 .text.HAL_RCC_GetSysClockFreq
                0x0000000008002ce0       0xa8 CMakeFiles/Joint_Clion.elf.dir/Drivers/STM32F4xx_HAL_Driver/Src/stm32f4xx_hal_rcc.c.obj
                0x0000000008002ce0                HAL_RCC_GetSysClockFreq
 .text.HAL_RCC_ClockConfig
                0x0000000008002d88      0x160 CMakeFiles/Joint_Clion.elf.dir/Drivers/STM32F4xx_HAL_Driver/Src/stm32f4xx_hal_rcc.c.obj
                0x0000000008002d88                HAL_RCC_ClockConfig
 .text.HAL_RCC_GetHCLKFreq
                0x0000000008002ee8        0xc CMakeFiles/Joint_Clion.elf.dir/Drivers/STM32F4xx_HAL_Driver/Src/stm32f4xx_hal_rcc.c.obj
                0x0000000008002ee8                HAL_RCC_GetHCLKFreq
 .text.HAL_RCC_GetPCLK1Freq
                0x0000000008002ef4       0x20 CMakeFiles/Joint_Clion.elf.dir/Drivers/STM32F4xx_HAL_Driver/Src/stm32f4xx_hal_rcc.c.obj
                0x0000000008002ef4                HAL_RCC_GetPCLK1Freq
 .text.HAL_RCC_GetPCLK2Freq
                0x0000000008002f14       0x20 CMakeFiles/Joint_Clion.elf.dir/Drivers/STM32F4xx_HAL_Driver/Src/stm32f4xx_hal_rcc.c.obj
                0x0000000008002f14                HAL_RCC_GetPCLK2Freq
 .text.HAL_RCC_GetClockConfig
                0x0000000008002f34       0x3c CMakeFiles/Joint_Clion.elf.dir/Drivers/STM32F4xx_HAL_Driver/Src/stm32f4xx_hal_rcc.c.obj
                0x0000000008002f34                HAL_RCC_GetClockConfig
 .text.TIM_OC1_SetConfig
                0x0000000008002f70       0x68 CMakeFiles/Joint_Clion.elf.dir/Drivers/STM32F4xx_HAL_Driver/Src/stm32f4xx_hal_tim.c.obj
 .text.TIM_OC3_SetConfig
                0x0000000008002fd8       0x70 CMakeFiles/Joint_Clion.elf.dir/Drivers/STM32F4xx_HAL_Driver/Src/stm32f4xx_hal_tim.c.obj
 .text.TIM_OC4_SetConfig
                0x0000000008003048       0x50 CMakeFiles/Joint_Clion.elf.dir/Drivers/STM32F4xx_HAL_Driver/Src/stm32f4xx_hal_tim.c.obj
 .text.TIM_TI1_ConfigInputStage
                0x0000000008003098       0x26 CMakeFiles/Joint_Clion.elf.dir/Drivers/STM32F4xx_HAL_Driver/Src/stm32f4xx_hal_tim.c.obj
 .text.TIM_TI2_ConfigInputStage
                0x00000000080030be       0x28 CMakeFiles/Joint_Clion.elf.dir/Drivers/STM32F4xx_HAL_Driver/Src/stm32f4xx_hal_tim.c.obj
 .text.TIM_ITRx_SetConfig
                0x00000000080030e6       0x10 CMakeFiles/Joint_Clion.elf.dir/Drivers/STM32F4xx_HAL_Driver/Src/stm32f4xx_hal_tim.c.obj
 *fill*         0x00000000080030f6        0x2 
 .text.HAL_TIM_Base_Start_IT
                0x00000000080030f8       0x88 CMakeFiles/Joint_Clion.elf.dir/Drivers/STM32F4xx_HAL_Driver/Src/stm32f4xx_hal_tim.c.obj
                0x00000000080030f8                HAL_TIM_Base_Start_IT
 .text.HAL_TIM_PWM_MspInit
                0x0000000008003180        0x2 CMakeFiles/Joint_Clion.elf.dir/Drivers/STM32F4xx_HAL_Driver/Src/stm32f4xx_hal_tim.c.obj
                0x0000000008003180                HAL_TIM_PWM_MspInit
 .text.HAL_TIM_OC_DelayElapsedCallback
                0x0000000008003182        0x2 CMakeFiles/Joint_Clion.elf.dir/Drivers/STM32F4xx_HAL_Driver/Src/stm32f4xx_hal_tim.c.obj
                0x0000000008003182                HAL_TIM_OC_DelayElapsedCallback
 .text.HAL_TIM_IC_CaptureCallback
                0x0000000008003184        0x2 CMakeFiles/Joint_Clion.elf.dir/Drivers/STM32F4xx_HAL_Driver/Src/stm32f4xx_hal_tim.c.obj
                0x0000000008003184                HAL_TIM_IC_CaptureCallback
 .text.HAL_TIM_PWM_PulseFinishedCallback
                0x0000000008003186        0x2 CMakeFiles/Joint_Clion.elf.dir/Drivers/STM32F4xx_HAL_Driver/Src/stm32f4xx_hal_tim.c.obj
                0x0000000008003186                HAL_TIM_PWM_PulseFinishedCallback
 .text.HAL_TIM_TriggerCallback
                0x0000000008003188        0x2 CMakeFiles/Joint_Clion.elf.dir/Drivers/STM32F4xx_HAL_Driver/Src/stm32f4xx_hal_tim.c.obj
                0x0000000008003188                HAL_TIM_TriggerCallback
 .text.HAL_TIM_IRQHandler
                0x000000000800318a      0x17a CMakeFiles/Joint_Clion.elf.dir/Drivers/STM32F4xx_HAL_Driver/Src/stm32f4xx_hal_tim.c.obj
                0x000000000800318a                HAL_TIM_IRQHandler
 .text.TIM_Base_SetConfig
                0x0000000008003304       0xc8 CMakeFiles/Joint_Clion.elf.dir/Drivers/STM32F4xx_HAL_Driver/Src/stm32f4xx_hal_tim.c.obj
                0x0000000008003304                TIM_Base_SetConfig
 .text.HAL_TIM_Base_Init
                0x00000000080033cc       0x56 CMakeFiles/Joint_Clion.elf.dir/Drivers/STM32F4xx_HAL_Driver/Src/stm32f4xx_hal_tim.c.obj
                0x00000000080033cc                HAL_TIM_Base_Init
 .text.HAL_TIM_PWM_Init
                0x0000000008003422       0x56 CMakeFiles/Joint_Clion.elf.dir/Drivers/STM32F4xx_HAL_Driver/Src/stm32f4xx_hal_tim.c.obj
                0x0000000008003422                HAL_TIM_PWM_Init
 .text.TIM_OC2_SetConfig
                0x0000000008003478       0x70 CMakeFiles/Joint_Clion.elf.dir/Drivers/STM32F4xx_HAL_Driver/Src/stm32f4xx_hal_tim.c.obj
                0x0000000008003478                TIM_OC2_SetConfig
 .text.HAL_TIM_PWM_ConfigChannel
                0x00000000080034e8       0xd0 CMakeFiles/Joint_Clion.elf.dir/Drivers/STM32F4xx_HAL_Driver/Src/stm32f4xx_hal_tim.c.obj
                0x00000000080034e8                HAL_TIM_PWM_ConfigChannel
 .text.TIM_ETR_SetConfig
                0x00000000080035b8       0x18 CMakeFiles/Joint_Clion.elf.dir/Drivers/STM32F4xx_HAL_Driver/Src/stm32f4xx_hal_tim.c.obj
                0x00000000080035b8                TIM_ETR_SetConfig
 .text.HAL_TIM_ConfigClockSource
                0x00000000080035d0       0xda CMakeFiles/Joint_Clion.elf.dir/Drivers/STM32F4xx_HAL_Driver/Src/stm32f4xx_hal_tim.c.obj
                0x00000000080035d0                HAL_TIM_ConfigClockSource
 *fill*         0x00000000080036aa        0x2 
 .text.HAL_TIMEx_MasterConfigSynchronization
                0x00000000080036ac       0x88 CMakeFiles/Joint_Clion.elf.dir/Drivers/STM32F4xx_HAL_Driver/Src/stm32f4xx_hal_tim_ex.c.obj
                0x00000000080036ac                HAL_TIMEx_MasterConfigSynchronization
 .text.HAL_TIMEx_ConfigBreakDeadTime
                0x0000000008003734       0x52 CMakeFiles/Joint_Clion.elf.dir/Drivers/STM32F4xx_HAL_Driver/Src/stm32f4xx_hal_tim_ex.c.obj
                0x0000000008003734                HAL_TIMEx_ConfigBreakDeadTime
 .text.HAL_TIMEx_CommutCallback
                0x0000000008003786        0x2 CMakeFiles/Joint_Clion.elf.dir/Drivers/STM32F4xx_HAL_Driver/Src/stm32f4xx_hal_tim_ex.c.obj
                0x0000000008003786                HAL_TIMEx_CommutCallback
 .text.HAL_TIMEx_BreakCallback
                0x0000000008003788        0x2 CMakeFiles/Joint_Clion.elf.dir/Drivers/STM32F4xx_HAL_Driver/Src/stm32f4xx_hal_tim_ex.c.obj
                0x0000000008003788                HAL_TIMEx_BreakCallback
 .text.UART_EndTxTransfer
                0x000000000800378a       0x12 CMakeFiles/Joint_Clion.elf.dir/Drivers/STM32F4xx_HAL_Driver/Src/stm32f4xx_hal_uart.c.obj
 .text.UART_EndRxTransfer
                0x000000000800379c       0x32 CMakeFiles/Joint_Clion.elf.dir/Drivers/STM32F4xx_HAL_Driver/Src/stm32f4xx_hal_uart.c.obj
 .text.UART_Transmit_IT
                0x00000000080037ce       0x62 CMakeFiles/Joint_Clion.elf.dir/Drivers/STM32F4xx_HAL_Driver/Src/stm32f4xx_hal_uart.c.obj
 .text.UART_SetConfig
                0x0000000008003830      0x134 CMakeFiles/Joint_Clion.elf.dir/Drivers/STM32F4xx_HAL_Driver/Src/stm32f4xx_hal_uart.c.obj
 .text.HAL_UART_Init
                0x0000000008003964       0x5e CMakeFiles/Joint_Clion.elf.dir/Drivers/STM32F4xx_HAL_Driver/Src/stm32f4xx_hal_uart.c.obj
                0x0000000008003964                HAL_UART_Init
 *fill*         0x00000000080039c2        0x2 
 .text.HAL_UART_Transmit_DMA
                0x00000000080039c4       0x8c CMakeFiles/Joint_Clion.elf.dir/Drivers/STM32F4xx_HAL_Driver/Src/stm32f4xx_hal_uart.c.obj
                0x00000000080039c4                HAL_UART_Transmit_DMA
 .text.HAL_UART_TxCpltCallback
                0x0000000008003a50        0x2 CMakeFiles/Joint_Clion.elf.dir/Drivers/STM32F4xx_HAL_Driver/Src/stm32f4xx_hal_uart.c.obj
                0x0000000008003a50                HAL_UART_TxCpltCallback
 .text.UART_DMATransmitCplt
                0x0000000008003a52       0x30 CMakeFiles/Joint_Clion.elf.dir/Drivers/STM32F4xx_HAL_Driver/Src/stm32f4xx_hal_uart.c.obj
 .text.UART_EndTransmit_IT
                0x0000000008003a82       0x1a CMakeFiles/Joint_Clion.elf.dir/Drivers/STM32F4xx_HAL_Driver/Src/stm32f4xx_hal_uart.c.obj
 .text.HAL_UART_TxHalfCpltCallback
                0x0000000008003a9c        0x2 CMakeFiles/Joint_Clion.elf.dir/Drivers/STM32F4xx_HAL_Driver/Src/stm32f4xx_hal_uart.c.obj
                0x0000000008003a9c                HAL_UART_TxHalfCpltCallback
 .text.UART_DMATxHalfCplt
                0x0000000008003a9e        0xa CMakeFiles/Joint_Clion.elf.dir/Drivers/STM32F4xx_HAL_Driver/Src/stm32f4xx_hal_uart.c.obj
 .text.HAL_UART_RxCpltCallback
                0x0000000008003aa8        0x2 CMakeFiles/Joint_Clion.elf.dir/Drivers/STM32F4xx_HAL_Driver/Src/stm32f4xx_hal_uart.c.obj
                0x0000000008003aa8                HAL_UART_RxCpltCallback
 .text.HAL_UART_ErrorCallback
                0x0000000008003aaa        0x2 CMakeFiles/Joint_Clion.elf.dir/Drivers/STM32F4xx_HAL_Driver/Src/stm32f4xx_hal_uart.c.obj
                0x0000000008003aaa                HAL_UART_ErrorCallback
 .text.UART_DMAError
                0x0000000008003aac       0x58 CMakeFiles/Joint_Clion.elf.dir/Drivers/STM32F4xx_HAL_Driver/Src/stm32f4xx_hal_uart.c.obj
 .text.UART_DMAAbortOnError
                0x0000000008003b04       0x10 CMakeFiles/Joint_Clion.elf.dir/Drivers/STM32F4xx_HAL_Driver/Src/stm32f4xx_hal_uart.c.obj
 .text.HAL_UARTEx_RxEventCallback
                0x0000000008003b14        0x2 CMakeFiles/Joint_Clion.elf.dir/Drivers/STM32F4xx_HAL_Driver/Src/stm32f4xx_hal_uart.c.obj
                0x0000000008003b14                HAL_UARTEx_RxEventCallback
 .text.UART_Receive_IT
                0x0000000008003b16       0xb4 CMakeFiles/Joint_Clion.elf.dir/Drivers/STM32F4xx_HAL_Driver/Src/stm32f4xx_hal_uart.c.obj
 *fill*         0x0000000008003bca        0x2 
 .text.HAL_UART_IRQHandler
                0x0000000008003bcc      0x1f8 CMakeFiles/Joint_Clion.elf.dir/Drivers/STM32F4xx_HAL_Driver/Src/stm32f4xx_hal_uart.c.obj
                0x0000000008003bcc                HAL_UART_IRQHandler
 .text.makeFreeRtosPriority
                0x0000000008003dc4        0xc CMakeFiles/Joint_Clion.elf.dir/Middlewares/Third_Party/FreeRTOS/Source/CMSIS_RTOS/cmsis_os.c.obj
 .text.osKernelStart
                0x0000000008003dd0        0xa CMakeFiles/Joint_Clion.elf.dir/Middlewares/Third_Party/FreeRTOS/Source/CMSIS_RTOS/cmsis_os.c.obj
                0x0000000008003dd0                osKernelStart
 .text.osThreadCreate
                0x0000000008003dda       0x6c CMakeFiles/Joint_Clion.elf.dir/Middlewares/Third_Party/FreeRTOS/Source/CMSIS_RTOS/cmsis_os.c.obj
                0x0000000008003dda                osThreadCreate
 .text.osDelay  0x0000000008003e46       0x12 CMakeFiles/Joint_Clion.elf.dir/Middlewares/Third_Party/FreeRTOS/Source/CMSIS_RTOS/cmsis_os.c.obj
                0x0000000008003e46                osDelay
 .text.vListInitialise
                0x0000000008003e58       0x16 CMakeFiles/Joint_Clion.elf.dir/Middlewares/Third_Party/FreeRTOS/Source/list.c.obj
                0x0000000008003e58                vListInitialise
 .text.vListInitialiseItem
                0x0000000008003e6e        0x6 CMakeFiles/Joint_Clion.elf.dir/Middlewares/Third_Party/FreeRTOS/Source/list.c.obj
                0x0000000008003e6e                vListInitialiseItem
 .text.vListInsertEnd
                0x0000000008003e74       0x18 CMakeFiles/Joint_Clion.elf.dir/Middlewares/Third_Party/FreeRTOS/Source/list.c.obj
                0x0000000008003e74                vListInsertEnd
 .text.vListInsert
                0x0000000008003e8c       0x34 CMakeFiles/Joint_Clion.elf.dir/Middlewares/Third_Party/FreeRTOS/Source/list.c.obj
                0x0000000008003e8c                vListInsert
 .text.uxListRemove
                0x0000000008003ec0       0x28 CMakeFiles/Joint_Clion.elf.dir/Middlewares/Third_Party/FreeRTOS/Source/list.c.obj
                0x0000000008003ec0                uxListRemove
 .text.prvTaskExitError
                0x0000000008003ee8       0x40 CMakeFiles/Joint_Clion.elf.dir/Middlewares/Third_Party/FreeRTOS/Source/portable/GCC/ARM_CM4F/port.c.obj
 .text.prvPortStartFirstTask
                0x0000000008003f28       0x28 CMakeFiles/Joint_Clion.elf.dir/Middlewares/Third_Party/FreeRTOS/Source/portable/GCC/ARM_CM4F/port.c.obj
 .text.vPortEnableVFP
                0x0000000008003f50       0x14 CMakeFiles/Joint_Clion.elf.dir/Middlewares/Third_Party/FreeRTOS/Source/portable/GCC/ARM_CM4F/port.c.obj
 .text.pxPortInitialiseStack
                0x0000000008003f64       0x2c CMakeFiles/Joint_Clion.elf.dir/Middlewares/Third_Party/FreeRTOS/Source/portable/GCC/ARM_CM4F/port.c.obj
                0x0000000008003f64                pxPortInitialiseStack
 .text.SVC_Handler
                0x0000000008003f90       0x24 CMakeFiles/Joint_Clion.elf.dir/Middlewares/Third_Party/FreeRTOS/Source/portable/GCC/ARM_CM4F/port.c.obj
                0x0000000008003f90                SVC_Handler
 .text.vPortEnterCritical
                0x0000000008003fb4       0x44 CMakeFiles/Joint_Clion.elf.dir/Middlewares/Third_Party/FreeRTOS/Source/portable/GCC/ARM_CM4F/port.c.obj
                0x0000000008003fb4                vPortEnterCritical
 .text.vPortExitCritical
                0x0000000008003ff8       0x2c CMakeFiles/Joint_Clion.elf.dir/Middlewares/Third_Party/FreeRTOS/Source/portable/GCC/ARM_CM4F/port.c.obj
                0x0000000008003ff8                vPortExitCritical
 *fill*         0x0000000008004024        0xc 
 .text.PendSV_Handler
                0x0000000008004030       0x64 CMakeFiles/Joint_Clion.elf.dir/Middlewares/Third_Party/FreeRTOS/Source/portable/GCC/ARM_CM4F/port.c.obj
                0x0000000008004030                PendSV_Handler
 .text.SysTick_Handler
                0x0000000008004094       0x2c CMakeFiles/Joint_Clion.elf.dir/Middlewares/Third_Party/FreeRTOS/Source/portable/GCC/ARM_CM4F/port.c.obj
                0x0000000008004094                SysTick_Handler
 .text.vPortSetupTimerInterrupt
                0x00000000080040c0       0x38 CMakeFiles/Joint_Clion.elf.dir/Middlewares/Third_Party/FreeRTOS/Source/portable/GCC/ARM_CM4F/port.c.obj
                0x00000000080040c0                vPortSetupTimerInterrupt
 .text.xPortStartScheduler
                0x00000000080040f8      0x110 CMakeFiles/Joint_Clion.elf.dir/Middlewares/Third_Party/FreeRTOS/Source/portable/GCC/ARM_CM4F/port.c.obj
                0x00000000080040f8                xPortStartScheduler
 .text.prvHeapInit
                0x0000000008004208       0x64 CMakeFiles/Joint_Clion.elf.dir/Middlewares/Third_Party/FreeRTOS/Source/portable/MemMang/heap_4.c.obj
 .text.prvInsertBlockIntoFreeList
                0x000000000800426c       0x58 CMakeFiles/Joint_Clion.elf.dir/Middlewares/Third_Party/FreeRTOS/Source/portable/MemMang/heap_4.c.obj
 .text.pvPortMalloc
                0x00000000080042c4      0x114 CMakeFiles/Joint_Clion.elf.dir/Middlewares/Third_Party/FreeRTOS/Source/portable/MemMang/heap_4.c.obj
                0x00000000080042c4                pvPortMalloc
 .text.vPortFree
                0x00000000080043d8       0x7c CMakeFiles/Joint_Clion.elf.dir/Middlewares/Third_Party/FreeRTOS/Source/portable/MemMang/heap_4.c.obj
                0x00000000080043d8                vPortFree
 .text.prvResetNextTaskUnblockTime
                0x0000000008004454       0x2c CMakeFiles/Joint_Clion.elf.dir/Middlewares/Third_Party/FreeRTOS/Source/tasks.c.obj
 .text.prvInitialiseNewTask
                0x0000000008004480       0x8c CMakeFiles/Joint_Clion.elf.dir/Middlewares/Third_Party/FreeRTOS/Source/tasks.c.obj
 .text.prvInitialiseTaskLists
                0x000000000800450c       0x68 CMakeFiles/Joint_Clion.elf.dir/Middlewares/Third_Party/FreeRTOS/Source/tasks.c.obj
 .text.prvAddNewTaskToReadyList
                0x0000000008004574       0xa8 CMakeFiles/Joint_Clion.elf.dir/Middlewares/Third_Party/FreeRTOS/Source/tasks.c.obj
 .text.prvDeleteTCB
                0x000000000800461c       0x38 CMakeFiles/Joint_Clion.elf.dir/Middlewares/Third_Party/FreeRTOS/Source/tasks.c.obj
 .text.prvCheckTasksWaitingTermination
                0x0000000008004654       0x4c CMakeFiles/Joint_Clion.elf.dir/Middlewares/Third_Party/FreeRTOS/Source/tasks.c.obj
 .text.prvIdleTask
                0x00000000080046a0       0x28 CMakeFiles/Joint_Clion.elf.dir/Middlewares/Third_Party/FreeRTOS/Source/tasks.c.obj
 .text.prvAddCurrentTaskToDelayedList
                0x00000000080046c8       0x98 CMakeFiles/Joint_Clion.elf.dir/Middlewares/Third_Party/FreeRTOS/Source/tasks.c.obj
 .text.xTaskCreateStatic
                0x0000000008004760       0x74 CMakeFiles/Joint_Clion.elf.dir/Middlewares/Third_Party/FreeRTOS/Source/tasks.c.obj
                0x0000000008004760                xTaskCreateStatic
 .text.xTaskCreate
                0x00000000080047d4       0x66 CMakeFiles/Joint_Clion.elf.dir/Middlewares/Third_Party/FreeRTOS/Source/tasks.c.obj
                0x00000000080047d4                xTaskCreate
 *fill*         0x000000000800483a        0x2 
 .text.vTaskStartScheduler
                0x000000000800483c       0x6c CMakeFiles/Joint_Clion.elf.dir/Middlewares/Third_Party/FreeRTOS/Source/tasks.c.obj
                0x000000000800483c                vTaskStartScheduler
 .text.vTaskSuspendAll
                0x00000000080048a8       0x10 CMakeFiles/Joint_Clion.elf.dir/Middlewares/Third_Party/FreeRTOS/Source/tasks.c.obj
                0x00000000080048a8                vTaskSuspendAll
 .text.xTaskIncrementTick
                0x00000000080048b8      0x118 CMakeFiles/Joint_Clion.elf.dir/Middlewares/Third_Party/FreeRTOS/Source/tasks.c.obj
                0x00000000080048b8                xTaskIncrementTick
 .text.xTaskResumeAll
                0x00000000080049d0       0xf4 CMakeFiles/Joint_Clion.elf.dir/Middlewares/Third_Party/FreeRTOS/Source/tasks.c.obj
                0x00000000080049d0                xTaskResumeAll
 .text.vTaskDelay
                0x0000000008004ac4       0x4c CMakeFiles/Joint_Clion.elf.dir/Middlewares/Third_Party/FreeRTOS/Source/tasks.c.obj
                0x0000000008004ac4                vTaskDelay
 .text.vTaskSwitchContext
                0x0000000008004b10       0x98 CMakeFiles/Joint_Clion.elf.dir/Middlewares/Third_Party/FreeRTOS/Source/tasks.c.obj
                0x0000000008004b10                vTaskSwitchContext
 .text.delay_us
                0x0000000008004ba8       0x3c CMakeFiles/Joint_Clion.elf.dir/bsp/delay.c.obj
                0x0000000008004ba8                delay_us
 .text.IIC_Delay
                0x0000000008004be4        0xa CMakeFiles/Joint_Clion.elf.dir/bsp/myiic.c.obj
                0x0000000008004be4                IIC_Delay
 *fill*         0x0000000008004bee        0x2 
 .text.IIC_Start
                0x0000000008004bf0       0x3c CMakeFiles/Joint_Clion.elf.dir/bsp/myiic.c.obj
                0x0000000008004bf0                IIC_Start
 .text.IIC_Stop
                0x0000000008004c2c       0x3c CMakeFiles/Joint_Clion.elf.dir/bsp/myiic.c.obj
                0x0000000008004c2c                IIC_Stop
 .text.IIC_Init
                0x0000000008004c68       0x5c CMakeFiles/Joint_Clion.elf.dir/bsp/myiic.c.obj
                0x0000000008004c68                IIC_Init
 .text.IIC_Wait_Ack
                0x0000000008004cc4       0x50 CMakeFiles/Joint_Clion.elf.dir/bsp/myiic.c.obj
                0x0000000008004cc4                IIC_Wait_Ack
 .text.IIC_Ack  0x0000000008004d14       0x3c CMakeFiles/Joint_Clion.elf.dir/bsp/myiic.c.obj
                0x0000000008004d14                IIC_Ack
 .text.IIC_NAck
                0x0000000008004d50       0x3c CMakeFiles/Joint_Clion.elf.dir/bsp/myiic.c.obj
                0x0000000008004d50                IIC_NAck
 .text.IIC_Send_Byte
                0x0000000008004d8c       0x5c CMakeFiles/Joint_Clion.elf.dir/bsp/myiic.c.obj
                0x0000000008004d8c                IIC_Send_Byte
 .text.IIC_Read_Byte
                0x0000000008004de8       0x5c CMakeFiles/Joint_Clion.elf.dir/bsp/myiic.c.obj
                0x0000000008004de8                IIC_Read_Byte
 .text.IIC_Write_One_Byte
                0x0000000008004e44       0x4c CMakeFiles/Joint_Clion.elf.dir/bsp/myiic.c.obj
                0x0000000008004e44                IIC_Write_One_Byte
 .text.IIC_Read_One_Byte
                0x0000000008004e90       0x44 CMakeFiles/Joint_Clion.elf.dir/bsp/myiic.c.obj
                0x0000000008004e90                IIC_Read_One_Byte
 .text.PCA9685_Restart
                0x0000000008004ed4       0x94 CMakeFiles/Joint_Clion.elf.dir/component/PCA9685/PCA9685_driver.c.obj
                0x0000000008004ed4                PCA9685_Restart
 .text.PCA9685_SoftWareReset
                0x0000000008004f68       0x3c CMakeFiles/Joint_Clion.elf.dir/component/PCA9685/PCA9685_driver.c.obj
                0x0000000008004f68                PCA9685_SoftWareReset
 .text.PCA9685_setFrequency
                0x0000000008004fa4       0xc0 CMakeFiles/Joint_Clion.elf.dir/component/PCA9685/PCA9685_driver.c.obj
                0x0000000008004fa4                PCA9685_setFrequency
 *fill*         0x0000000008005064        0x4 
 .text.floor    0x0000000008005068      0x110 /home/szy/gcc-arm-none-eabi-7-2017-q4-major/bin/../lib/gcc/arm-none-eabi/7.2.1/../../../../arm-none-eabi/lib/thumb/v7e-m/fpv4-sp/hard/libm.a(lib_a-s_floor.o)
                0x0000000008005068                floor
 .text.abort    0x0000000008005178       0x10 /home/szy/gcc-arm-none-eabi-7-2017-q4-major/bin/../lib/gcc/arm-none-eabi/7.2.1/../../../../arm-none-eabi/lib/thumb/v7e-m/fpv4-sp/hard/libg.a(lib_a-abort.o)
                0x0000000008005178                abort
 .text.__errno  0x0000000008005188        0xc /home/szy/gcc-arm-none-eabi-7-2017-q4-major/bin/../lib/gcc/arm-none-eabi/7.2.1/../../../../arm-none-eabi/lib/thumb/v7e-m/fpv4-sp/hard/libg.a(lib_a-errno.o)
                0x0000000008005188                __errno
 .text.__libc_init_array
                0x0000000008005194       0x48 /home/szy/gcc-arm-none-eabi-7-2017-q4-major/bin/../lib/gcc/arm-none-eabi/7.2.1/../../../../arm-none-eabi/lib/thumb/v7e-m/fpv4-sp/hard/libg.a(lib_a-init.o)
                0x0000000008005194                __libc_init_array
 .text.malloc   0x00000000080051dc       0x10 /home/szy/gcc-arm-none-eabi-7-2017-q4-major/bin/../lib/gcc/arm-none-eabi/7.2.1/../../../../arm-none-eabi/lib/thumb/v7e-m/fpv4-sp/hard/libg.a(lib_a-malloc.o)
                0x00000000080051dc                malloc
 .text._malloc_r
                0x00000000080051ec      0x548 /home/szy/gcc-arm-none-eabi-7-2017-q4-major/bin/../lib/gcc/arm-none-eabi/7.2.1/../../../../arm-none-eabi/lib/thumb/v7e-m/fpv4-sp/hard/libg.a(lib_a-mallocr.o)
                0x00000000080051ec                _malloc_r
 .text.memset   0x0000000008005734       0x94 /home/szy/gcc-arm-none-eabi-7-2017-q4-major/bin/../lib/gcc/arm-none-eabi/7.2.1/../../../../arm-none-eabi/lib/thumb/v7e-m/fpv4-sp/hard/libg.a(lib_a-memset.o)
                0x0000000008005734                memset
 .text.__malloc_lock
                0x00000000080057c8        0xc /home/szy/gcc-arm-none-eabi-7-2017-q4-major/bin/../lib/gcc/arm-none-eabi/7.2.1/../../../../arm-none-eabi/lib/thumb/v7e-m/fpv4-sp/hard/libg.a(lib_a-mlock.o)
                0x00000000080057c8                __malloc_lock
 .text.__malloc_unlock
                0x00000000080057d4        0xc /home/szy/gcc-arm-none-eabi-7-2017-q4-major/bin/../lib/gcc/arm-none-eabi/7.2.1/../../../../arm-none-eabi/lib/thumb/v7e-m/fpv4-sp/hard/libg.a(lib_a-mlock.o)
                0x00000000080057d4                __malloc_unlock
 .text._sbrk_r  0x00000000080057e0       0x24 /home/szy/gcc-arm-none-eabi-7-2017-q4-major/bin/../lib/gcc/arm-none-eabi/7.2.1/../../../../arm-none-eabi/lib/thumb/v7e-m/fpv4-sp/hard/libg.a(lib_a-sbrkr.o)
                0x00000000080057e0                _sbrk_r
 .text._raise_r
                0x0000000008005804       0x58 /home/szy/gcc-arm-none-eabi-7-2017-q4-major/bin/../lib/gcc/arm-none-eabi/7.2.1/../../../../arm-none-eabi/lib/thumb/v7e-m/fpv4-sp/hard/libg.a(lib_a-signal.o)
                0x0000000008005804                _raise_r
 .text.raise    0x000000000800585c       0x10 /home/szy/gcc-arm-none-eabi-7-2017-q4-major/bin/../lib/gcc/arm-none-eabi/7.2.1/../../../../arm-none-eabi/lib/thumb/v7e-m/fpv4-sp/hard/libg.a(lib_a-signal.o)
                0x000000000800585c                raise
 .text._kill_r  0x000000000800586c       0x28 /home/szy/gcc-arm-none-eabi-7-2017-q4-major/bin/../lib/gcc/arm-none-eabi/7.2.1/../../../../arm-none-eabi/lib/thumb/v7e-m/fpv4-sp/hard/libg.a(lib_a-signalr.o)
                0x000000000800586c                _kill_r
 .text._getpid_r
                0x0000000008005894        0x4 /home/szy/gcc-arm-none-eabi-7-2017-q4-major/bin/../lib/gcc/arm-none-eabi/7.2.1/../../../../arm-none-eabi/lib/thumb/v7e-m/fpv4-sp/hard/libg.a(lib_a-signalr.o)
                0x0000000008005894                _getpid_r
 .text.startup.register_fini
                0x0000000008005898       0x14 /home/szy/gcc-arm-none-eabi-7-2017-q4-major/bin/../lib/gcc/arm-none-eabi/7.2.1/../../../../arm-none-eabi/lib/thumb/v7e-m/fpv4-sp/hard/libg.a(lib_a-__call_atexit.o)
 .text.atexit   0x00000000080058ac        0xc /home/szy/gcc-arm-none-eabi-7-2017-q4-major/bin/../lib/gcc/arm-none-eabi/7.2.1/../../../../arm-none-eabi/lib/thumb/v7e-m/fpv4-sp/hard/libg.a(lib_a-atexit.o)
                0x00000000080058ac                atexit
 .text.__libc_fini_array
                0x00000000080058b8       0x34 /home/szy/gcc-arm-none-eabi-7-2017-q4-major/bin/../lib/gcc/arm-none-eabi/7.2.1/../../../../arm-none-eabi/lib/thumb/v7e-m/fpv4-sp/hard/libg.a(lib_a-fini.o)
                0x00000000080058b8                __libc_fini_array
 .text._malloc_trim_r
                0x00000000080058ec       0xa0 /home/szy/gcc-arm-none-eabi-7-2017-q4-major/bin/../lib/gcc/arm-none-eabi/7.2.1/../../../../arm-none-eabi/lib/thumb/v7e-m/fpv4-sp/hard/libg.a(lib_a-freer.o)
                0x00000000080058ec                _malloc_trim_r
 .text._free_r  0x000000000800598c      0x1e8 /home/szy/gcc-arm-none-eabi-7-2017-q4-major/bin/../lib/gcc/arm-none-eabi/7.2.1/../../../../arm-none-eabi/lib/thumb/v7e-m/fpv4-sp/hard/libg.a(lib_a-freer.o)
                0x000000000800598c                _free_r
 .text.__retarget_lock_acquire_recursive
                0x0000000008005b74        0x4 /home/szy/gcc-arm-none-eabi-7-2017-q4-major/bin/../lib/gcc/arm-none-eabi/7.2.1/../../../../arm-none-eabi/lib/thumb/v7e-m/fpv4-sp/hard/libg.a(lib_a-lock.o)
                0x0000000008005b74                __retarget_lock_acquire_recursive
 .text.__retarget_lock_release_recursive
                0x0000000008005b78        0x4 /home/szy/gcc-arm-none-eabi-7-2017-q4-major/bin/../lib/gcc/arm-none-eabi/7.2.1/../../../../arm-none-eabi/lib/thumb/v7e-m/fpv4-sp/hard/libg.a(lib_a-lock.o)
                0x0000000008005b78                __retarget_lock_release_recursive
 .text.__register_exitproc
                0x0000000008005b7c       0xc0 /home/szy/gcc-arm-none-eabi-7-2017-q4-major/bin/../lib/gcc/arm-none-eabi/7.2.1/../../../../arm-none-eabi/lib/thumb/v7e-m/fpv4-sp/hard/libg.a(lib_a-__atexit.o)
                0x0000000008005b7c                __register_exitproc
 *(.glue_7)
 .glue_7        0x0000000008005c3c        0x0 linker stubs
 *(.glue_7t)
 .glue_7t       0x0000000008005c3c        0x0 linker stubs
 *(.eh_frame)
 .eh_frame      0x0000000008005c3c        0x0 /home/szy/gcc-arm-none-eabi-7-2017-q4-major/bin/../lib/gcc/arm-none-eabi/7.2.1/thumb/v7e-m/fpv4-sp/hard/crtbegin.o
 *(.init)
 .init          0x0000000008005c3c        0x4 /home/szy/gcc-arm-none-eabi-7-2017-q4-major/bin/../lib/gcc/arm-none-eabi/7.2.1/thumb/v7e-m/fpv4-sp/hard/crti.o
                0x0000000008005c3c                _init
 .init          0x0000000008005c40        0x8 /home/szy/gcc-arm-none-eabi-7-2017-q4-major/bin/../lib/gcc/arm-none-eabi/7.2.1/thumb/v7e-m/fpv4-sp/hard/crtn.o
 *(.fini)
 .fini          0x0000000008005c48        0x4 /home/szy/gcc-arm-none-eabi-7-2017-q4-major/bin/../lib/gcc/arm-none-eabi/7.2.1/thumb/v7e-m/fpv4-sp/hard/crti.o
                0x0000000008005c48                _fini
 .fini          0x0000000008005c4c        0x8 /home/szy/gcc-arm-none-eabi-7-2017-q4-major/bin/../lib/gcc/arm-none-eabi/7.2.1/thumb/v7e-m/fpv4-sp/hard/crtn.o
                0x0000000008005c54                . = ALIGN (0x4)
                0x0000000008005c54                _etext = .

.vfp11_veneer   0x0000000008005c54        0x0
 .vfp11_veneer  0x0000000008005c54        0x0 linker stubs

.v4_bx          0x0000000008005c54        0x0
 .v4_bx         0x0000000008005c54        0x0 linker stubs

.iplt           0x0000000008005c54        0x0
 .iplt          0x0000000008005c54        0x0 /home/szy/gcc-arm-none-eabi-7-2017-q4-major/bin/../lib/gcc/arm-none-eabi/7.2.1/thumb/v7e-m/fpv4-sp/hard/crtbegin.o

.rodata         0x0000000008005c54       0x78
                0x0000000008005c54                . = ALIGN (0x4)
 *(.rodata)
 .rodata        0x0000000008005c54       0x38 CMakeFiles/Joint_Clion.elf.dir/Core/Src/freertos.c.obj
 *(.rodata*)
 .rodata.str1.4
                0x0000000008005c8c       0x14 CMakeFiles/Joint_Clion.elf.dir/Core/Src/freertos.c.obj
 .rodata.AHBPrescTable
                0x0000000008005ca0       0x10 CMakeFiles/Joint_Clion.elf.dir/Core/Src/system_stm32f4xx.c.obj
                0x0000000008005ca0                AHBPrescTable
 .rodata.APBPrescTable
                0x0000000008005cb0        0x8 CMakeFiles/Joint_Clion.elf.dir/Core/Src/system_stm32f4xx.c.obj
                0x0000000008005cb0                APBPrescTable
 .rodata.flagBitshiftOffset.8181
                0x0000000008005cb8        0x8 CMakeFiles/Joint_Clion.elf.dir/Drivers/STM32F4xx_HAL_Driver/Src/stm32f4xx_hal_dma.c.obj
 .rodata.vTaskStartScheduler.str1.4
                0x0000000008005cc0        0x8 CMakeFiles/Joint_Clion.elf.dir/Middlewares/Third_Party/FreeRTOS/Source/tasks.c.obj
                                          0x5 (size before relaxing)
 .rodata._global_impure_ptr
                0x0000000008005cc8        0x4 /home/szy/gcc-arm-none-eabi-7-2017-q4-major/bin/../lib/gcc/arm-none-eabi/7.2.1/../../../../arm-none-eabi/lib/thumb/v7e-m/fpv4-sp/hard/libg.a(lib_a-impure.o)
                0x0000000008005cc8                _global_impure_ptr
                0x0000000008005ccc                . = ALIGN (0x4)

.ARM.extab      0x0000000008005ccc       0x24
                0x0000000008005ccc                . = ALIGN (0x4)
 *(.ARM.extab* .gnu.linkonce.armextab.*)
 .ARM.extab.text.Joint_Task
                0x0000000008005ccc        0xc CMakeFiles/Joint_Clion.elf.dir/Applications/Joint_Task.cpp.obj
 .ARM.extab     0x0000000008005cd8       0x18 /home/szy/gcc-arm-none-eabi-7-2017-q4-major/bin/../lib/gcc/arm-none-eabi/7.2.1/thumb/v7e-m/fpv4-sp/hard/libgcc.a(pr-support.o)
                0x0000000008005cf0                . = ALIGN (0x4)

.ARM            0x0000000008005cf0       0xc8
                0x0000000008005cf0                . = ALIGN (0x4)
                0x0000000008005cf0                __exidx_start = .
 *(.ARM.exidx*)
 .ARM.exidx.text.Joint_Task
                0x0000000008005da8       0x10 CMakeFiles/Joint_Clion.elf.dir/Applications/Joint_Task.cpp.obj
                                          0x8 (size before relaxing)
 .ARM.exidx     0x0000000008005cf0        0x8 /home/szy/gcc-arm-none-eabi-7-2017-q4-major/bin/../lib/gcc/arm-none-eabi/7.2.1/thumb/v7e-m/fpv4-sp/hard/libgcc.a(_udivmoddi4.o)
 .ARM.exidx     0x0000000008005cf8       0x78 /home/szy/gcc-arm-none-eabi-7-2017-q4-major/bin/../lib/gcc/arm-none-eabi/7.2.1/thumb/v7e-m/fpv4-sp/hard/libgcc.a(unwind-arm.o)
                                         0xd8 (size before relaxing)
 .ARM.exidx     0x0000000008005d70       0x38 /home/szy/gcc-arm-none-eabi-7-2017-q4-major/bin/../lib/gcc/arm-none-eabi/7.2.1/thumb/v7e-m/fpv4-sp/hard/libgcc.a(pr-support.o)
                                         0x48 (size before relaxing)
                0x0000000008005db8                __exidx_end = .
                0x0000000008005db8                . = ALIGN (0x4)

.rel.dyn        0x0000000008005db8        0x0
 .rel.iplt      0x0000000008005db8        0x0 /home/szy/gcc-arm-none-eabi-7-2017-q4-major/bin/../lib/gcc/arm-none-eabi/7.2.1/thumb/v7e-m/fpv4-sp/hard/crtbegin.o

.preinit_array  0x0000000008005db8        0x0
                0x0000000008005db8                . = ALIGN (0x4)
                0x0000000008005db8                PROVIDE (__preinit_array_start, .)
 *(.preinit_array*)
                0x0000000008005db8                PROVIDE (__preinit_array_end, .)
                0x0000000008005db8                . = ALIGN (0x4)

.init_array     0x0000000008005db8        0x8
                0x0000000008005db8                . = ALIGN (0x4)
                0x0000000008005db8                PROVIDE (__init_array_start, .)
 *(SORT_BY_NAME(.init_array.*))
 .init_array.00000
                0x0000000008005db8        0x4 /home/szy/gcc-arm-none-eabi-7-2017-q4-major/bin/../lib/gcc/arm-none-eabi/7.2.1/../../../../arm-none-eabi/lib/thumb/v7e-m/fpv4-sp/hard/libg.a(lib_a-__call_atexit.o)
 *(.init_array*)
 .init_array    0x0000000008005dbc        0x4 /home/szy/gcc-arm-none-eabi-7-2017-q4-major/bin/../lib/gcc/arm-none-eabi/7.2.1/thumb/v7e-m/fpv4-sp/hard/crtbegin.o
                0x0000000008005dc0                PROVIDE (__init_array_end, .)
                0x0000000008005dc0                . = ALIGN (0x4)

.fini_array     0x0000000008005dc0        0x4
                0x0000000008005dc0                . = ALIGN (0x4)
                0x0000000008005dc0                PROVIDE (__fini_array_start, .)
 *(SORT_BY_NAME(.fini_array.*))
 *(.fini_array*)
 .fini_array    0x0000000008005dc0        0x4 /home/szy/gcc-arm-none-eabi-7-2017-q4-major/bin/../lib/gcc/arm-none-eabi/7.2.1/thumb/v7e-m/fpv4-sp/hard/crtbegin.o
                0x0000000008005dc4                PROVIDE (__fini_array_end, .)
                0x0000000008005dc4                . = ALIGN (0x4)
                0x0000000008005dc4                _sidata = LOADADDR (.data)

.data           0x0000000020000000      0x854 load address 0x0000000008005dc4
                0x0000000020000000                . = ALIGN (0x4)
                0x0000000020000000                _sdata = .
 *(.data)
 *(.data*)
 .data.SystemCoreClock
                0x0000000020000000        0x4 CMakeFiles/Joint_Clion.elf.dir/Core/Src/system_stm32f4xx.c.obj
                0x0000000020000000                SystemCoreClock
 .data.uwTickFreq
                0x0000000020000004        0x1 CMakeFiles/Joint_Clion.elf.dir/Drivers/STM32F4xx_HAL_Driver/Src/stm32f4xx_hal.c.obj
                0x0000000020000004                uwTickFreq
 *fill*         0x0000000020000005        0x3 
 .data.uwTickPrio
                0x0000000020000008        0x4 CMakeFiles/Joint_Clion.elf.dir/Drivers/STM32F4xx_HAL_Driver/Src/stm32f4xx_hal.c.obj
                0x0000000020000008                uwTickPrio
 .data.uxCriticalNesting
                0x000000002000000c        0x4 CMakeFiles/Joint_Clion.elf.dir/Middlewares/Third_Party/FreeRTOS/Source/portable/GCC/ARM_CM4F/port.c.obj
 .data._impure_ptr
                0x0000000020000010        0x4 /home/szy/gcc-arm-none-eabi-7-2017-q4-major/bin/../lib/gcc/arm-none-eabi/7.2.1/../../../../arm-none-eabi/lib/thumb/v7e-m/fpv4-sp/hard/libg.a(lib_a-impure.o)
                0x0000000020000010                _impure_ptr
 *fill*         0x0000000020000014        0x4 
 .data.impure_data
                0x0000000020000018      0x428 /home/szy/gcc-arm-none-eabi-7-2017-q4-major/bin/../lib/gcc/arm-none-eabi/7.2.1/../../../../arm-none-eabi/lib/thumb/v7e-m/fpv4-sp/hard/libg.a(lib_a-impure.o)
 .data.__malloc_av_
                0x0000000020000440      0x408 /home/szy/gcc-arm-none-eabi-7-2017-q4-major/bin/../lib/gcc/arm-none-eabi/7.2.1/../../../../arm-none-eabi/lib/thumb/v7e-m/fpv4-sp/hard/libg.a(lib_a-mallocr.o)
                0x0000000020000440                __malloc_av_
 .data.__malloc_sbrk_base
                0x0000000020000848        0x4 /home/szy/gcc-arm-none-eabi-7-2017-q4-major/bin/../lib/gcc/arm-none-eabi/7.2.1/../../../../arm-none-eabi/lib/thumb/v7e-m/fpv4-sp/hard/libg.a(lib_a-mallocr.o)
                0x0000000020000848                __malloc_sbrk_base
 .data.__malloc_trim_threshold
                0x000000002000084c        0x4 /home/szy/gcc-arm-none-eabi-7-2017-q4-major/bin/../lib/gcc/arm-none-eabi/7.2.1/../../../../arm-none-eabi/lib/thumb/v7e-m/fpv4-sp/hard/libg.a(lib_a-mallocr.o)
                0x000000002000084c                __malloc_trim_threshold
 .data.__atexit_recursive_mutex
                0x0000000020000850        0x4 /home/szy/gcc-arm-none-eabi-7-2017-q4-major/bin/../lib/gcc/arm-none-eabi/7.2.1/../../../../arm-none-eabi/lib/thumb/v7e-m/fpv4-sp/hard/libg.a(lib_a-__call_atexit.o)
                0x0000000020000850                __atexit_recursive_mutex
 *(.RamFunc)
 *(.RamFunc*)
                0x0000000020000854                . = ALIGN (0x4)
                0x0000000020000854                _edata = .

.igot.plt       0x0000000020000854        0x0 load address 0x0000000008006618
 .igot.plt      0x0000000020000854        0x0 /home/szy/gcc-arm-none-eabi-7-2017-q4-major/bin/../lib/gcc/arm-none-eabi/7.2.1/thumb/v7e-m/fpv4-sp/hard/crtbegin.o
                0x0000000020000854                . = ALIGN (0x4)

.bss            0x0000000020000854     0x41c4 load address 0x0000000008006618
                0x0000000020000854                _sbss = .
                0x0000000020000854                __bss_start__ = _sbss
 *(.bss)
 .bss           0x0000000020000854       0x1c /home/szy/gcc-arm-none-eabi-7-2017-q4-major/bin/../lib/gcc/arm-none-eabi/7.2.1/thumb/v7e-m/fpv4-sp/hard/crtbegin.o
 *(.bss*)
 .bss.JointHandle
                0x0000000020000870        0x4 CMakeFiles/Joint_Clion.elf.dir/Core/Src/freertos.c.obj
                0x0000000020000870                JointHandle
 .bss.defaultTaskHandle
                0x0000000020000874        0x4 CMakeFiles/Joint_Clion.elf.dir/Core/Src/freertos.c.obj
                0x0000000020000874                defaultTaskHandle
 .bss.xIdleStack
                0x0000000020000878      0x200 CMakeFiles/Joint_Clion.elf.dir/Core/Src/freertos.c.obj
 .bss.xIdleTaskTCBBuffer
                0x0000000020000a78       0x54 CMakeFiles/Joint_Clion.elf.dir/Core/Src/freertos.c.obj
 .bss.htim9     0x0000000020000acc       0x48 CMakeFiles/Joint_Clion.elf.dir/Core/Src/stm32f4xx_hal_timebase_tim.c.obj
                0x0000000020000acc                htim9
 .bss.__sbrk_heap_end
                0x0000000020000b14        0x4 CMakeFiles/Joint_Clion.elf.dir/Core/Src/sysmem.c.obj
 .bss.htim1     0x0000000020000b18       0x48 CMakeFiles/Joint_Clion.elf.dir/Core/Src/tim.c.obj
                0x0000000020000b18                htim1
 .bss.hdma_usart1_rx
                0x0000000020000b60       0x60 CMakeFiles/Joint_Clion.elf.dir/Core/Src/usart.c.obj
                0x0000000020000b60                hdma_usart1_rx
 .bss.hdma_usart1_tx
                0x0000000020000bc0       0x60 CMakeFiles/Joint_Clion.elf.dir/Core/Src/usart.c.obj
                0x0000000020000bc0                hdma_usart1_tx
 .bss.huart1    0x0000000020000c20       0x44 CMakeFiles/Joint_Clion.elf.dir/Core/Src/usart.c.obj
                0x0000000020000c20                huart1
 .bss.uwTick    0x0000000020000c64        0x4 CMakeFiles/Joint_Clion.elf.dir/Drivers/STM32F4xx_HAL_Driver/Src/stm32f4xx_hal.c.obj
                0x0000000020000c64                uwTick
 .bss.ucMaxSysCallPriority
                0x0000000020000c68        0x1 CMakeFiles/Joint_Clion.elf.dir/Middlewares/Third_Party/FreeRTOS/Source/portable/GCC/ARM_CM4F/port.c.obj
 *fill*         0x0000000020000c69        0x3 
 .bss.ulMaxPRIGROUPValue
                0x0000000020000c6c        0x4 CMakeFiles/Joint_Clion.elf.dir/Middlewares/Third_Party/FreeRTOS/Source/portable/GCC/ARM_CM4F/port.c.obj
 .bss.pxEnd     0x0000000020000c70        0x4 CMakeFiles/Joint_Clion.elf.dir/Middlewares/Third_Party/FreeRTOS/Source/portable/MemMang/heap_4.c.obj
 .bss.ucHeap    0x0000000020000c74     0x3c00 CMakeFiles/Joint_Clion.elf.dir/Middlewares/Third_Party/FreeRTOS/Source/portable/MemMang/heap_4.c.obj
 .bss.xBlockAllocatedBit
                0x0000000020004874        0x4 CMakeFiles/Joint_Clion.elf.dir/Middlewares/Third_Party/FreeRTOS/Source/portable/MemMang/heap_4.c.obj
 .bss.xFreeBytesRemaining
                0x0000000020004878        0x4 CMakeFiles/Joint_Clion.elf.dir/Middlewares/Third_Party/FreeRTOS/Source/portable/MemMang/heap_4.c.obj
 .bss.xMinimumEverFreeBytesRemaining
                0x000000002000487c        0x4 CMakeFiles/Joint_Clion.elf.dir/Middlewares/Third_Party/FreeRTOS/Source/portable/MemMang/heap_4.c.obj
 .bss.xNumberOfSuccessfulAllocations
                0x0000000020004880        0x4 CMakeFiles/Joint_Clion.elf.dir/Middlewares/Third_Party/FreeRTOS/Source/portable/MemMang/heap_4.c.obj
 .bss.xNumberOfSuccessfulFrees
                0x0000000020004884        0x4 CMakeFiles/Joint_Clion.elf.dir/Middlewares/Third_Party/FreeRTOS/Source/portable/MemMang/heap_4.c.obj
 .bss.xStart    0x0000000020004888        0x8 CMakeFiles/Joint_Clion.elf.dir/Middlewares/Third_Party/FreeRTOS/Source/portable/MemMang/heap_4.c.obj
 .bss.pxCurrentTCB
                0x0000000020004890        0x4 CMakeFiles/Joint_Clion.elf.dir/Middlewares/Third_Party/FreeRTOS/Source/tasks.c.obj
                0x0000000020004890                pxCurrentTCB
 .bss.pxDelayedTaskList
                0x0000000020004894        0x4 CMakeFiles/Joint_Clion.elf.dir/Middlewares/Third_Party/FreeRTOS/Source/tasks.c.obj
 .bss.pxOverflowDelayedTaskList
                0x0000000020004898        0x4 CMakeFiles/Joint_Clion.elf.dir/Middlewares/Third_Party/FreeRTOS/Source/tasks.c.obj
 .bss.pxReadyTasksLists
                0x000000002000489c       0x8c CMakeFiles/Joint_Clion.elf.dir/Middlewares/Third_Party/FreeRTOS/Source/tasks.c.obj
 .bss.uxCurrentNumberOfTasks
                0x0000000020004928        0x4 CMakeFiles/Joint_Clion.elf.dir/Middlewares/Third_Party/FreeRTOS/Source/tasks.c.obj
 .bss.uxDeletedTasksWaitingCleanUp
                0x000000002000492c        0x4 CMakeFiles/Joint_Clion.elf.dir/Middlewares/Third_Party/FreeRTOS/Source/tasks.c.obj
 .bss.uxSchedulerSuspended
                0x0000000020004930        0x4 CMakeFiles/Joint_Clion.elf.dir/Middlewares/Third_Party/FreeRTOS/Source/tasks.c.obj
 .bss.uxTaskNumber
                0x0000000020004934        0x4 CMakeFiles/Joint_Clion.elf.dir/Middlewares/Third_Party/FreeRTOS/Source/tasks.c.obj
 .bss.uxTopReadyPriority
                0x0000000020004938        0x4 CMakeFiles/Joint_Clion.elf.dir/Middlewares/Third_Party/FreeRTOS/Source/tasks.c.obj
 .bss.xDelayedTaskList1
                0x000000002000493c       0x14 CMakeFiles/Joint_Clion.elf.dir/Middlewares/Third_Party/FreeRTOS/Source/tasks.c.obj
 .bss.xDelayedTaskList2
                0x0000000020004950       0x14 CMakeFiles/Joint_Clion.elf.dir/Middlewares/Third_Party/FreeRTOS/Source/tasks.c.obj
 .bss.xNextTaskUnblockTime
                0x0000000020004964        0x4 CMakeFiles/Joint_Clion.elf.dir/Middlewares/Third_Party/FreeRTOS/Source/tasks.c.obj
 .bss.xNumOfOverflows
                0x0000000020004968        0x4 CMakeFiles/Joint_Clion.elf.dir/Middlewares/Third_Party/FreeRTOS/Source/tasks.c.obj
 .bss.xPendedTicks
                0x000000002000496c        0x4 CMakeFiles/Joint_Clion.elf.dir/Middlewares/Third_Party/FreeRTOS/Source/tasks.c.obj
 .bss.xPendingReadyList
                0x0000000020004970       0x14 CMakeFiles/Joint_Clion.elf.dir/Middlewares/Third_Party/FreeRTOS/Source/tasks.c.obj
 .bss.xSchedulerRunning
                0x0000000020004984        0x4 CMakeFiles/Joint_Clion.elf.dir/Middlewares/Third_Party/FreeRTOS/Source/tasks.c.obj
 .bss.xSuspendedTaskList
                0x0000000020004988       0x14 CMakeFiles/Joint_Clion.elf.dir/Middlewares/Third_Party/FreeRTOS/Source/tasks.c.obj
 .bss.xTasksWaitingTermination
                0x000000002000499c       0x14 CMakeFiles/Joint_Clion.elf.dir/Middlewares/Third_Party/FreeRTOS/Source/tasks.c.obj
 .bss.xTickCount
                0x00000000200049b0        0x4 CMakeFiles/Joint_Clion.elf.dir/Middlewares/Third_Party/FreeRTOS/Source/tasks.c.obj
 .bss.xYieldPending
                0x00000000200049b4        0x4 CMakeFiles/Joint_Clion.elf.dir/Middlewares/Third_Party/FreeRTOS/Source/tasks.c.obj
 .bss.fac_us    0x00000000200049b8        0x1 CMakeFiles/Joint_Clion.elf.dir/bsp/delay.c.obj
 .bss.IIC_InitDone
                0x00000000200049b9        0x1 CMakeFiles/Joint_Clion.elf.dir/bsp/myiic.c.obj
 *fill*         0x00000000200049ba        0x2 
 .bss.__malloc_current_mallinfo
                0x00000000200049bc       0x28 /home/szy/gcc-arm-none-eabi-7-2017-q4-major/bin/../lib/gcc/arm-none-eabi/7.2.1/../../../../arm-none-eabi/lib/thumb/v7e-m/fpv4-sp/hard/libg.a(lib_a-mallocr.o)
                0x00000000200049bc                __malloc_current_mallinfo
 .bss.__malloc_max_sbrked_mem
                0x00000000200049e4        0x4 /home/szy/gcc-arm-none-eabi-7-2017-q4-major/bin/../lib/gcc/arm-none-eabi/7.2.1/../../../../arm-none-eabi/lib/thumb/v7e-m/fpv4-sp/hard/libg.a(lib_a-mallocr.o)
                0x00000000200049e4                __malloc_max_sbrked_mem
 .bss.__malloc_max_total_mem
                0x00000000200049e8        0x4 /home/szy/gcc-arm-none-eabi-7-2017-q4-major/bin/../lib/gcc/arm-none-eabi/7.2.1/../../../../arm-none-eabi/lib/thumb/v7e-m/fpv4-sp/hard/libg.a(lib_a-mallocr.o)
                0x00000000200049e8                __malloc_max_total_mem
 .bss.__malloc_top_pad
                0x00000000200049ec        0x4 /home/szy/gcc-arm-none-eabi-7-2017-q4-major/bin/../lib/gcc/arm-none-eabi/7.2.1/../../../../arm-none-eabi/lib/thumb/v7e-m/fpv4-sp/hard/libg.a(lib_a-mallocr.o)
                0x00000000200049ec                __malloc_top_pad
 *(COMMON)
 COMMON         0x00000000200049f0       0x21 /home/szy/gcc-arm-none-eabi-7-2017-q4-major/bin/../lib/gcc/arm-none-eabi/7.2.1/../../../../arm-none-eabi/lib/thumb/v7e-m/fpv4-sp/hard/libg.a(lib_a-lock.o)
                0x00000000200049f0                __lock___atexit_recursive_mutex
                0x00000000200049f4                __lock___arc4random_mutex
                0x00000000200049f8                __lock___env_recursive_mutex
                0x00000000200049fc                __lock___sinit_recursive_mutex
                0x0000000020004a00                __lock___malloc_recursive_mutex
                0x0000000020004a04                __lock___at_quick_exit_mutex
                0x0000000020004a08                __lock___dd_hash_mutex
                0x0000000020004a0c                __lock___tz_mutex
                0x0000000020004a10                __lock___sfp_recursive_mutex
 *fill*         0x0000000020004a11        0x3 
 COMMON         0x0000000020004a14        0x4 /home/szy/gcc-arm-none-eabi-7-2017-q4-major/bin/../lib/gcc/arm-none-eabi/7.2.1/../../../../arm-none-eabi/lib/thumb/v7e-m/fpv4-sp/hard/libg.a(lib_a-reent.o)
                0x0000000020004a14                errno
                0x0000000020004a18                . = ALIGN (0x4)
                0x0000000020004a18                _ebss = .
                0x0000000020004a18                __bss_end__ = _ebss

._user_heap_stack
                0x0000000020004a18      0x600 load address 0x0000000008006618
                0x0000000020004a18                . = ALIGN (0x8)
                [!provide]                        PROVIDE (end, .)
                0x0000000020004a18                PROVIDE (_end, .)
                0x0000000020004c18                . = (. + _Min_Heap_Size)
 *fill*         0x0000000020004a18      0x200 
                0x0000000020005018                . = (. + _Min_Stack_Size)
 *fill*         0x0000000020004c18      0x400 
                0x0000000020005018                . = ALIGN (0x8)

/DISCARD/
 libc.a(*)
 libm.a(*)
 libgcc.a(*)

.ARM.attributes
                0x0000000000000000       0x30
 *(.ARM.attributes)
 .ARM.attributes
                0x0000000000000000       0x22 /home/szy/gcc-arm-none-eabi-7-2017-q4-major/bin/../lib/gcc/arm-none-eabi/7.2.1/thumb/v7e-m/fpv4-sp/hard/crti.o
 .ARM.attributes
                0x0000000000000022       0x34 /home/szy/gcc-arm-none-eabi-7-2017-q4-major/bin/../lib/gcc/arm-none-eabi/7.2.1/thumb/v7e-m/fpv4-sp/hard/crtbegin.o
 .ARM.attributes
                0x0000000000000056       0x39 CMakeFiles/Joint_Clion.elf.dir/Applications/Joint_Task.cpp.obj
 .ARM.attributes
                0x000000000000008f       0x39 CMakeFiles/Joint_Clion.elf.dir/Core/Src/dma.c.obj
 .ARM.attributes
                0x00000000000000c8       0x39 CMakeFiles/Joint_Clion.elf.dir/Core/Src/freertos.c.obj
 .ARM.attributes
                0x0000000000000101       0x39 CMakeFiles/Joint_Clion.elf.dir/Core/Src/gpio.c.obj
 .ARM.attributes
                0x000000000000013a       0x39 CMakeFiles/Joint_Clion.elf.dir/Core/Src/main.c.obj
 .ARM.attributes
                0x0000000000000173       0x39 CMakeFiles/Joint_Clion.elf.dir/Core/Src/stm32f4xx_hal_msp.c.obj
 .ARM.attributes
                0x00000000000001ac       0x39 CMakeFiles/Joint_Clion.elf.dir/Core/Src/stm32f4xx_hal_timebase_tim.c.obj
 .ARM.attributes
                0x00000000000001e5       0x39 CMakeFiles/Joint_Clion.elf.dir/Core/Src/stm32f4xx_it.c.obj
 .ARM.attributes
                0x000000000000021e       0x39 CMakeFiles/Joint_Clion.elf.dir/Core/Src/sysmem.c.obj
 .ARM.attributes
                0x0000000000000257       0x39 CMakeFiles/Joint_Clion.elf.dir/Core/Src/system_stm32f4xx.c.obj
 .ARM.attributes
                0x0000000000000290       0x39 CMakeFiles/Joint_Clion.elf.dir/Core/Src/tim.c.obj
 .ARM.attributes
                0x00000000000002c9       0x39 CMakeFiles/Joint_Clion.elf.dir/Core/Src/usart.c.obj
 .ARM.attributes
                0x0000000000000302       0x21 CMakeFiles/Joint_Clion.elf.dir/Core/Startup/startup_stm32f407ighx.s.obj
 .ARM.attributes
                0x0000000000000323       0x39 CMakeFiles/Joint_Clion.elf.dir/Drivers/STM32F4xx_HAL_Driver/Src/stm32f4xx_hal.c.obj
 .ARM.attributes
                0x000000000000035c       0x39 CMakeFiles/Joint_Clion.elf.dir/Drivers/STM32F4xx_HAL_Driver/Src/stm32f4xx_hal_cortex.c.obj
 .ARM.attributes
                0x0000000000000395       0x39 CMakeFiles/Joint_Clion.elf.dir/Drivers/STM32F4xx_HAL_Driver/Src/stm32f4xx_hal_dma.c.obj
 .ARM.attributes
                0x00000000000003ce       0x39 CMakeFiles/Joint_Clion.elf.dir/Drivers/STM32F4xx_HAL_Driver/Src/stm32f4xx_hal_gpio.c.obj
 .ARM.attributes
                0x0000000000000407       0x39 CMakeFiles/Joint_Clion.elf.dir/Drivers/STM32F4xx_HAL_Driver/Src/stm32f4xx_hal_rcc.c.obj
 .ARM.attributes
                0x0000000000000440       0x39 CMakeFiles/Joint_Clion.elf.dir/Drivers/STM32F4xx_HAL_Driver/Src/stm32f4xx_hal_tim.c.obj
 .ARM.attributes
                0x0000000000000479       0x39 CMakeFiles/Joint_Clion.elf.dir/Drivers/STM32F4xx_HAL_Driver/Src/stm32f4xx_hal_tim_ex.c.obj
 .ARM.attributes
                0x00000000000004b2       0x39 CMakeFiles/Joint_Clion.elf.dir/Drivers/STM32F4xx_HAL_Driver/Src/stm32f4xx_hal_uart.c.obj
 .ARM.attributes
                0x00000000000004eb       0x39 CMakeFiles/Joint_Clion.elf.dir/Middlewares/Third_Party/FreeRTOS/Source/CMSIS_RTOS/cmsis_os.c.obj
 .ARM.attributes
                0x0000000000000524       0x39 CMakeFiles/Joint_Clion.elf.dir/Middlewares/Third_Party/FreeRTOS/Source/list.c.obj
 .ARM.attributes
                0x000000000000055d       0x39 CMakeFiles/Joint_Clion.elf.dir/Middlewares/Third_Party/FreeRTOS/Source/portable/GCC/ARM_CM4F/port.c.obj
 .ARM.attributes
                0x0000000000000596       0x39 CMakeFiles/Joint_Clion.elf.dir/Middlewares/Third_Party/FreeRTOS/Source/portable/MemMang/heap_4.c.obj
 .ARM.attributes
                0x00000000000005cf       0x39 CMakeFiles/Joint_Clion.elf.dir/Middlewares/Third_Party/FreeRTOS/Source/tasks.c.obj
 .ARM.attributes
                0x0000000000000608       0x39 CMakeFiles/Joint_Clion.elf.dir/bsp/delay.c.obj
 .ARM.attributes
                0x0000000000000641       0x39 CMakeFiles/Joint_Clion.elf.dir/bsp/myiic.c.obj
 .ARM.attributes
                0x000000000000067a       0x39 CMakeFiles/Joint_Clion.elf.dir/component/PCA9685/PCA9685_driver.c.obj
 .ARM.attributes
                0x00000000000006b3       0x34 /home/szy/gcc-arm-none-eabi-7-2017-q4-major/bin/../lib/gcc/arm-none-eabi/7.2.1/../../../../arm-none-eabi/lib/thumb/v7e-m/fpv4-sp/hard/libm.a(lib_a-s_floor.o)
 .ARM.attributes
                0x00000000000006e7       0x22 /home/szy/gcc-arm-none-eabi-7-2017-q4-major/bin/../lib/gcc/arm-none-eabi/7.2.1/thumb/v7e-m/fpv4-sp/hard/libgcc.a(_arm_addsubdf3.o)
 .ARM.attributes
                0x0000000000000709       0x22 /home/szy/gcc-arm-none-eabi-7-2017-q4-major/bin/../lib/gcc/arm-none-eabi/7.2.1/thumb/v7e-m/fpv4-sp/hard/libgcc.a(_arm_cmpdf2.o)
 .ARM.attributes
                0x000000000000072b       0x22 /home/szy/gcc-arm-none-eabi-7-2017-q4-major/bin/../lib/gcc/arm-none-eabi/7.2.1/thumb/v7e-m/fpv4-sp/hard/libgcc.a(_arm_fixunsdfsi.o)
 .ARM.attributes
                0x000000000000074d       0x22 /home/szy/gcc-arm-none-eabi-7-2017-q4-major/bin/../lib/gcc/arm-none-eabi/7.2.1/thumb/v7e-m/fpv4-sp/hard/libgcc.a(_aeabi_uldivmod.o)
 .ARM.attributes
                0x000000000000076f       0x34 /home/szy/gcc-arm-none-eabi-7-2017-q4-major/bin/../lib/gcc/arm-none-eabi/7.2.1/thumb/v7e-m/fpv4-sp/hard/libgcc.a(_udivmoddi4.o)
 .ARM.attributes
                0x00000000000007a3       0x22 /home/szy/gcc-arm-none-eabi-7-2017-q4-major/bin/../lib/gcc/arm-none-eabi/7.2.1/thumb/v7e-m/fpv4-sp/hard/libgcc.a(_dvmd_tls.o)
 .ARM.attributes
                0x00000000000007c5       0x34 /home/szy/gcc-arm-none-eabi-7-2017-q4-major/bin/../lib/gcc/arm-none-eabi/7.2.1/../../../../arm-none-eabi/lib/thumb/v7e-m/fpv4-sp/hard/libg.a(lib_a-errno.o)
 .ARM.attributes
                0x00000000000007f9       0x34 /home/szy/gcc-arm-none-eabi-7-2017-q4-major/bin/../lib/gcc/arm-none-eabi/7.2.1/../../../../arm-none-eabi/lib/thumb/v7e-m/fpv4-sp/hard/libg.a(lib_a-impure.o)
 .ARM.attributes
                0x000000000000082d       0x34 /home/szy/gcc-arm-none-eabi-7-2017-q4-major/bin/../lib/gcc/arm-none-eabi/7.2.1/../../../../arm-none-eabi/lib/thumb/v7e-m/fpv4-sp/hard/libg.a(lib_a-init.o)
 .ARM.attributes
                0x0000000000000861       0x34 /home/szy/gcc-arm-none-eabi-7-2017-q4-major/bin/../lib/gcc/arm-none-eabi/7.2.1/../../../../arm-none-eabi/lib/thumb/v7e-m/fpv4-sp/hard/libg.a(lib_a-malloc.o)
 .ARM.attributes
                0x0000000000000895       0x34 /home/szy/gcc-arm-none-eabi-7-2017-q4-major/bin/../lib/gcc/arm-none-eabi/7.2.1/../../../../arm-none-eabi/lib/thumb/v7e-m/fpv4-sp/hard/libg.a(lib_a-mallocr.o)
 .ARM.attributes
                0x00000000000008c9       0x34 /home/szy/gcc-arm-none-eabi-7-2017-q4-major/bin/../lib/gcc/arm-none-eabi/7.2.1/../../../../arm-none-eabi/lib/thumb/v7e-m/fpv4-sp/hard/libg.a(lib_a-memset.o)
 .ARM.attributes
                0x00000000000008fd       0x34 /home/szy/gcc-arm-none-eabi-7-2017-q4-major/bin/../lib/gcc/arm-none-eabi/7.2.1/../../../../arm-none-eabi/lib/thumb/v7e-m/fpv4-sp/hard/libg.a(lib_a-mlock.o)
 .ARM.attributes
                0x0000000000000931       0x34 /home/szy/gcc-arm-none-eabi-7-2017-q4-major/bin/../lib/gcc/arm-none-eabi/7.2.1/../../../../arm-none-eabi/lib/thumb/v7e-m/fpv4-sp/hard/libg.a(lib_a-sbrkr.o)
 .ARM.attributes
                0x0000000000000965       0x34 /home/szy/gcc-arm-none-eabi-7-2017-q4-major/bin/../lib/gcc/arm-none-eabi/7.2.1/../../../../arm-none-eabi/lib/thumb/v7e-m/fpv4-sp/hard/libg.a(lib_a-__call_atexit.o)
 .ARM.attributes
                0x0000000000000999       0x34 /home/szy/gcc-arm-none-eabi-7-2017-q4-major/bin/../lib/gcc/arm-none-eabi/7.2.1/../../../../arm-none-eabi/lib/thumb/v7e-m/fpv4-sp/hard/libg.a(lib_a-atexit.o)
 .ARM.attributes
                0x00000000000009cd       0x34 /home/szy/gcc-arm-none-eabi-7-2017-q4-major/bin/../lib/gcc/arm-none-eabi/7.2.1/../../../../arm-none-eabi/lib/thumb/v7e-m/fpv4-sp/hard/libg.a(lib_a-fini.o)
 .ARM.attributes
                0x0000000000000a01       0x34 /home/szy/gcc-arm-none-eabi-7-2017-q4-major/bin/../lib/gcc/arm-none-eabi/7.2.1/../../../../arm-none-eabi/lib/thumb/v7e-m/fpv4-sp/hard/libg.a(lib_a-freer.o)
 .ARM.attributes
                0x0000000000000a35       0x34 /home/szy/gcc-arm-none-eabi-7-2017-q4-major/bin/../lib/gcc/arm-none-eabi/7.2.1/../../../../arm-none-eabi/lib/thumb/v7e-m/fpv4-sp/hard/libg.a(lib_a-lock.o)
 .ARM.attributes
                0x0000000000000a69       0x34 /home/szy/gcc-arm-none-eabi-7-2017-q4-major/bin/../lib/gcc/arm-none-eabi/7.2.1/../../../../arm-none-eabi/lib/thumb/v7e-m/fpv4-sp/hard/libg.a(lib_a-reent.o)
 .ARM.attributes
                0x0000000000000a9d       0x34 /home/szy/gcc-arm-none-eabi-7-2017-q4-major/bin/../lib/gcc/arm-none-eabi/7.2.1/../../../../arm-none-eabi/lib/thumb/v7e-m/fpv4-sp/hard/libg.a(lib_a-__atexit.o)
 .ARM.attributes
                0x0000000000000ad1       0x22 /home/szy/gcc-arm-none-eabi-7-2017-q4-major/bin/../lib/gcc/arm-none-eabi/7.2.1/thumb/v7e-m/fpv4-sp/hard/crtn.o
OUTPUT(Joint_Clion.elf elf32-littlearm)

.debug_info     0x0000000000000000    0x1ab91
 .debug_info    0x0000000000000000      0xb02 CMakeFiles/Joint_Clion.elf.dir/Applications/Joint_Task.cpp.obj
 .debug_info    0x0000000000000b02      0x5e8 CMakeFiles/Joint_Clion.elf.dir/Core/Src/dma.c.obj
 .debug_info    0x00000000000010ea      0x55f CMakeFiles/Joint_Clion.elf.dir/Core/Src/freertos.c.obj
 .debug_info    0x0000000000001649      0x519 CMakeFiles/Joint_Clion.elf.dir/Core/Src/gpio.c.obj
 .debug_info    0x0000000000001b62      0xe3a CMakeFiles/Joint_Clion.elf.dir/Core/Src/main.c.obj
 .debug_info    0x000000000000299c      0x5b0 CMakeFiles/Joint_Clion.elf.dir/Core/Src/stm32f4xx_hal_msp.c.obj
 .debug_info    0x0000000000002f4c      0xc9b CMakeFiles/Joint_Clion.elf.dir/Core/Src/stm32f4xx_hal_timebase_tim.c.obj
 .debug_info    0x0000000000003be7      0xa40 CMakeFiles/Joint_Clion.elf.dir/Core/Src/stm32f4xx_it.c.obj
 .debug_info    0x0000000000004627      0x9a1 CMakeFiles/Joint_Clion.elf.dir/Core/Src/sysmem.c.obj
 .debug_info    0x0000000000004fc8      0x555 CMakeFiles/Joint_Clion.elf.dir/Core/Src/system_stm32f4xx.c.obj
 .debug_info    0x000000000000551d     0x1041 CMakeFiles/Joint_Clion.elf.dir/Core/Src/tim.c.obj
 .debug_info    0x000000000000655e      0xd62 CMakeFiles/Joint_Clion.elf.dir/Core/Src/usart.c.obj
 .debug_info    0x00000000000072c0       0x22 CMakeFiles/Joint_Clion.elf.dir/Core/Startup/startup_stm32f407ighx.s.obj
 .debug_info    0x00000000000072e2      0x9ed CMakeFiles/Joint_Clion.elf.dir/Drivers/STM32F4xx_HAL_Driver/Src/stm32f4xx_hal.c.obj
 .debug_info    0x0000000000007ccf      0xf88 CMakeFiles/Joint_Clion.elf.dir/Drivers/STM32F4xx_HAL_Driver/Src/stm32f4xx_hal_cortex.c.obj
 .debug_info    0x0000000000008c57      0xaa9 CMakeFiles/Joint_Clion.elf.dir/Drivers/STM32F4xx_HAL_Driver/Src/stm32f4xx_hal_dma.c.obj
 .debug_info    0x0000000000009700      0x7cc CMakeFiles/Joint_Clion.elf.dir/Drivers/STM32F4xx_HAL_Driver/Src/stm32f4xx_hal_gpio.c.obj
 .debug_info    0x0000000000009ecc      0xa90 CMakeFiles/Joint_Clion.elf.dir/Drivers/STM32F4xx_HAL_Driver/Src/stm32f4xx_hal_rcc.c.obj
 .debug_info    0x000000000000a95c     0x359a CMakeFiles/Joint_Clion.elf.dir/Drivers/STM32F4xx_HAL_Driver/Src/stm32f4xx_hal_tim.c.obj
 .debug_info    0x000000000000def6     0x180b CMakeFiles/Joint_Clion.elf.dir/Drivers/STM32F4xx_HAL_Driver/Src/stm32f4xx_hal_tim_ex.c.obj
 .debug_info    0x000000000000f701     0x1a81 CMakeFiles/Joint_Clion.elf.dir/Drivers/STM32F4xx_HAL_Driver/Src/stm32f4xx_hal_uart.c.obj
 .debug_info    0x0000000000011182     0x2862 CMakeFiles/Joint_Clion.elf.dir/Middlewares/Third_Party/FreeRTOS/Source/CMSIS_RTOS/cmsis_os.c.obj
 .debug_info    0x00000000000139e4      0xad4 CMakeFiles/Joint_Clion.elf.dir/Middlewares/Third_Party/FreeRTOS/Source/list.c.obj
 .debug_info    0x00000000000144b8      0x56b CMakeFiles/Joint_Clion.elf.dir/Middlewares/Third_Party/FreeRTOS/Source/portable/GCC/ARM_CM4F/port.c.obj
 .debug_info    0x0000000000014a23      0xdad CMakeFiles/Joint_Clion.elf.dir/Middlewares/Third_Party/FreeRTOS/Source/portable/MemMang/heap_4.c.obj
 .debug_info    0x00000000000157d0     0x310c CMakeFiles/Joint_Clion.elf.dir/Middlewares/Third_Party/FreeRTOS/Source/tasks.c.obj
 .debug_info    0x00000000000188dc      0x2e5 CMakeFiles/Joint_Clion.elf.dir/bsp/delay.c.obj
 .debug_info    0x0000000000018bc1      0xc31 CMakeFiles/Joint_Clion.elf.dir/bsp/myiic.c.obj
 .debug_info    0x00000000000197f2     0x139f CMakeFiles/Joint_Clion.elf.dir/component/PCA9685/PCA9685_driver.c.obj

.debug_abbrev   0x0000000000000000     0x3b16
 .debug_abbrev  0x0000000000000000      0x1af CMakeFiles/Joint_Clion.elf.dir/Applications/Joint_Task.cpp.obj
 .debug_abbrev  0x00000000000001af      0x13d CMakeFiles/Joint_Clion.elf.dir/Core/Src/dma.c.obj
 .debug_abbrev  0x00000000000002ec      0x182 CMakeFiles/Joint_Clion.elf.dir/Core/Src/freertos.c.obj
 .debug_abbrev  0x000000000000046e      0x15f CMakeFiles/Joint_Clion.elf.dir/Core/Src/gpio.c.obj
 .debug_abbrev  0x00000000000005cd      0x20c CMakeFiles/Joint_Clion.elf.dir/Core/Src/main.c.obj
 .debug_abbrev  0x00000000000007d9      0x130 CMakeFiles/Joint_Clion.elf.dir/Core/Src/stm32f4xx_hal_msp.c.obj
 .debug_abbrev  0x0000000000000909      0x1ed CMakeFiles/Joint_Clion.elf.dir/Core/Src/stm32f4xx_hal_timebase_tim.c.obj
 .debug_abbrev  0x0000000000000af6      0x175 CMakeFiles/Joint_Clion.elf.dir/Core/Src/stm32f4xx_it.c.obj
 .debug_abbrev  0x0000000000000c6b      0x206 CMakeFiles/Joint_Clion.elf.dir/Core/Src/sysmem.c.obj
 .debug_abbrev  0x0000000000000e71      0x128 CMakeFiles/Joint_Clion.elf.dir/Core/Src/system_stm32f4xx.c.obj
 .debug_abbrev  0x0000000000000f99      0x1f3 CMakeFiles/Joint_Clion.elf.dir/Core/Src/tim.c.obj
 .debug_abbrev  0x000000000000118c      0x1e0 CMakeFiles/Joint_Clion.elf.dir/Core/Src/usart.c.obj
 .debug_abbrev  0x000000000000136c       0x12 CMakeFiles/Joint_Clion.elf.dir/Core/Startup/startup_stm32f407ighx.s.obj
 .debug_abbrev  0x000000000000137e      0x1ea CMakeFiles/Joint_Clion.elf.dir/Drivers/STM32F4xx_HAL_Driver/Src/stm32f4xx_hal.c.obj
 .debug_abbrev  0x0000000000001568      0x325 CMakeFiles/Joint_Clion.elf.dir/Drivers/STM32F4xx_HAL_Driver/Src/stm32f4xx_hal_cortex.c.obj
 .debug_abbrev  0x000000000000188d      0x28d CMakeFiles/Joint_Clion.elf.dir/Drivers/STM32F4xx_HAL_Driver/Src/stm32f4xx_hal_dma.c.obj
 .debug_abbrev  0x0000000000001b1a      0x1e4 CMakeFiles/Joint_Clion.elf.dir/Drivers/STM32F4xx_HAL_Driver/Src/stm32f4xx_hal_gpio.c.obj
 .debug_abbrev  0x0000000000001cfe      0x270 CMakeFiles/Joint_Clion.elf.dir/Drivers/STM32F4xx_HAL_Driver/Src/stm32f4xx_hal_rcc.c.obj
 .debug_abbrev  0x0000000000001f6e      0x223 CMakeFiles/Joint_Clion.elf.dir/Drivers/STM32F4xx_HAL_Driver/Src/stm32f4xx_hal_tim.c.obj
 .debug_abbrev  0x0000000000002191      0x243 CMakeFiles/Joint_Clion.elf.dir/Drivers/STM32F4xx_HAL_Driver/Src/stm32f4xx_hal_tim_ex.c.obj
 .debug_abbrev  0x00000000000023d4      0x294 CMakeFiles/Joint_Clion.elf.dir/Drivers/STM32F4xx_HAL_Driver/Src/stm32f4xx_hal_uart.c.obj
 .debug_abbrev  0x0000000000002668      0x3c0 CMakeFiles/Joint_Clion.elf.dir/Middlewares/Third_Party/FreeRTOS/Source/CMSIS_RTOS/cmsis_os.c.obj
 .debug_abbrev  0x0000000000002a28      0x220 CMakeFiles/Joint_Clion.elf.dir/Middlewares/Third_Party/FreeRTOS/Source/list.c.obj
 .debug_abbrev  0x0000000000002c48      0x23a CMakeFiles/Joint_Clion.elf.dir/Middlewares/Third_Party/FreeRTOS/Source/portable/GCC/ARM_CM4F/port.c.obj
 .debug_abbrev  0x0000000000002e82      0x326 CMakeFiles/Joint_Clion.elf.dir/Middlewares/Third_Party/FreeRTOS/Source/portable/MemMang/heap_4.c.obj
 .debug_abbrev  0x00000000000031a8      0x3ae CMakeFiles/Joint_Clion.elf.dir/Middlewares/Third_Party/FreeRTOS/Source/tasks.c.obj
 .debug_abbrev  0x0000000000003556      0x12a CMakeFiles/Joint_Clion.elf.dir/bsp/delay.c.obj
 .debug_abbrev  0x0000000000003680      0x1da CMakeFiles/Joint_Clion.elf.dir/bsp/myiic.c.obj
 .debug_abbrev  0x000000000000385a      0x2bc CMakeFiles/Joint_Clion.elf.dir/component/PCA9685/PCA9685_driver.c.obj

.debug_loc      0x0000000000000000     0xce7b
 .debug_loc     0x0000000000000000       0x21 CMakeFiles/Joint_Clion.elf.dir/Applications/Joint_Task.cpp.obj
 .debug_loc     0x0000000000000021       0x42 CMakeFiles/Joint_Clion.elf.dir/Core/Src/freertos.c.obj
 .debug_loc     0x0000000000000063       0x3a CMakeFiles/Joint_Clion.elf.dir/Core/Src/main.c.obj
 .debug_loc     0x000000000000009d       0x6a CMakeFiles/Joint_Clion.elf.dir/Core/Src/stm32f4xx_hal_timebase_tim.c.obj
 .debug_loc     0x0000000000000107       0x58 CMakeFiles/Joint_Clion.elf.dir/Core/Src/sysmem.c.obj
 .debug_loc     0x000000000000015f      0x13e CMakeFiles/Joint_Clion.elf.dir/Core/Src/system_stm32f4xx.c.obj
 .debug_loc     0x000000000000029d       0x95 CMakeFiles/Joint_Clion.elf.dir/Core/Src/tim.c.obj
 .debug_loc     0x0000000000000332       0x63 CMakeFiles/Joint_Clion.elf.dir/Core/Src/usart.c.obj
 .debug_loc     0x0000000000000395      0x11b CMakeFiles/Joint_Clion.elf.dir/Drivers/STM32F4xx_HAL_Driver/Src/stm32f4xx_hal.c.obj